******************************************************************************
                  TI ARM Linker PC v18.12.2                    
******************************************************************************
>> Linked Thu Nov 14 20:38:32 2019

OUTPUT FILE NAME:   <I2C_BitBang.out>
ENTRY POINT SYMBOL: "_c_int00_noargs"  address: 000043ad


MEMORY CONFIGURATION

         name            origin    length      used     unused   attr    fill
----------------------  --------  ---------  --------  --------  ----  --------
  MAIN                  00000000   00040000  00004968  0003b698  R  X
  INFO                  00200000   00004000  00000000  00004000  R  X
  SRAM_CODE             01000000   00010000  00000513  0000faed  RW X
  SRAM_DATA             20000000   00010000  00000513  0000faed  RW  


SEGMENT ALLOCATION MAP

run origin  load origin   length   init length attrs members
----------  ----------- ---------- ----------- ----- -------
00000000    00000000    00004968   00004968    r-x
  00000000    00000000    000000e4   000000e4    r-- .intvecs
  000000e4    000000e4    000045bc   000045bc    r-x .text
  000046a0    000046a0    000001e0   000001e0    r-- .const
  00004880    00004880    000000e8   000000e8    r-- .cinit
20000000    20000000    00000313   00000000    rw-
  20000000    20000000    000002dc   00000000    rw- .data
  200002dc    200002dc    00000037   00000000    rw- .bss
2000fe00    2000fe00    00000200   00000000    rw-
  2000fe00    2000fe00    00000200   00000000    rw- .stack


SECTION ALLOCATION MAP

 output                                  attributes/
section   page    origin      length       input sections
--------  ----  ----------  ----------   ----------------
.intvecs   0    00000000    000000e4     
                  00000000    000000e4     startup_msp432p401r_ccs.obj (.intvecs:retain)

.text      0    000000e4    000045bc     
                  000000e4    00000af0     rtsv7M4_T_le_v4SPD16_eabi.lib : _scanfi.c.obj (.text:__TI_scanfi)
                  00000bd4    00000a4e                                   : _printfi.c.obj (.text:__TI_printfi)
                  00001622    00000002                                   : div0.asm.obj (.text)
                  00001624    0000098c     main.obj (.text)
                  00001fb0    00000460     rtsv7M4_T_le_v4SPD16_eabi.lib : strtod.c.obj (.text:strtod)
                  00002410    00000334     system_msp432p401r.obj (.text)
                  00002744    00000270     rtsv7M4_T_le_v4SPD16_eabi.lib : _printfi.c.obj (.text:_pconv_a)
                  000029b4    000001dc                                   : strtoll.c.obj (.text:strtoll)
                  00002b90    000001d0                                   : _printfi.c.obj (.text:_pconv_g)
                  00002d60    000001b6                                   : fd_add_t2.asm.obj (.text)
                  00002f16    00000002     --HOLE-- [fill = 0]
                  00002f18    0000015c                                   : strtoull.c.obj (.text:strtoull)
                  00003074    0000013c                                   : _printfi.c.obj (.text:_pconv_e)
                  000031b0    00000136                                   : fd_div_t2.asm.obj (.text)
                  000032e6    00000002     --HOLE-- [fill = 0]
                  000032e8    00000130                                   : strtol.c.obj (.text:strtol)
                  00003418    00000124                                   : _printfi.c.obj (.text:fcvt)
                  0000353c    00000110                                   : s_scalbn.c.obj (.text:scalbn)
                  0000364c    00000110                                   : strtoul.c.obj (.text:strtoul)
                  0000375c    000000fc                                   : fd_mul_t2.asm.obj (.text)
                  00003858    000000b1                                   : _printfi.c.obj (.text:_ltostr)
                  00003909    00000003     --HOLE-- [fill = 0]
                  0000390c    000000a4     receiveByte.obj (.text)
                  000039b0    0000009c     rtsv7M4_T_le_v4SPD16_eabi.lib : memcpy_t2.asm.obj (.text)
                  00003a4c    00000098     sendByte.obj (.text)
                  00003ae4    00000096     rtsv7M4_T_le_v4SPD16_eabi.lib : ull_div_t2.asm.obj (.text)
                  00003b7a    00000086                                   : fd_cmp_t2.asm.obj (.text:__aeabi_cdcmple)
                  00003c00    00000086                                   : fd_cmp_t2.asm.obj (.text:__aeabi_cdrcmple)
                  00003c86    0000007a                                   : memset_t2.asm.obj (.text)
                  00003d00    00000074     eereset.obj (.text)
                  00003d74    0000006e     rtsv7M4_T_le_v4SPD16_eabi.lib : _printfi.c.obj (.text:_mcpy)
                  00003de2    0000006e                                   : fd_tos_t2.asm.obj (.text)
                  00003e50    00000068                                   : sscanf.c.obj (.text:_chkmbc)
                  00003eb8    00000068                                   : copy_decompress_lzss.c.obj (.text:decompress:lzss:__TI_decompress_lzss)
                  00003f20    00000064                                   : s_frexp.c.obj (.text:frexp)
                  00003f84    00000060     uartInit.obj (.text)
                  00003fe4    00000058     read.obj (.text)
                  0000403c    00000056     rtsv7M4_T_le_v4SPD16_eabi.lib : _printfi.c.obj (.text:_pconv_f)
                  00004092    00000054                                   : ltoa.c.obj (.text:ltoa)
                  000040e6    00000002     --HOLE-- [fill = 0]
                  000040e8    00000054     printMenu.obj (.text)
                  0000413c    00000052     rtsv7M4_T_le_v4SPD16_eabi.lib : _printfi.c.obj (.text:_ecpy)
                  0000418e    00000002     --HOLE-- [fill = 0]
                  00004190    0000004c                                   : atoi.c.obj (.text:atoi)
                  000041dc    0000004c                                   : snprintf.c.obj (.text:snprintf)
                  00004228    00000048                                   : fd_toi_t2.asm.obj (.text)
                  00004270    00000044                                   : autoinit.c.obj (.text:__TI_auto_init_nobinit_nopinit:__TI_auto_init_nobinit_nopinit)
                  000042b4    00000044     pageWrite.obj (.text)
                  000042f8    0000003e     rtsv7M4_T_le_v4SPD16_eabi.lib : _printfi.c.obj (.text:_fcpy)
                  00004336    00000002     --HOLE-- [fill = 0]
                  00004338    0000003c     putstr.obj (.text)
                  00004374    00000038     rtsv7M4_T_le_v4SPD16_eabi.lib : sscanf.c.obj (.text:sscanf)
                  000043ac    00000034                                   : boot_cortex_m.c.obj (.text:_c_int00_noargs:_c_int00_noargs)
                  000043e0    00000034     ack.obj (.text)
                  00004414    00000034     nack..obj (.text)
                  00004448    00000034     pinInit.obj (.text)
                  0000447c    00000034     startBit.obj (.text)
                  000044b0    00000034     stopBit.obj (.text)
                  000044e4    00000030     rtsv7M4_T_le_v4SPD16_eabi.lib : snprintf.c.obj (.text:_outs)
                  00004514    0000002e                                   : i_tofd_t2.asm.obj (.text)
                  00004542    0000002e     write.obj (.text)
                  00004570    0000001c     rtsv7M4_T_le_v4SPD16_eabi.lib : copy_zero_init.c.obj (.text:decompress:ZI:__TI_zero_init_nomemset:__TI_zero_init_nomemset)
                  0000458c    0000001c                                   : memccpy.c.obj (.text:memccpy)
                  000045a8    0000001a                                   : s_copysign.c.obj (.text:copysign)
                  000045c2    00000018                                   : snprintf.c.obj (.text:_outc)
                  000045da    00000018                                   : ll_mul_t2.asm.obj (.text)
                  000045f2    00000018                                   : strrchr.c.obj (.text:strrchr)
                  0000460a    00000016                                   : strchr.c.obj (.text:strchr)
                  00004620    00000014                                   : strcpy.c.obj (.text:strcpy)
                  00004634    00000014                                   : strlen.c.obj (.text:strlen)
                  00004648    00000012                                   : sscanf.c.obj (.text:_inpchar)
                  0000465a    00000012                                   : wcslen.c.obj (.text:wcslen)
                  0000466c    0000000e                                   : copy_decompress_none.c.obj (.text:decompress:none:__TI_decompress_none)
                  0000467a    0000000e     startup_msp432p401r_ccs.obj (.text)
                  00004688    00000008     rtsv7M4_T_le_v4SPD16_eabi.lib : errno.c.obj (.text:__aeabi_errno_addr)
                  00004690    00000008                                   : sscanf.c.obj (.text:_uninpchar)
                  00004698    00000004                                   : pre_init.c.obj (.text:_system_pre_init)
                  0000469c    00000004                                   : exit.c.obj (.text:abort:abort)

.const     0    000046a0    000001e0     
                  000046a0    00000101     rtsv7M4_T_le_v4SPD16_eabi.lib : ctype.c.obj (.const:.string:_ctypes_)
                  000047a1    00000007     --HOLE-- [fill = 0]
                  000047a8    000000c8                                   : strtod.c.obj (.const:$O1$$)
                  00004870    00000010                                   : _scanfi.c.obj (.const:$O1$$)

.cinit     0    00004880    000000e8     
                  00004880    000000bd     (.cinit..data.load) [load image, compression = lzss]
                  0000493d    00000003     --HOLE-- [fill = 0]
                  00004940    0000000c     (__TI_handler_table)
                  0000494c    00000004     --HOLE-- [fill = 0]
                  00004950    00000008     (.cinit..bss.load) [load image, compression = zero_init]
                  00004958    00000010     (__TI_cinit_table)

.init_array 
*          0    00000000    00000000     UNINITIALIZED

.binit     0    00000000    00000000     

.data      0    20000000    000002dc     UNINITIALIZED
                  20000000    00000230     printMenu.obj (.data:messages)
                  20000230    00000050     printMenu.obj (.data:uiLines)
                  20000280    00000050     main.obj (.data:wrongStringInput)
                  200002d0    00000004     main.obj (.data)
                  200002d4    00000004     rtsv7M4_T_le_v4SPD16_eabi.lib : errno.c.obj (.data)
                  200002d8    00000004     system_msp432p401r.obj (.data)

.bss       0    200002dc    00000037     UNINITIALIZED
                  200002dc    0000000c     (.common:buffer)
                  200002e8    00000008     (.common:addressConvert)
                  200002f0    00000008     (.common:expanderInput)
                  200002f8    00000008     (.common:readConvert)
                  20000300    00000002     (.common:blockNumber)
                  20000302    00000002     (.common:controlByte)
                  20000304    00000002     (.common:data)
                  20000306    00000002     (.common:endAddress)
                  20000308    00000002     (.common:i)
                  2000030a    00000002     (.common:readAddress)
                  2000030c    00000002     (.common:readValue)
                  2000030e    00000002     (.common:temp)
                  20000310    00000002     (.common:x)
                  20000312    00000001     (.common:readReceive)

.stack     0    2000fe00    00000200     UNINITIALIZED
                  2000fe00    00000004     rtsv7M4_T_le_v4SPD16_eabi.lib : boot_cortex_m.c.obj (.stack)
                  2000fe04    000001fc     --HOLE--

MODULE SUMMARY

       Module                        code    ro data   rw data
       ------                        ----    -------   -------
    .\
       main.obj                      2444    0         248    
       printMenu.obj                 84      0         1280   
       system_msp432p401r.obj        820     0         8      
       startup_msp432p401r_ccs.obj   14      228       0      
       receiveByte.obj               164     0         2      
       sendByte.obj                  152     0         0      
       eereset.obj                   116     0         0      
       uartInit.obj                  96      0         0      
       read.obj                      88      0         0      
       ack.obj                       52      0         28     
       pageWrite.obj                 68      0         0      
       putstr.obj                    60      0         0      
       nack..obj                     52      0         0      
       pinInit.obj                   52      0         0      
       startBit.obj                  52      0         0      
       stopBit.obj                   52      0         0      
       write.obj                     46      0         0      
    +--+-----------------------------+-------+---------+---------+
       Total:                        4412    228       1566   
                                                              
    C:\ti\ccs910\ccs\tools\compiler\ti-cgt-arm_18.12.2.LTS\lib\rtsv7M4_T_le_v4SPD16_eabi.lib
       _printfi.c.obj                4851    0         0      
       _scanfi.c.obj                 2800    16        0      
       strtod.c.obj                  1120    200       0      
       strtoll.c.obj                 476     0         0      
       fd_add_t2.asm.obj             438     0         0      
       strtoull.c.obj                348     0         0      
       fd_div_t2.asm.obj             310     0         0      
       strtol.c.obj                  304     0         0      
       s_scalbn.c.obj                272     0         0      
       strtoul.c.obj                 272     0         0      
       fd_cmp_t2.asm.obj             268     0         0      
       ctype.c.obj                   0       257       0      
       fd_mul_t2.asm.obj             252     0         0      
       sscanf.c.obj                  186     0         0      
       memcpy_t2.asm.obj             156     0         0      
       ull_div_t2.asm.obj            150     0         0      
       snprintf.c.obj                148     0         0      
       memset_t2.asm.obj             122     0         0      
       fd_tos_t2.asm.obj             110     0         0      
       copy_decompress_lzss.c.obj    104     0         0      
       s_frexp.c.obj                 100     0         0      
       ltoa.c.obj                    84      0         0      
       atoi.c.obj                    76      0         0      
       fd_toi_t2.asm.obj             72      0         0      
       autoinit.c.obj                68      0         0      
       boot_cortex_m.c.obj           52      0         0      
       i_tofd_t2.asm.obj             46      0         0      
       copy_zero_init.c.obj          28      0         0      
       memccpy.c.obj                 28      0         0      
       s_copysign.c.obj              26      0         0      
       ll_mul_t2.asm.obj             24      0         0      
       strrchr.c.obj                 24      0         0      
       strchr.c.obj                  22      0         0      
       strcpy.c.obj                  20      0         0      
       strlen.c.obj                  20      0         0      
       wcslen.c.obj                  18      0         0      
       errno.c.obj                   8       0         8      
       copy_decompress_none.c.obj    14      0         0      
       exit.c.obj                    4       0         0      
       pre_init.c.obj                4       0         0      
       div0.asm.obj                  2       0         0      
    +--+-----------------------------+-------+---------+---------+
       Total:                        13427   473       8      
                                                              
       Stack:                        0       0         1024   
       Linker Generated:             0       225       0      
    +--+-----------------------------+-------+---------+---------+
       Grand Total:                  17839   926       2598   


LINKER GENERATED COPY TABLES

__TI_cinit_table @ 00004958 records: 2, size/record: 8, table size: 16
	.data: load addr=00004880, load size=000000bd bytes, run addr=20000000, run size=000002dc bytes, compression=lzss
	.bss: load addr=00004950, load size=00000008 bytes, run addr=200002dc, run size=00000037 bytes, compression=zero_init


LINKER GENERATED HANDLER TABLE

__TI_handler_table @ 00004940 records: 3, size/record: 4, table size: 12
	index: 0, handler: __TI_decompress_lzss
	index: 1, handler: __TI_decompress_none
	index: 2, handler: __TI_zero_init


GLOBAL SYMBOLS: SORTED ALPHABETICALLY BY Name 

address   name                          
-------   ----                          
00004687  ADC14_IRQHandler              
00004687  AES256_IRQHandler             
00004687  BusFault_Handler              
0000469d  C$$EXIT                       
00004687  COMP_E0_IRQHandler            
00004687  COMP_E1_IRQHandler            
00004687  CS_IRQHandler                 
00004687  DMA_ERR_IRQHandler            
00004687  DMA_INT0_IRQHandler           
00004687  DMA_INT1_IRQHandler           
00004687  DMA_INT2_IRQHandler           
00004687  DMA_INT3_IRQHandler           
00004687  DebugMon_Handler              
00004687  Default_Handler               
00001ef5  EUSCIA0_IRQHandler            
00001ef5  EUSCIA0_IRQHandler            
00004687  EUSCIA1_IRQHandler            
00004687  EUSCIA2_IRQHandler            
00004687  EUSCIA3_IRQHandler            
00004687  EUSCIB0_IRQHandler            
00004687  EUSCIB1_IRQHandler            
00004687  EUSCIB2_IRQHandler            
00004687  EUSCIB3_IRQHandler            
00004687  FLCTL_IRQHandler              
00004687  FPU_IRQHandler                
00004687  HardFault_Handler             
00004687  MemManage_Handler             
00004687  NMI_Handler                   
00004687  PCM_IRQHandler                
00001f2d  PORT1_IRQHandler              
00001f2d  PORT1_IRQHandler              
00004687  PORT2_IRQHandler              
00004687  PORT3_IRQHandler              
00004687  PORT4_IRQHandler              
00004687  PORT5_IRQHandler              
00004687  PORT6_IRQHandler              
00004687  PSS_IRQHandler                
00004687  PendSV_Handler                
00004687  RTC_C_IRQHandler              
0000467b  Reset_Handler                 
00004687  SVC_Handler                   
00004687  SysTick_Handler               
200002d8  SystemCoreClock               
00002411  SystemCoreClockUpdate         
00002689  SystemInit                    
00004687  T32_INT1_IRQHandler           
00004687  T32_INT2_IRQHandler           
00004687  T32_INTC_IRQHandler           
00004687  TA0_0_IRQHandler              
00004687  TA0_N_IRQHandler              
00004687  TA1_0_IRQHandler              
00004687  TA1_N_IRQHandler              
00004687  TA2_0_IRQHandler              
00004687  TA2_N_IRQHandler              
00004687  TA3_0_IRQHandler              
00004687  TA3_N_IRQHandler              
00004687  UsageFault_Handler            
4000480c  WDTCTL_SYM                    
00004687  WDT_A_IRQHandler              
20010000  __STACK_END                   
00000200  __STACK_SIZE                  
00004958  __TI_CINIT_Base               
00004968  __TI_CINIT_Limit              
00004940  __TI_Handler_Table_Base       
0000494c  __TI_Handler_Table_Limit      
00004271  __TI_auto_init_nobinit_nopinit
00003eb9  __TI_decompress_lzss          
0000466d  __TI_decompress_none          
ffffffff  __TI_pprof_out_hndl           
00000bd5  __TI_printfi                  
ffffffff  __TI_prof_data_size           
ffffffff  __TI_prof_data_start          
000000e5  __TI_scanfi                   
00000000  __TI_static_base__            
00004571  __TI_zero_init_nomemset       
00003b7b  __aeabi_cdcmpeq               
00003b7b  __aeabi_cdcmple               
00003c01  __aeabi_cdrcmple              
00003de3  __aeabi_d2f                   
00004229  __aeabi_d2iz                  
00002d6b  __aeabi_dadd                  
000031b1  __aeabi_ddiv                  
0000375d  __aeabi_dmul                  
00002d61  __aeabi_dsub                  
00004689  __aeabi_errno_addr            
00004515  __aeabi_i2d                   
00001623  __aeabi_idiv0                 
00001623  __aeabi_ldiv0                 
000045db  __aeabi_lmul                  
00003c87  __aeabi_memclr                
00003c87  __aeabi_memclr4               
00003c87  __aeabi_memclr8               
000039b1  __aeabi_memcpy                
000039b1  __aeabi_memcpy4               
000039b1  __aeabi_memcpy8               
00003c89  __aeabi_memset                
00003c89  __aeabi_memset4               
00003c89  __aeabi_memset8               
00003ae5  __aeabi_uldivmod              
ffffffff  __binit__                     
ffffffff  __c_args__                    
UNDEFED   __mpu_init                    
2000fe00  __stack                       
000043ad  _c_int00_noargs               
000046a0  _ctypes_                      
UNDEFED   _system_post_cinit            
00004699  _system_pre_init              
0000469d  abort                         
000043e1  ack                           
200002e8  addressConvert                
00004191  atoi                          
ffffffff  binit                         
20000300  blockNumber                   
200002dc  buffer                        
20000302  controlByte                   
000045a9  copysign                      
000045a9  copysignl                     
20000304  data                          
00003d01  eereset                       
20000306  endAddress                    
200002d4  errno                         
200002f0  expanderInput                 
00003f21  frexp                         
00003f21  frexpl                        
00001625  getstr                        
20000308  i                             
200002d1  inputReady1                   
200002d2  inputReady2                   
200002d3  interruptCheck                
00000000  interruptVectors              
0000353d  ldexp                         
0000353d  ldexpl                        
00004093  ltoa                          
00001739  main                          
0000458d  memccpy                       
000039b1  memcpy                        
00003c8f  memset                        
20000000  messages                      
00004415  nack                          
000042b5  pageWrite                     
00004449  pinInit                       
000040e9  printMenu                     
00004339  putstr                        
00003fe5  read                          
2000030a  readAddress                   
200002d0  readCheck                     
200002f8  readConvert                   
20000312  readReceive                   
2000030c  readValue                     
0000390d  receiveByte                   
0000353d  scalbn                        
0000353d  scalbnl                       
00003a4d  sendByte                      
000041dd  snprintf                      
00004375  sscanf                        
0000447d  startBit                      
000044b1  stopBit                       
0000460b  strchr                        
00004621  strcpy                        
00004635  strlen                        
000045f3  strrchr                       
00001fb1  strtod                        
000032e9  strtol                        
00001fb1  strtold                       
000029b5  strtoll                       
0000364d  strtoul                       
00002f19  strtoull                      
2000030e  temp                          
00003f85  uartInit                      
20000230  uiLines                       
0000465b  wcslen                        
00004543  write                         
20000280  wrongStringInput              
20000310  x                             


GLOBAL SYMBOLS: SORTED BY Symbol Address 

address   name                          
-------   ----                          
00000000  __TI_static_base__            
00000000  interruptVectors              
000000e5  __TI_scanfi                   
00000200  __STACK_SIZE                  
00000bd5  __TI_printfi                  
00001623  __aeabi_idiv0                 
00001623  __aeabi_ldiv0                 
00001625  getstr                        
00001739  main                          
00001ef5  EUSCIA0_IRQHandler            
00001ef5  EUSCIA0_IRQHandler            
00001f2d  PORT1_IRQHandler              
00001f2d  PORT1_IRQHandler              
00001fb1  strtod                        
00001fb1  strtold                       
00002411  SystemCoreClockUpdate         
00002689  SystemInit                    
000029b5  strtoll                       
00002d61  __aeabi_dsub                  
00002d6b  __aeabi_dadd                  
00002f19  strtoull                      
000031b1  __aeabi_ddiv                  
000032e9  strtol                        
0000353d  ldexp                         
0000353d  ldexpl                        
0000353d  scalbn                        
0000353d  scalbnl                       
0000364d  strtoul                       
0000375d  __aeabi_dmul                  
0000390d  receiveByte                   
000039b1  __aeabi_memcpy                
000039b1  __aeabi_memcpy4               
000039b1  __aeabi_memcpy8               
000039b1  memcpy                        
00003a4d  sendByte                      
00003ae5  __aeabi_uldivmod              
00003b7b  __aeabi_cdcmpeq               
00003b7b  __aeabi_cdcmple               
00003c01  __aeabi_cdrcmple              
00003c87  __aeabi_memclr                
00003c87  __aeabi_memclr4               
00003c87  __aeabi_memclr8               
00003c89  __aeabi_memset                
00003c89  __aeabi_memset4               
00003c89  __aeabi_memset8               
00003c8f  memset                        
00003d01  eereset                       
00003de3  __aeabi_d2f                   
00003eb9  __TI_decompress_lzss          
00003f21  frexp                         
00003f21  frexpl                        
00003f85  uartInit                      
00003fe5  read                          
00004093  ltoa                          
000040e9  printMenu                     
00004191  atoi                          
000041dd  snprintf                      
00004229  __aeabi_d2iz                  
00004271  __TI_auto_init_nobinit_nopinit
000042b5  pageWrite                     
00004339  putstr                        
00004375  sscanf                        
000043ad  _c_int00_noargs               
000043e1  ack                           
00004415  nack                          
00004449  pinInit                       
0000447d  startBit                      
000044b1  stopBit                       
00004515  __aeabi_i2d                   
00004543  write                         
00004571  __TI_zero_init_nomemset       
0000458d  memccpy                       
000045a9  copysign                      
000045a9  copysignl                     
000045db  __aeabi_lmul                  
000045f3  strrchr                       
0000460b  strchr                        
00004621  strcpy                        
00004635  strlen                        
0000465b  wcslen                        
0000466d  __TI_decompress_none          
0000467b  Reset_Handler                 
00004687  ADC14_IRQHandler              
00004687  AES256_IRQHandler             
00004687  BusFault_Handler              
00004687  COMP_E0_IRQHandler            
00004687  COMP_E1_IRQHandler            
00004687  CS_IRQHandler                 
00004687  DMA_ERR_IRQHandler            
00004687  DMA_INT0_IRQHandler           
00004687  DMA_INT1_IRQHandler           
00004687  DMA_INT2_IRQHandler           
00004687  DMA_INT3_IRQHandler           
00004687  DebugMon_Handler              
00004687  Default_Handler               
00004687  EUSCIA1_IRQHandler            
00004687  EUSCIA2_IRQHandler            
00004687  EUSCIA3_IRQHandler            
00004687  EUSCIB0_IRQHandler            
00004687  EUSCIB1_IRQHandler            
00004687  EUSCIB2_IRQHandler            
00004687  EUSCIB3_IRQHandler            
00004687  FLCTL_IRQHandler              
00004687  FPU_IRQHandler                
00004687  HardFault_Handler             
00004687  MemManage_Handler             
00004687  NMI_Handler                   
00004687  PCM_IRQHandler                
00004687  PORT2_IRQHandler              
00004687  PORT3_IRQHandler              
00004687  PORT4_IRQHandler              
00004687  PORT5_IRQHandler              
00004687  PORT6_IRQHandler              
00004687  PSS_IRQHandler                
00004687  PendSV_Handler                
00004687  RTC_C_IRQHandler              
00004687  SVC_Handler                   
00004687  SysTick_Handler               
00004687  T32_INT1_IRQHandler           
00004687  T32_INT2_IRQHandler           
00004687  T32_INTC_IRQHandler           
00004687  TA0_0_IRQHandler              
00004687  TA0_N_IRQHandler              
00004687  TA1_0_IRQHandler              
00004687  TA1_N_IRQHandler              
00004687  TA2_0_IRQHandler              
00004687  TA2_N_IRQHandler              
00004687  TA3_0_IRQHandler              
00004687  TA3_N_IRQHandler              
00004687  UsageFault_Handler            
00004687  WDT_A_IRQHandler              
00004689  __aeabi_errno_addr            
00004699  _system_pre_init              
0000469d  C$$EXIT                       
0000469d  abort                         
000046a0  _ctypes_                      
00004940  __TI_Handler_Table_Base       
0000494c  __TI_Handler_Table_Limit      
00004958  __TI_CINIT_Base               
00004968  __TI_CINIT_Limit              
20000000  messages                      
20000230  uiLines                       
20000280  wrongStringInput              
200002d0  readCheck                     
200002d1  inputReady1                   
200002d2  inputReady2                   
200002d3  interruptCheck                
200002d4  errno                         
200002d8  SystemCoreClock               
200002dc  buffer                        
200002e8  addressConvert                
200002f0  expanderInput                 
200002f8  readConvert                   
20000300  blockNumber                   
20000302  controlByte                   
20000304  data                          
20000306  endAddress                    
20000308  i                             
2000030a  readAddress                   
2000030c  readValue                     
2000030e  temp                          
20000310  x                             
20000312  readReceive                   
2000fe00  __stack                       
20010000  __STACK_END                   
4000480c  WDTCTL_SYM                    
ffffffff  __TI_pprof_out_hndl           
ffffffff  __TI_prof_data_size           
ffffffff  __TI_prof_data_start          
ffffffff  __binit__                     
ffffffff  __c_args__                    
ffffffff  binit                         
UNDEFED   __mpu_init                    
UNDEFED   _system_post_cinit            

[174 symbols]
