******************************************************************************
                  TI ARM Linker PC v18.12.2                    
******************************************************************************
>> Linked Tue Nov 12 01:07:02 2019

OUTPUT FILE NAME:   <I2C_BitBang.out>
ENTRY POINT SYMBOL: "_c_int00_noargs"  address: 00003b81


MEMORY CONFIGURATION

         name            origin    length      used     unused   attr    fill
----------------------  --------  ---------  --------  --------  ----  --------
  MAIN                  00000000   00040000  000040e4  0003bf1c  R  X
  INFO                  00200000   00004000  00000000  00004000  R  X
  SRAM_CODE             01000000   00010000  000004a6  0000fb5a  RW X
  SRAM_DATA             20000000   00010000  000004a6  0000fb5a  RW  


SEGMENT ALLOCATION MAP

run origin  load origin   length   init length attrs members
----------  ----------- ---------- ----------- ----- -------
00000000    00000000    000040e8   000040e8    r-x
  00000000    00000000    000000e4   000000e4    r-- .intvecs
  000000e4    000000e4    00003d48   00003d48    r-x .text
  00003e30    00003e30    000001e0   000001e0    r-- .const
  00004010    00004010    000000d8   000000d8    r-- .cinit
20000000    20000000    000002a6   00000000    rw-
  20000000    20000000    0000028c   00000000    rw- .data
  2000028c    2000028c    0000001a   00000000    rw- .bss
2000fe00    2000fe00    00000200   00000000    rw-
  2000fe00    2000fe00    00000200   00000000    rw- .stack


SECTION ALLOCATION MAP

 output                                  attributes/
section   page    origin      length       input sections
--------  ----  ----------  ----------   ----------------
.intvecs   0    00000000    000000e4     
                  00000000    000000e4     startup_msp432p401r_ccs.obj (.intvecs:retain)

.text      0    000000e4    00003d48     
                  000000e4    00000af0     rtsv7M4_T_le_v4SPD16_eabi.lib : _scanfi.c.obj (.text:__TI_scanfi)
                  00000bd4    00000a4e                                   : _printfi.c.obj (.text:__TI_printfi)
                  00001622    00000002                                   : div0.asm.obj (.text)
                  00001624    00000460                                   : strtod.c.obj (.text:strtod)
                  00001a84    00000334     system_msp432p401r.obj (.text)
                  00001db8    00000270     rtsv7M4_T_le_v4SPD16_eabi.lib : _printfi.c.obj (.text:_pconv_a)
                  00002028    000001dc                                   : strtoll.c.obj (.text:strtoll)
                  00002204    000001d0                                   : _printfi.c.obj (.text:_pconv_g)
                  000023d4    000001cc     main.obj (.text)
                  000025a0    000001b6     rtsv7M4_T_le_v4SPD16_eabi.lib : fd_add_t2.asm.obj (.text)
                  00002756    00000002     --HOLE-- [fill = 0]
                  00002758    0000015c                                   : strtoull.c.obj (.text:strtoull)
                  000028b4    0000013c                                   : _printfi.c.obj (.text:_pconv_e)
                  000029f0    00000136                                   : fd_div_t2.asm.obj (.text)
                  00002b26    00000002     --HOLE-- [fill = 0]
                  00002b28    00000130                                   : strtol.c.obj (.text:strtol)
                  00002c58    00000124                                   : _printfi.c.obj (.text:fcvt)
                  00002d7c    00000110                                   : s_scalbn.c.obj (.text:scalbn)
                  00002e8c    00000110                                   : strtoul.c.obj (.text:strtoul)
                  00002f9c    000000fc                                   : fd_mul_t2.asm.obj (.text)
                  00003098    000000b1                                   : _printfi.c.obj (.text:_ltostr)
                  00003149    00000003     --HOLE-- [fill = 0]
                  0000314c    000000a4     receiveByte.obj (.text)
                  000031f0    0000009c     rtsv7M4_T_le_v4SPD16_eabi.lib : memcpy_t2.asm.obj (.text)
                  0000328c    00000098     sendByte.obj (.text)
                  00003324    00000096     rtsv7M4_T_le_v4SPD16_eabi.lib : ull_div_t2.asm.obj (.text)
                  000033ba    00000086                                   : fd_cmp_t2.asm.obj (.text:__aeabi_cdcmple)
                  00003440    00000086                                   : fd_cmp_t2.asm.obj (.text:__aeabi_cdrcmple)
                  000034c6    0000007a                                   : memset_t2.asm.obj (.text)
                  00003540    0000006e                                   : _printfi.c.obj (.text:_mcpy)
                  000035ae    0000006e                                   : fd_tos_t2.asm.obj (.text)
                  0000361c    00000068                                   : sscanf.c.obj (.text:_chkmbc)
                  00003684    00000068                                   : copy_decompress_lzss.c.obj (.text:decompress:lzss:__TI_decompress_lzss)
                  000036ec    00000064                                   : s_frexp.c.obj (.text:frexp)
                  00003750    00000060     uartInit.obj (.text)
                  000037b0    0000005c     eereset.obj (.text)
                  0000380c    00000056     rtsv7M4_T_le_v4SPD16_eabi.lib : _printfi.c.obj (.text:_pconv_f)
                  00003862    00000054                                   : ltoa.c.obj (.text:ltoa)
                  000038b6    00000002     --HOLE-- [fill = 0]
                  000038b8    00000054     printMenu.obj (.text)
                  0000390c    00000052     rtsv7M4_T_le_v4SPD16_eabi.lib : _printfi.c.obj (.text:_ecpy)
                  0000395e    00000002     --HOLE-- [fill = 0]
                  00003960    0000004c                                   : atoi.c.obj (.text:atoi)
                  000039ac    0000004c                                   : snprintf.c.obj (.text:snprintf)
                  000039f8    00000048     read.obj (.text)
                  00003a40    00000048     rtsv7M4_T_le_v4SPD16_eabi.lib : fd_toi_t2.asm.obj (.text)
                  00003a88    00000044                                   : autoinit.c.obj (.text:__TI_auto_init_nobinit_nopinit:__TI_auto_init_nobinit_nopinit)
                  00003acc    0000003e                                   : _printfi.c.obj (.text:_fcpy)
                  00003b0a    00000002     --HOLE-- [fill = 0]
                  00003b0c    0000003c     putstr.obj (.text)
                  00003b48    00000038     rtsv7M4_T_le_v4SPD16_eabi.lib : sscanf.c.obj (.text:sscanf)
                  00003b80    00000034                                   : boot_cortex_m.c.obj (.text:_c_int00_noargs:_c_int00_noargs)
                  00003bb4    00000034     pinInit.obj (.text)
                  00003be8    00000034     startBit.obj (.text)
                  00003c1c    00000034     stopBit.obj (.text)
                  00003c50    00000032     pageWrite.obj (.text)
                  00003c82    00000030     rtsv7M4_T_le_v4SPD16_eabi.lib : snprintf.c.obj (.text:_outs)
                  00003cb2    0000002e                                   : i_tofd_t2.asm.obj (.text)
                  00003ce0    0000001c                                   : copy_zero_init.c.obj (.text:decompress:ZI:__TI_zero_init_nomemset:__TI_zero_init_nomemset)
                  00003cfc    0000001c                                   : memccpy.c.obj (.text:memccpy)
                  00003d18    0000001c     write.obj (.text)
                  00003d34    0000001a     rtsv7M4_T_le_v4SPD16_eabi.lib : s_copysign.c.obj (.text:copysign)
                  00003d4e    00000018                                   : snprintf.c.obj (.text:_outc)
                  00003d66    00000018                                   : ll_mul_t2.asm.obj (.text)
                  00003d7e    00000018                                   : strrchr.c.obj (.text:strrchr)
                  00003d96    00000016                                   : strchr.c.obj (.text:strchr)
                  00003dac    00000014                                   : strcpy.c.obj (.text:strcpy)
                  00003dc0    00000014                                   : strlen.c.obj (.text:strlen)
                  00003dd4    00000012                                   : sscanf.c.obj (.text:_inpchar)
                  00003de6    00000012                                   : wcslen.c.obj (.text:wcslen)
                  00003df8    0000000e                                   : copy_decompress_none.c.obj (.text:decompress:none:__TI_decompress_none)
                  00003e06    0000000e     startup_msp432p401r_ccs.obj (.text)
                  00003e14    00000008     rtsv7M4_T_le_v4SPD16_eabi.lib : errno.c.obj (.text:__aeabi_errno_addr)
                  00003e1c    00000008                                   : sscanf.c.obj (.text:_uninpchar)
                  00003e24    00000004                                   : pre_init.c.obj (.text:_system_pre_init)
                  00003e28    00000004                                   : exit.c.obj (.text:abort:abort)

.const     0    00003e30    000001e0     
                  00003e30    00000101     rtsv7M4_T_le_v4SPD16_eabi.lib : ctype.c.obj (.const:.string:_ctypes_)
                  00003f31    00000007     --HOLE-- [fill = 0]
                  00003f38    000000c8                                   : strtod.c.obj (.const:$O1$$)
                  00004000    00000010                                   : _scanfi.c.obj (.const:$O1$$)

.cinit     0    00004010    000000d8     
                  00004010    000000b2     (.cinit..data.load) [load image, compression = lzss]
                  000040c2    00000002     --HOLE-- [fill = 0]
                  000040c4    0000000c     (__TI_handler_table)
                  000040d0    00000008     (.cinit..bss.load) [load image, compression = zero_init]
                  000040d8    00000010     (__TI_cinit_table)

.init_array 
*          0    00000000    00000000     UNINITIALIZED

.binit     0    00000000    00000000     

.data      0    20000000    0000028c     UNINITIALIZED
                  20000000    000001e0     printMenu.obj (.data:messages)
                  200001e0    00000050     printMenu.obj (.data:uiLines)
                  20000230    00000050     main.obj (.data:wrongStringInput)
                  20000280    00000004     rtsv7M4_T_le_v4SPD16_eabi.lib : errno.c.obj (.data)
                  20000284    00000004     system_msp432p401r.obj (.data)
                  20000288    00000002     main.obj (.data)
                  2000028a    00000002     main.obj (.data:newLine)

.bss       0    2000028c    0000001a     UNINITIALIZED
                  2000028c    0000000c     (.common:buffer)
                  20000298    00000004     (.common:i)
                  2000029c    00000004     (.common:readInput)
                  200002a0    00000004     (.common:readValue)
                  200002a4    00000002     (.common:x)

.stack     0    2000fe00    00000200     UNINITIALIZED
                  2000fe00    00000004     rtsv7M4_T_le_v4SPD16_eabi.lib : boot_cortex_m.c.obj (.stack)
                  2000fe04    000001fc     --HOLE--

MODULE SUMMARY

       Module                        code    ro data   rw data
       ------                        ----    -------   -------
    .\
       printMenu.obj                 84      0         1120   
       system_msp432p401r.obj        820     0         8      
       main.obj                      460     0         184    
       startup_msp432p401r_ccs.obj   14      228       0      
       receiveByte.obj               164     0         0      
       sendByte.obj                  152     0         0      
       eereset.obj                   92      0         36     
       uartInit.obj                  96      0         0      
       read.obj                      72      0         0      
       putstr.obj                    60      0         0      
       pinInit.obj                   52      0         0      
       startBit.obj                  52      0         0      
       stopBit.obj                   52      0         0      
       pageWrite.obj                 50      0         0      
       write.obj                     28      0         0      
    +--+-----------------------------+-------+---------+---------+
       Total:                        2248    228       1348   
                                                              
    C:\ti\ccs910\ccs\tools\compiler\ti-cgt-arm_18.12.2.LTS\lib\rtsv7M4_T_le_v4SPD16_eabi.lib
       _printfi.c.obj                4851    0         0      
       _scanfi.c.obj                 2800    16        0      
       strtod.c.obj                  1120    200       0      
       strtoll.c.obj                 476     0         0      
       fd_add_t2.asm.obj             438     0         0      
       strtoull.c.obj                348     0         0      
       fd_div_t2.asm.obj             310     0         0      
       strtol.c.obj                  304     0         0      
       s_scalbn.c.obj                272     0         0      
       strtoul.c.obj                 272     0         0      
       fd_cmp_t2.asm.obj             268     0         0      
       ctype.c.obj                   0       257       0      
       fd_mul_t2.asm.obj             252     0         0      
       sscanf.c.obj                  186     0         0      
       memcpy_t2.asm.obj             156     0         0      
       ull_div_t2.asm.obj            150     0         0      
       snprintf.c.obj                148     0         0      
       memset_t2.asm.obj             122     0         0      
       fd_tos_t2.asm.obj             110     0         0      
       copy_decompress_lzss.c.obj    104     0         0      
       s_frexp.c.obj                 100     0         0      
       ltoa.c.obj                    84      0         0      
       atoi.c.obj                    76      0         0      
       fd_toi_t2.asm.obj             72      0         0      
       autoinit.c.obj                68      0         0      
       boot_cortex_m.c.obj           52      0         0      
       i_tofd_t2.asm.obj             46      0         0      
       copy_zero_init.c.obj          28      0         0      
       memccpy.c.obj                 28      0         0      
       s_copysign.c.obj              26      0         0      
       ll_mul_t2.asm.obj             24      0         0      
       strrchr.c.obj                 24      0         0      
       strchr.c.obj                  22      0         0      
       strcpy.c.obj                  20      0         0      
       strlen.c.obj                  20      0         0      
       wcslen.c.obj                  18      0         0      
       errno.c.obj                   8       0         8      
       copy_decompress_none.c.obj    14      0         0      
       exit.c.obj                    4       0         0      
       pre_init.c.obj                4       0         0      
       div0.asm.obj                  2       0         0      
    +--+-----------------------------+-------+---------+---------+
       Total:                        13427   473       8      
                                                              
       Stack:                        0       0         1024   
       Linker Generated:             0       214       0      
    +--+-----------------------------+-------+---------+---------+
       Grand Total:                  15675   915       2380   


LINKER GENERATED COPY TABLES

__TI_cinit_table @ 000040d8 records: 2, size/record: 8, table size: 16
	.data: load addr=00004010, load size=000000b2 bytes, run addr=20000000, run size=0000028c bytes, compression=lzss
	.bss: load addr=000040d0, load size=00000008 bytes, run addr=2000028c, run size=0000001a bytes, compression=zero_init


LINKER GENERATED HANDLER TABLE

__TI_handler_table @ 000040c4 records: 3, size/record: 4, table size: 12
	index: 0, handler: __TI_decompress_lzss
	index: 1, handler: __TI_decompress_none
	index: 2, handler: __TI_zero_init


GLOBAL SYMBOLS: SORTED ALPHABETICALLY BY Name 

address   name                          
-------   ----                          
00003e13  ADC14_IRQHandler              
00003e13  AES256_IRQHandler             
00003e13  BusFault_Handler              
00003e29  C$$EXIT                       
00003e13  COMP_E0_IRQHandler            
00003e13  COMP_E1_IRQHandler            
00003e13  CS_IRQHandler                 
00003e13  DMA_ERR_IRQHandler            
00003e13  DMA_INT0_IRQHandler           
00003e13  DMA_INT1_IRQHandler           
00003e13  DMA_INT2_IRQHandler           
00003e13  DMA_INT3_IRQHandler           
00003e13  DebugMon_Handler              
00003e13  Default_Handler               
0000251f  EUSCIA0_IRQHandler            
0000251f  EUSCIA0_IRQHandler            
00003e13  EUSCIA1_IRQHandler            
00003e13  EUSCIA2_IRQHandler            
00003e13  EUSCIA3_IRQHandler            
00003e13  EUSCIB0_IRQHandler            
00003e13  EUSCIB1_IRQHandler            
00003e13  EUSCIB2_IRQHandler            
00003e13  EUSCIB3_IRQHandler            
00003e13  FLCTL_IRQHandler              
00003e13  FPU_IRQHandler                
00003e13  HardFault_Handler             
00003e13  MemManage_Handler             
00003e13  NMI_Handler                   
00003e13  PCM_IRQHandler                
00003e13  PORT1_IRQHandler              
00003e13  PORT2_IRQHandler              
00003e13  PORT3_IRQHandler              
00003e13  PORT4_IRQHandler              
00003e13  PORT5_IRQHandler              
00003e13  PORT6_IRQHandler              
00003e13  PSS_IRQHandler                
00003e13  PendSV_Handler                
00003e13  RTC_C_IRQHandler              
00003e07  Reset_Handler                 
00003e13  SVC_Handler                   
00003e13  SysTick_Handler               
20000284  SystemCoreClock               
00001a85  SystemCoreClockUpdate         
00001cfd  SystemInit                    
00003e13  T32_INT1_IRQHandler           
00003e13  T32_INT2_IRQHandler           
00003e13  T32_INTC_IRQHandler           
00003e13  TA0_0_IRQHandler              
00003e13  TA0_N_IRQHandler              
00003e13  TA1_0_IRQHandler              
00003e13  TA1_N_IRQHandler              
00003e13  TA2_0_IRQHandler              
00003e13  TA2_N_IRQHandler              
00003e13  TA3_0_IRQHandler              
00003e13  TA3_N_IRQHandler              
00003e13  UsageFault_Handler            
4000480c  WDTCTL_SYM                    
00003e13  WDT_A_IRQHandler              
20010000  __STACK_END                   
00000200  __STACK_SIZE                  
000040d8  __TI_CINIT_Base               
000040e8  __TI_CINIT_Limit              
000040c4  __TI_Handler_Table_Base       
000040d0  __TI_Handler_Table_Limit      
00003a89  __TI_auto_init_nobinit_nopinit
00003685  __TI_decompress_lzss          
00003df9  __TI_decompress_none          
ffffffff  __TI_pprof_out_hndl           
00000bd5  __TI_printfi                  
ffffffff  __TI_prof_data_size           
ffffffff  __TI_prof_data_start          
000000e5  __TI_scanfi                   
00000000  __TI_static_base__            
00003ce1  __TI_zero_init_nomemset       
000033bb  __aeabi_cdcmpeq               
000033bb  __aeabi_cdcmple               
00003441  __aeabi_cdrcmple              
000035af  __aeabi_d2f                   
00003a41  __aeabi_d2iz                  
000025ab  __aeabi_dadd                  
000029f1  __aeabi_ddiv                  
00002f9d  __aeabi_dmul                  
000025a1  __aeabi_dsub                  
00003e15  __aeabi_errno_addr            
00003cb3  __aeabi_i2d                   
00001623  __aeabi_idiv0                 
00001623  __aeabi_ldiv0                 
00003d67  __aeabi_lmul                  
000034c7  __aeabi_memclr                
000034c7  __aeabi_memclr4               
000034c7  __aeabi_memclr8               
000031f1  __aeabi_memcpy                
000031f1  __aeabi_memcpy4               
000031f1  __aeabi_memcpy8               
000034c9  __aeabi_memset                
000034c9  __aeabi_memset4               
000034c9  __aeabi_memset8               
00003325  __aeabi_uldivmod              
ffffffff  __binit__                     
ffffffff  __c_args__                    
UNDEFED   __mpu_init                    
2000fe00  __stack                       
00003b81  _c_int00_noargs               
00003e30  _ctypes_                      
UNDEFED   _system_post_cinit            
00003e25  _system_pre_init              
00003e29  abort                         
00003961  atoi                          
ffffffff  binit                         
2000028c  buffer                        
00003d35  copysign                      
00003d35  copysignl                     
000037b1  eereset                       
20000280  errno                         
000036ed  frexp                         
000036ed  frexpl                        
000023d5  getstr                        
20000298  i                             
20000289  inputReady                    
00000000  interruptVectors              
00002d7d  ldexp                         
00002d7d  ldexpl                        
00003863  ltoa                          
00002455  main                          
00003cfd  memccpy                       
000031f1  memcpy                        
000034cf  memset                        
20000000  messages                      
2000028a  newLine                       
00003c51  pageWrite                     
00003bb5  pinInit                       
000038b9  printMenu                     
00003b0d  putstr                        
000039f9  read                          
20000288  readCheck                     
2000029c  readInput                     
200002a0  readValue                     
0000314d  receiveByte                   
00002d7d  scalbn                        
00002d7d  scalbnl                       
0000328d  sendByte                      
000039ad  snprintf                      
00003b49  sscanf                        
00003be9  startBit                      
00003c1d  stopBit                       
00003d97  strchr                        
00003dad  strcpy                        
00003dc1  strlen                        
00003d7f  strrchr                       
00001625  strtod                        
00002b29  strtol                        
00001625  strtold                       
00002029  strtoll                       
00002e8d  strtoul                       
00002759  strtoull                      
00003751  uartInit                      
200001e0  uiLines                       
00003de7  wcslen                        
00003d19  write                         
20000230  wrongStringInput              
200002a4  x                             


GLOBAL SYMBOLS: SORTED BY Symbol Address 

address   name                          
-------   ----                          
00000000  __TI_static_base__            
00000000  interruptVectors              
000000e5  __TI_scanfi                   
00000200  __STACK_SIZE                  
00000bd5  __TI_printfi                  
00001623  __aeabi_idiv0                 
00001623  __aeabi_ldiv0                 
00001625  strtod                        
00001625  strtold                       
00001a85  SystemCoreClockUpdate         
00001cfd  SystemInit                    
00002029  strtoll                       
000023d5  getstr                        
00002455  main                          
0000251f  EUSCIA0_IRQHandler            
0000251f  EUSCIA0_IRQHandler            
000025a1  __aeabi_dsub                  
000025ab  __aeabi_dadd                  
00002759  strtoull                      
000029f1  __aeabi_ddiv                  
00002b29  strtol                        
00002d7d  ldexp                         
00002d7d  ldexpl                        
00002d7d  scalbn                        
00002d7d  scalbnl                       
00002e8d  strtoul                       
00002f9d  __aeabi_dmul                  
0000314d  receiveByte                   
000031f1  __aeabi_memcpy                
000031f1  __aeabi_memcpy4               
000031f1  __aeabi_memcpy8               
000031f1  memcpy                        
0000328d  sendByte                      
00003325  __aeabi_uldivmod              
000033bb  __aeabi_cdcmpeq               
000033bb  __aeabi_cdcmple               
00003441  __aeabi_cdrcmple              
000034c7  __aeabi_memclr                
000034c7  __aeabi_memclr4               
000034c7  __aeabi_memclr8               
000034c9  __aeabi_memset                
000034c9  __aeabi_memset4               
000034c9  __aeabi_memset8               
000034cf  memset                        
000035af  __aeabi_d2f                   
00003685  __TI_decompress_lzss          
000036ed  frexp                         
000036ed  frexpl                        
00003751  uartInit                      
000037b1  eereset                       
00003863  ltoa                          
000038b9  printMenu                     
00003961  atoi                          
000039ad  snprintf                      
000039f9  read                          
00003a41  __aeabi_d2iz                  
00003a89  __TI_auto_init_nobinit_nopinit
00003b0d  putstr                        
00003b49  sscanf                        
00003b81  _c_int00_noargs               
00003bb5  pinInit                       
00003be9  startBit                      
00003c1d  stopBit                       
00003c51  pageWrite                     
00003cb3  __aeabi_i2d                   
00003ce1  __TI_zero_init_nomemset       
00003cfd  memccpy                       
00003d19  write                         
00003d35  copysign                      
00003d35  copysignl                     
00003d67  __aeabi_lmul                  
00003d7f  strrchr                       
00003d97  strchr                        
00003dad  strcpy                        
00003dc1  strlen                        
00003de7  wcslen                        
00003df9  __TI_decompress_none          
00003e07  Reset_Handler                 
00003e13  ADC14_IRQHandler              
00003e13  AES256_IRQHandler             
00003e13  BusFault_Handler              
00003e13  COMP_E0_IRQHandler            
00003e13  COMP_E1_IRQHandler            
00003e13  CS_IRQHandler                 
00003e13  DMA_ERR_IRQHandler            
00003e13  DMA_INT0_IRQHandler           
00003e13  DMA_INT1_IRQHandler           
00003e13  DMA_INT2_IRQHandler           
00003e13  DMA_INT3_IRQHandler           
00003e13  DebugMon_Handler              
00003e13  Default_Handler               
00003e13  EUSCIA1_IRQHandler            
00003e13  EUSCIA2_IRQHandler            
00003e13  EUSCIA3_IRQHandler            
00003e13  EUSCIB0_IRQHandler            
00003e13  EUSCIB1_IRQHandler            
00003e13  EUSCIB2_IRQHandler            
00003e13  EUSCIB3_IRQHandler            
00003e13  FLCTL_IRQHandler              
00003e13  FPU_IRQHandler                
00003e13  HardFault_Handler             
00003e13  MemManage_Handler             
00003e13  NMI_Handler                   
00003e13  PCM_IRQHandler                
00003e13  PORT1_IRQHandler              
00003e13  PORT2_IRQHandler              
00003e13  PORT3_IRQHandler              
00003e13  PORT4_IRQHandler              
00003e13  PORT5_IRQHandler              
00003e13  PORT6_IRQHandler              
00003e13  PSS_IRQHandler                
00003e13  PendSV_Handler                
00003e13  RTC_C_IRQHandler              
00003e13  SVC_Handler                   
00003e13  SysTick_Handler               
00003e13  T32_INT1_IRQHandler           
00003e13  T32_INT2_IRQHandler           
00003e13  T32_INTC_IRQHandler           
00003e13  TA0_0_IRQHandler              
00003e13  TA0_N_IRQHandler              
00003e13  TA1_0_IRQHandler              
00003e13  TA1_N_IRQHandler              
00003e13  TA2_0_IRQHandler              
00003e13  TA2_N_IRQHandler              
00003e13  TA3_0_IRQHandler              
00003e13  TA3_N_IRQHandler              
00003e13  UsageFault_Handler            
00003e13  WDT_A_IRQHandler              
00003e15  __aeabi_errno_addr            
00003e25  _system_pre_init              
00003e29  C$$EXIT                       
00003e29  abort                         
00003e30  _ctypes_                      
000040c4  __TI_Handler_Table_Base       
000040d0  __TI_Handler_Table_Limit      
000040d8  __TI_CINIT_Base               
000040e8  __TI_CINIT_Limit              
20000000  messages                      
200001e0  uiLines                       
20000230  wrongStringInput              
20000280  errno                         
20000284  SystemCoreClock               
20000288  readCheck                     
20000289  inputReady                    
2000028a  newLine                       
2000028c  buffer                        
20000298  i                             
2000029c  readInput                     
200002a0  readValue                     
200002a4  x                             
2000fe00  __stack                       
20010000  __STACK_END                   
4000480c  WDTCTL_SYM                    
ffffffff  __TI_pprof_out_hndl           
ffffffff  __TI_prof_data_size           
ffffffff  __TI_prof_data_start          
ffffffff  __binit__                     
ffffffff  __c_args__                    
ffffffff  binit                         
UNDEFED   __mpu_init                    
UNDEFED   _system_post_cinit            

[161 symbols]
