******************************************************************************
                  TI ARM Linker PC v18.12.2                    
******************************************************************************
>> Linked Sun Nov 10 14:49:24 2019

OUTPUT FILE NAME:   <I2C_BitBang.out>
ENTRY POINT SYMBOL: "_c_int00_noargs"  address: 0000069d


MEMORY CONFIGURATION

         name            origin    length      used     unused   attr    fill
----------------------  --------  ---------  --------  --------  ----  --------
  MAIN                  00000000   00040000  000007a8  0003f858  R  X
  INFO                  00200000   00004000  00000000  00004000  R  X
  SRAM_CODE             01000000   00010000  00000204  0000fdfc  RW X
  SRAM_DATA             20000000   00010000  00000204  0000fdfc  RW  


SEGMENT ALLOCATION MAP

run origin  load origin   length   init length attrs members
----------  ----------- ---------- ----------- ----- -------
00000000    00000000    000007a8   000007a8    r-x
  00000000    00000000    000000e4   000000e4    r-- .intvecs
  000000e4    000000e4    000006ac   000006ac    r-x .text
  00000790    00000790    00000018   00000018    r-- .cinit
20000000    20000000    00000004   00000000    rw-
  20000000    20000000    00000004   00000000    rw- .data
2000fe00    2000fe00    00000200   00000000    rw-
  2000fe00    2000fe00    00000200   00000000    rw- .stack


SECTION ALLOCATION MAP

 output                                  attributes/
section   page    origin      length       input sections
--------  ----  ----------  ----------   ----------------
.intvecs   0    00000000    000000e4     
                  00000000    000000e4     startup_msp432p401r_ccs.obj (.intvecs:retain)

.text      0    000000e4    000006ac     
                  000000e4    00000334     system_msp432p401r.obj (.text)
                  00000418    0000009c     rtsv7M4_T_le_v4SPD16_eabi.lib : memcpy_t2.asm.obj (.text)
                  000004b4    0000007c     sendByte.obj (.text)
                  00000530    00000078     receiveByte.obj (.text)
                  000005a8    00000068     rtsv7M4_T_le_v4SPD16_eabi.lib : copy_decompress_lzss.c.obj (.text:decompress:lzss:__TI_decompress_lzss)
                  00000610    00000048     main.obj (.text)
                  00000658    00000044     rtsv7M4_T_le_v4SPD16_eabi.lib : autoinit.c.obj (.text:__TI_auto_init_nobinit_nopinit:__TI_auto_init_nobinit_nopinit)
                  0000069c    00000034                                   : boot_cortex_m.c.obj (.text:_c_int00_noargs:_c_int00_noargs)
                  000006d0    00000034     pinInit.obj (.text)
                  00000704    00000034     startBit.obj (.text)
                  00000738    00000034     stopBit.obj (.text)
                  0000076c    0000000e     rtsv7M4_T_le_v4SPD16_eabi.lib : copy_decompress_none.c.obj (.text:decompress:none:__TI_decompress_none)
                  0000077a    0000000e     startup_msp432p401r_ccs.obj (.text)
                  00000788    00000004     rtsv7M4_T_le_v4SPD16_eabi.lib : pre_init.c.obj (.text:_system_pre_init)
                  0000078c    00000004                                   : exit.c.obj (.text:abort:abort)

.cinit     0    00000790    00000018     
                  00000790    00000008     (.cinit..data.load) [load image, compression = lzss]
                  00000798    00000008     (__TI_handler_table)
                  000007a0    00000008     (__TI_cinit_table)

.init_array 
*          0    00000000    00000000     UNINITIALIZED

.binit     0    00000000    00000000     

.data      0    20000000    00000004     UNINITIALIZED
                  20000000    00000004     system_msp432p401r.obj (.data)

.stack     0    2000fe00    00000200     UNINITIALIZED
                  2000fe00    00000004     rtsv7M4_T_le_v4SPD16_eabi.lib : boot_cortex_m.c.obj (.stack)
                  2000fe04    000001fc     --HOLE--

MODULE SUMMARY

       Module                        code   ro data   rw data
       ------                        ----   -------   -------
    .\
       system_msp432p401r.obj        820    0         8      
       startup_msp432p401r_ccs.obj   14     228       0      
       sendByte.obj                  124    0         0      
       receiveByte.obj               120    0         0      
       main.obj                      72     0         0      
       pinInit.obj                   52     0         0      
       startBit.obj                  52     0         0      
       stopBit.obj                   52     0         0      
    +--+-----------------------------+------+---------+---------+
       Total:                        1306   228       8      
                                                             
    C:\ti\ccs910\ccs\tools\compiler\ti-cgt-arm_18.12.2.LTS\lib\rtsv7M4_T_le_v4SPD16_eabi.lib
       memcpy_t2.asm.obj             156    0         0      
       copy_decompress_lzss.c.obj    104    0         0      
       autoinit.c.obj                68     0         0      
       boot_cortex_m.c.obj           52     0         0      
       copy_decompress_none.c.obj    14     0         0      
       exit.c.obj                    4      0         0      
       pre_init.c.obj                4      0         0      
    +--+-----------------------------+------+---------+---------+
       Total:                        402    0         0      
                                                             
       Stack:                        0      0         1024   
       Linker Generated:             0      24        0      
    +--+-----------------------------+------+---------+---------+
       Grand Total:                  1708   252       1032   


LINKER GENERATED COPY TABLES

__TI_cinit_table @ 000007a0 records: 1, size/record: 8, table size: 8
	.data: load addr=00000790, load size=00000008 bytes, run addr=20000000, run size=00000004 bytes, compression=lzss


LINKER GENERATED HANDLER TABLE

__TI_handler_table @ 00000798 records: 2, size/record: 4, table size: 8
	index: 0, handler: __TI_decompress_lzss
	index: 1, handler: __TI_decompress_none


GLOBAL SYMBOLS: SORTED ALPHABETICALLY BY Name 

address   name                          
-------   ----                          
00000787  ADC14_IRQHandler              
00000787  AES256_IRQHandler             
00000787  BusFault_Handler              
0000078d  C$$EXIT                       
00000787  COMP_E0_IRQHandler            
00000787  COMP_E1_IRQHandler            
00000787  CS_IRQHandler                 
00000787  DMA_ERR_IRQHandler            
00000787  DMA_INT0_IRQHandler           
00000787  DMA_INT1_IRQHandler           
00000787  DMA_INT2_IRQHandler           
00000787  DMA_INT3_IRQHandler           
00000787  DebugMon_Handler              
00000787  Default_Handler               
00000787  EUSCIA0_IRQHandler            
00000787  EUSCIA1_IRQHandler            
00000787  EUSCIA2_IRQHandler            
00000787  EUSCIA3_IRQHandler            
00000787  EUSCIB0_IRQHandler            
00000787  EUSCIB1_IRQHandler            
00000787  EUSCIB2_IRQHandler            
00000787  EUSCIB3_IRQHandler            
00000787  FLCTL_IRQHandler              
00000787  FPU_IRQHandler                
00000787  HardFault_Handler             
00000787  MemManage_Handler             
00000787  NMI_Handler                   
00000787  PCM_IRQHandler                
00000787  PORT1_IRQHandler              
00000787  PORT2_IRQHandler              
00000787  PORT3_IRQHandler              
00000787  PORT4_IRQHandler              
00000787  PORT5_IRQHandler              
00000787  PORT6_IRQHandler              
00000787  PSS_IRQHandler                
00000787  PendSV_Handler                
00000787  RTC_C_IRQHandler              
0000077b  Reset_Handler                 
00000787  SVC_Handler                   
00000787  SysTick_Handler               
20000000  SystemCoreClock               
000000e5  SystemCoreClockUpdate         
0000035d  SystemInit                    
00000787  T32_INT1_IRQHandler           
00000787  T32_INT2_IRQHandler           
00000787  T32_INTC_IRQHandler           
00000787  TA0_0_IRQHandler              
00000787  TA0_N_IRQHandler              
00000787  TA1_0_IRQHandler              
00000787  TA1_N_IRQHandler              
00000787  TA2_0_IRQHandler              
00000787  TA2_N_IRQHandler              
00000787  TA3_0_IRQHandler              
00000787  TA3_N_IRQHandler              
00000787  UsageFault_Handler            
4000480c  WDTCTL_SYM                    
00000787  WDT_A_IRQHandler              
20010000  __STACK_END                   
00000200  __STACK_SIZE                  
000007a0  __TI_CINIT_Base               
000007a8  __TI_CINIT_Limit              
00000798  __TI_Handler_Table_Base       
000007a0  __TI_Handler_Table_Limit      
00000659  __TI_auto_init_nobinit_nopinit
000005a9  __TI_decompress_lzss          
0000076d  __TI_decompress_none          
ffffffff  __TI_pprof_out_hndl           
ffffffff  __TI_prof_data_size           
ffffffff  __TI_prof_data_start          
00000000  __TI_static_base__            
00000419  __aeabi_memcpy                
00000419  __aeabi_memcpy4               
00000419  __aeabi_memcpy8               
ffffffff  __binit__                     
ffffffff  __c_args__                    
UNDEFED   __mpu_init                    
2000fe00  __stack                       
0000069d  _c_int00_noargs               
UNDEFED   _system_post_cinit            
00000789  _system_pre_init              
0000078d  abort                         
ffffffff  binit                         
00000000  interruptVectors              
00000611  main                          
00000419  memcpy                        
000006d1  pinInit                       
00000531  receiveByte                   
000004b5  sendByte                      
00000705  startBit                      
00000739  stopBit                       


GLOBAL SYMBOLS: SORTED BY Symbol Address 

address   name                          
-------   ----                          
00000000  __TI_static_base__            
00000000  interruptVectors              
000000e5  SystemCoreClockUpdate         
00000200  __STACK_SIZE                  
0000035d  SystemInit                    
00000419  __aeabi_memcpy                
00000419  __aeabi_memcpy4               
00000419  __aeabi_memcpy8               
00000419  memcpy                        
000004b5  sendByte                      
00000531  receiveByte                   
000005a9  __TI_decompress_lzss          
00000611  main                          
00000659  __TI_auto_init_nobinit_nopinit
0000069d  _c_int00_noargs               
000006d1  pinInit                       
00000705  startBit                      
00000739  stopBit                       
0000076d  __TI_decompress_none          
0000077b  Reset_Handler                 
00000787  ADC14_IRQHandler              
00000787  AES256_IRQHandler             
00000787  BusFault_Handler              
00000787  COMP_E0_IRQHandler            
00000787  COMP_E1_IRQHandler            
00000787  CS_IRQHandler                 
00000787  DMA_ERR_IRQHandler            
00000787  DMA_INT0_IRQHandler           
00000787  DMA_INT1_IRQHandler           
00000787  DMA_INT2_IRQHandler           
00000787  DMA_INT3_IRQHandler           
00000787  DebugMon_Handler              
00000787  Default_Handler               
00000787  EUSCIA0_IRQHandler            
00000787  EUSCIA1_IRQHandler            
00000787  EUSCIA2_IRQHandler            
00000787  EUSCIA3_IRQHandler            
00000787  EUSCIB0_IRQHandler            
00000787  EUSCIB1_IRQHandler            
00000787  EUSCIB2_IRQHandler            
00000787  EUSCIB3_IRQHandler            
00000787  FLCTL_IRQHandler              
00000787  FPU_IRQHandler                
00000787  HardFault_Handler             
00000787  MemManage_Handler             
00000787  NMI_Handler                   
00000787  PCM_IRQHandler                
00000787  PORT1_IRQHandler              
00000787  PORT2_IRQHandler              
00000787  PORT3_IRQHandler              
00000787  PORT4_IRQHandler              
00000787  PORT5_IRQHandler              
00000787  PORT6_IRQHandler              
00000787  PSS_IRQHandler                
00000787  PendSV_Handler                
00000787  RTC_C_IRQHandler              
00000787  SVC_Handler                   
00000787  SysTick_Handler               
00000787  T32_INT1_IRQHandler           
00000787  T32_INT2_IRQHandler           
00000787  T32_INTC_IRQHandler           
00000787  TA0_0_IRQHandler              
00000787  TA0_N_IRQHandler              
00000787  TA1_0_IRQHandler              
00000787  TA1_N_IRQHandler              
00000787  TA2_0_IRQHandler              
00000787  TA2_N_IRQHandler              
00000787  TA3_0_IRQHandler              
00000787  TA3_N_IRQHandler              
00000787  UsageFault_Handler            
00000787  WDT_A_IRQHandler              
00000789  _system_pre_init              
0000078d  C$$EXIT                       
0000078d  abort                         
00000798  __TI_Handler_Table_Base       
000007a0  __TI_CINIT_Base               
000007a0  __TI_Handler_Table_Limit      
000007a8  __TI_CINIT_Limit              
20000000  SystemCoreClock               
2000fe00  __stack                       
20010000  __STACK_END                   
4000480c  WDTCTL_SYM                    
ffffffff  __TI_pprof_out_hndl           
ffffffff  __TI_prof_data_size           
ffffffff  __TI_prof_data_start          
ffffffff  __binit__                     
ffffffff  __c_args__                    
ffffffff  binit                         
UNDEFED   __mpu_init                    
UNDEFED   _system_post_cinit            

[90 symbols]
