<?xml version="1.0" encoding="ISO-8859-1" ?>
<link_info>
   <banner>TI ARM Linker PC v18.12.2.LTS</banner>
   <copyright>Copyright (c) 1996-2018 Texas Instruments Incorporated</copyright>
   <link_time>0x5dcb362a</link_time>
   <link_errors>0x0</link_errors>
   <output_file>I2C_BitBang.out</output_file>
   <entry_point>
      <name>_c_int00_noargs</name>
      <address>0x3e55</address>
   </entry_point>
   <input_file_list>
      <input_file id="fl-2">
         <path>.\</path>
         <kind>object</kind>
         <file>eereset.obj</file>
         <name>eereset.obj</name>
      </input_file>
      <input_file id="fl-3">
         <path>.\</path>
         <kind>object</kind>
         <file>main.obj</file>
         <name>main.obj</name>
      </input_file>
      <input_file id="fl-4">
         <path>.\</path>
         <kind>object</kind>
         <file>pageWrite.obj</file>
         <name>pageWrite.obj</name>
      </input_file>
      <input_file id="fl-5">
         <path>.\</path>
         <kind>object</kind>
         <file>pinInit.obj</file>
         <name>pinInit.obj</name>
      </input_file>
      <input_file id="fl-6">
         <path>.\</path>
         <kind>object</kind>
         <file>printMenu.obj</file>
         <name>printMenu.obj</name>
      </input_file>
      <input_file id="fl-7">
         <path>.\</path>
         <kind>object</kind>
         <file>putstr.obj</file>
         <name>putstr.obj</name>
      </input_file>
      <input_file id="fl-8">
         <path>.\</path>
         <kind>object</kind>
         <file>read.obj</file>
         <name>read.obj</name>
      </input_file>
      <input_file id="fl-9">
         <path>.\</path>
         <kind>object</kind>
         <file>receiveByte.obj</file>
         <name>receiveByte.obj</name>
      </input_file>
      <input_file id="fl-a">
         <path>.\</path>
         <kind>object</kind>
         <file>sendByte.obj</file>
         <name>sendByte.obj</name>
      </input_file>
      <input_file id="fl-b">
         <path>.\</path>
         <kind>object</kind>
         <file>startBit.obj</file>
         <name>startBit.obj</name>
      </input_file>
      <input_file id="fl-c">
         <path>.\</path>
         <kind>object</kind>
         <file>startup_msp432p401r_ccs.obj</file>
         <name>startup_msp432p401r_ccs.obj</name>
      </input_file>
      <input_file id="fl-d">
         <path>.\</path>
         <kind>object</kind>
         <file>stopBit.obj</file>
         <name>stopBit.obj</name>
      </input_file>
      <input_file id="fl-e">
         <path>.\</path>
         <kind>object</kind>
         <file>system_msp432p401r.obj</file>
         <name>system_msp432p401r.obj</name>
      </input_file>
      <input_file id="fl-f">
         <path>.\</path>
         <kind>object</kind>
         <file>uartInit.obj</file>
         <name>uartInit.obj</name>
      </input_file>
      <input_file id="fl-10">
         <path>.\</path>
         <kind>object</kind>
         <file>write.obj</file>
         <name>write.obj</name>
      </input_file>
      <input_file id="fl-14">
         <kind>object</kind>
         <file>&lt;internal&gt;</file>
         <name>&lt;internal&gt;</name>
      </input_file>
      <input_file id="fl-ca">
         <path>C:\ti\ccs910\ccs\tools\compiler\ti-cgt-arm_18.12.2.LTS\lib\</path>
         <kind>archive</kind>
         <file>rtsv7M4_T_le_v4SPD16_eabi.lib</file>
         <name>snprintf.c.obj</name>
      </input_file>
      <input_file id="fl-cb">
         <path>C:\ti\ccs910\ccs\tools\compiler\ti-cgt-arm_18.12.2.LTS\lib\</path>
         <kind>archive</kind>
         <file>rtsv7M4_T_le_v4SPD16_eabi.lib</file>
         <name>sscanf.c.obj</name>
      </input_file>
      <input_file id="fl-cc">
         <path>C:\ti\ccs910\ccs\tools\compiler\ti-cgt-arm_18.12.2.LTS\lib\</path>
         <kind>archive</kind>
         <file>rtsv7M4_T_le_v4SPD16_eabi.lib</file>
         <name>memset_t2.asm.obj</name>
      </input_file>
      <input_file id="fl-cd">
         <path>C:\ti\ccs910\ccs\tools\compiler\ti-cgt-arm_18.12.2.LTS\lib\</path>
         <kind>archive</kind>
         <file>rtsv7M4_T_le_v4SPD16_eabi.lib</file>
         <name>memcpy_t2.asm.obj</name>
      </input_file>
      <input_file id="fl-ce">
         <path>C:\ti\ccs910\ccs\tools\compiler\ti-cgt-arm_18.12.2.LTS\lib\</path>
         <kind>archive</kind>
         <file>rtsv7M4_T_le_v4SPD16_eabi.lib</file>
         <name>copy_zero_init.c.obj</name>
      </input_file>
      <input_file id="fl-cf">
         <path>C:\ti\ccs910\ccs\tools\compiler\ti-cgt-arm_18.12.2.LTS\lib\</path>
         <kind>archive</kind>
         <file>rtsv7M4_T_le_v4SPD16_eabi.lib</file>
         <name>copy_decompress_none.c.obj</name>
      </input_file>
      <input_file id="fl-d0">
         <path>C:\ti\ccs910\ccs\tools\compiler\ti-cgt-arm_18.12.2.LTS\lib\</path>
         <kind>archive</kind>
         <file>rtsv7M4_T_le_v4SPD16_eabi.lib</file>
         <name>copy_decompress_lzss.c.obj</name>
      </input_file>
      <input_file id="fl-d1">
         <path>C:\ti\ccs910\ccs\tools\compiler\ti-cgt-arm_18.12.2.LTS\lib\</path>
         <kind>archive</kind>
         <file>rtsv7M4_T_le_v4SPD16_eabi.lib</file>
         <name>ctype.c.obj</name>
      </input_file>
      <input_file id="fl-d2">
         <path>C:\ti\ccs910\ccs\tools\compiler\ti-cgt-arm_18.12.2.LTS\lib\</path>
         <kind>archive</kind>
         <file>rtsv7M4_T_le_v4SPD16_eabi.lib</file>
         <name>boot_cortex_m.c.obj</name>
      </input_file>
      <input_file id="fl-d3">
         <path>C:\ti\ccs910\ccs\tools\compiler\ti-cgt-arm_18.12.2.LTS\lib\</path>
         <kind>archive</kind>
         <file>rtsv7M4_T_le_v4SPD16_eabi.lib</file>
         <name>_printfi.c.obj</name>
      </input_file>
      <input_file id="fl-d4">
         <path>C:\ti\ccs910\ccs\tools\compiler\ti-cgt-arm_18.12.2.LTS\lib\</path>
         <kind>archive</kind>
         <file>rtsv7M4_T_le_v4SPD16_eabi.lib</file>
         <name>_scanfi.c.obj</name>
      </input_file>
      <input_file id="fl-d5">
         <path>C:\ti\ccs910\ccs\tools\compiler\ti-cgt-arm_18.12.2.LTS\lib\</path>
         <kind>archive</kind>
         <file>rtsv7M4_T_le_v4SPD16_eabi.lib</file>
         <name>s_frexp.c.obj</name>
      </input_file>
      <input_file id="fl-d6">
         <path>C:\ti\ccs910\ccs\tools\compiler\ti-cgt-arm_18.12.2.LTS\lib\</path>
         <kind>archive</kind>
         <file>rtsv7M4_T_le_v4SPD16_eabi.lib</file>
         <name>s_scalbn.c.obj</name>
      </input_file>
      <input_file id="fl-d7">
         <path>C:\ti\ccs910\ccs\tools\compiler\ti-cgt-arm_18.12.2.LTS\lib\</path>
         <kind>archive</kind>
         <file>rtsv7M4_T_le_v4SPD16_eabi.lib</file>
         <name>ull_div_t2.asm.obj</name>
      </input_file>
      <input_file id="fl-d8">
         <path>C:\ti\ccs910\ccs\tools\compiler\ti-cgt-arm_18.12.2.LTS\lib\</path>
         <kind>archive</kind>
         <file>rtsv7M4_T_le_v4SPD16_eabi.lib</file>
         <name>fd_add_t2.asm.obj</name>
      </input_file>
      <input_file id="fl-d9">
         <path>C:\ti\ccs910\ccs\tools\compiler\ti-cgt-arm_18.12.2.LTS\lib\</path>
         <kind>archive</kind>
         <file>rtsv7M4_T_le_v4SPD16_eabi.lib</file>
         <name>fd_cmp_t2.asm.obj</name>
      </input_file>
      <input_file id="fl-da">
         <path>C:\ti\ccs910\ccs\tools\compiler\ti-cgt-arm_18.12.2.LTS\lib\</path>
         <kind>archive</kind>
         <file>rtsv7M4_T_le_v4SPD16_eabi.lib</file>
         <name>fd_div_t2.asm.obj</name>
      </input_file>
      <input_file id="fl-db">
         <path>C:\ti\ccs910\ccs\tools\compiler\ti-cgt-arm_18.12.2.LTS\lib\</path>
         <kind>archive</kind>
         <file>rtsv7M4_T_le_v4SPD16_eabi.lib</file>
         <name>fd_mul_t2.asm.obj</name>
      </input_file>
      <input_file id="fl-dc">
         <path>C:\ti\ccs910\ccs\tools\compiler\ti-cgt-arm_18.12.2.LTS\lib\</path>
         <kind>archive</kind>
         <file>rtsv7M4_T_le_v4SPD16_eabi.lib</file>
         <name>fd_toi_t2.asm.obj</name>
      </input_file>
      <input_file id="fl-dd">
         <path>C:\ti\ccs910\ccs\tools\compiler\ti-cgt-arm_18.12.2.LTS\lib\</path>
         <kind>archive</kind>
         <file>rtsv7M4_T_le_v4SPD16_eabi.lib</file>
         <name>fd_tos_t2.asm.obj</name>
      </input_file>
      <input_file id="fl-de">
         <path>C:\ti\ccs910\ccs\tools\compiler\ti-cgt-arm_18.12.2.LTS\lib\</path>
         <kind>archive</kind>
         <file>rtsv7M4_T_le_v4SPD16_eabi.lib</file>
         <name>i_tofd_t2.asm.obj</name>
      </input_file>
      <input_file id="fl-df">
         <path>C:\ti\ccs910\ccs\tools\compiler\ti-cgt-arm_18.12.2.LTS\lib\</path>
         <kind>archive</kind>
         <file>rtsv7M4_T_le_v4SPD16_eabi.lib</file>
         <name>autoinit.c.obj</name>
      </input_file>
      <input_file id="fl-e0">
         <path>C:\ti\ccs910\ccs\tools\compiler\ti-cgt-arm_18.12.2.LTS\lib\</path>
         <kind>archive</kind>
         <file>rtsv7M4_T_le_v4SPD16_eabi.lib</file>
         <name>pre_init.c.obj</name>
      </input_file>
      <input_file id="fl-e1">
         <path>C:\ti\ccs910\ccs\tools\compiler\ti-cgt-arm_18.12.2.LTS\lib\</path>
         <kind>archive</kind>
         <file>rtsv7M4_T_le_v4SPD16_eabi.lib</file>
         <name>cpy_tbl.c.obj</name>
      </input_file>
      <input_file id="fl-e2">
         <path>C:\ti\ccs910\ccs\tools\compiler\ti-cgt-arm_18.12.2.LTS\lib\</path>
         <kind>archive</kind>
         <file>rtsv7M4_T_le_v4SPD16_eabi.lib</file>
         <name>exit.c.obj</name>
      </input_file>
      <input_file id="fl-e3">
         <path>C:\ti\ccs910\ccs\tools\compiler\ti-cgt-arm_18.12.2.LTS\lib\</path>
         <kind>archive</kind>
         <file>rtsv7M4_T_le_v4SPD16_eabi.lib</file>
         <name>_lock.c.obj</name>
      </input_file>
      <input_file id="fl-e4">
         <path>C:\ti\ccs910\ccs\tools\compiler\ti-cgt-arm_18.12.2.LTS\lib\</path>
         <kind>archive</kind>
         <file>rtsv7M4_T_le_v4SPD16_eabi.lib</file>
         <name>args_main.c.obj</name>
      </input_file>
      <input_file id="fl-e5">
         <path>C:\ti\ccs910\ccs\tools\compiler\ti-cgt-arm_18.12.2.LTS\lib\</path>
         <kind>archive</kind>
         <file>rtsv7M4_T_le_v4SPD16_eabi.lib</file>
         <name>atoi.c.obj</name>
      </input_file>
      <input_file id="fl-e6">
         <path>C:\ti\ccs910\ccs\tools\compiler\ti-cgt-arm_18.12.2.LTS\lib\</path>
         <kind>archive</kind>
         <file>rtsv7M4_T_le_v4SPD16_eabi.lib</file>
         <name>ltoa.c.obj</name>
      </input_file>
      <input_file id="fl-e7">
         <path>C:\ti\ccs910\ccs\tools\compiler\ti-cgt-arm_18.12.2.LTS\lib\</path>
         <kind>archive</kind>
         <file>rtsv7M4_T_le_v4SPD16_eabi.lib</file>
         <name>memccpy.c.obj</name>
      </input_file>
      <input_file id="fl-e8">
         <path>C:\ti\ccs910\ccs\tools\compiler\ti-cgt-arm_18.12.2.LTS\lib\</path>
         <kind>archive</kind>
         <file>rtsv7M4_T_le_v4SPD16_eabi.lib</file>
         <name>strchr.c.obj</name>
      </input_file>
      <input_file id="fl-e9">
         <path>C:\ti\ccs910\ccs\tools\compiler\ti-cgt-arm_18.12.2.LTS\lib\</path>
         <kind>archive</kind>
         <file>rtsv7M4_T_le_v4SPD16_eabi.lib</file>
         <name>strcpy.c.obj</name>
      </input_file>
      <input_file id="fl-ea">
         <path>C:\ti\ccs910\ccs\tools\compiler\ti-cgt-arm_18.12.2.LTS\lib\</path>
         <kind>archive</kind>
         <file>rtsv7M4_T_le_v4SPD16_eabi.lib</file>
         <name>strlen.c.obj</name>
      </input_file>
      <input_file id="fl-eb">
         <path>C:\ti\ccs910\ccs\tools\compiler\ti-cgt-arm_18.12.2.LTS\lib\</path>
         <kind>archive</kind>
         <file>rtsv7M4_T_le_v4SPD16_eabi.lib</file>
         <name>strrchr.c.obj</name>
      </input_file>
      <input_file id="fl-ec">
         <path>C:\ti\ccs910\ccs\tools\compiler\ti-cgt-arm_18.12.2.LTS\lib\</path>
         <kind>archive</kind>
         <file>rtsv7M4_T_le_v4SPD16_eabi.lib</file>
         <name>strtod.c.obj</name>
      </input_file>
      <input_file id="fl-ed">
         <path>C:\ti\ccs910\ccs\tools\compiler\ti-cgt-arm_18.12.2.LTS\lib\</path>
         <kind>archive</kind>
         <file>rtsv7M4_T_le_v4SPD16_eabi.lib</file>
         <name>strtol.c.obj</name>
      </input_file>
      <input_file id="fl-ee">
         <path>C:\ti\ccs910\ccs\tools\compiler\ti-cgt-arm_18.12.2.LTS\lib\</path>
         <kind>archive</kind>
         <file>rtsv7M4_T_le_v4SPD16_eabi.lib</file>
         <name>strtoll.c.obj</name>
      </input_file>
      <input_file id="fl-ef">
         <path>C:\ti\ccs910\ccs\tools\compiler\ti-cgt-arm_18.12.2.LTS\lib\</path>
         <kind>archive</kind>
         <file>rtsv7M4_T_le_v4SPD16_eabi.lib</file>
         <name>strtoul.c.obj</name>
      </input_file>
      <input_file id="fl-f0">
         <path>C:\ti\ccs910\ccs\tools\compiler\ti-cgt-arm_18.12.2.LTS\lib\</path>
         <kind>archive</kind>
         <file>rtsv7M4_T_le_v4SPD16_eabi.lib</file>
         <name>strtoull.c.obj</name>
      </input_file>
      <input_file id="fl-f1">
         <path>C:\ti\ccs910\ccs\tools\compiler\ti-cgt-arm_18.12.2.LTS\lib\</path>
         <kind>archive</kind>
         <file>rtsv7M4_T_le_v4SPD16_eabi.lib</file>
         <name>errno.c.obj</name>
      </input_file>
      <input_file id="fl-f2">
         <path>C:\ti\ccs910\ccs\tools\compiler\ti-cgt-arm_18.12.2.LTS\lib\</path>
         <kind>archive</kind>
         <file>rtsv7M4_T_le_v4SPD16_eabi.lib</file>
         <name>wcslen.c.obj</name>
      </input_file>
      <input_file id="fl-f3">
         <path>C:\ti\ccs910\ccs\tools\compiler\ti-cgt-arm_18.12.2.LTS\lib\</path>
         <kind>archive</kind>
         <file>rtsv7M4_T_le_v4SPD16_eabi.lib</file>
         <name>s_copysign.c.obj</name>
      </input_file>
      <input_file id="fl-f4">
         <path>C:\ti\ccs910\ccs\tools\compiler\ti-cgt-arm_18.12.2.LTS\lib\</path>
         <kind>archive</kind>
         <file>rtsv7M4_T_le_v4SPD16_eabi.lib</file>
         <name>div0.asm.obj</name>
      </input_file>
      <input_file id="fl-f5">
         <path>C:\ti\ccs910\ccs\tools\compiler\ti-cgt-arm_18.12.2.LTS\lib\</path>
         <kind>archive</kind>
         <file>rtsv7M4_T_le_v4SPD16_eabi.lib</file>
         <name>ll_mul_t2.asm.obj</name>
      </input_file>
   </input_file_list>
   <object_component_list>
      <object_component id="oc-23">
         <name>.intvecs:retain</name>
         <load_address>0x0</load_address>
         <run_address>0x0</run_address>
         <size>0xe4</size>
         <input_file_ref idref="fl-c"/>
      </object_component>
      <object_component id="oc-182">
         <name>.text:__TI_scanfi</name>
         <load_address>0xe4</load_address>
         <run_address>0xe4</run_address>
         <size>0xaf0</size>
         <input_file_ref idref="fl-d4"/>
      </object_component>
      <object_component id="oc-1cf">
         <name>.text:__TI_printfi</name>
         <load_address>0xbd4</load_address>
         <run_address>0xbd4</run_address>
         <size>0xa4e</size>
         <input_file_ref idref="fl-d3"/>
      </object_component>
      <object_component id="oc-395">
         <name>.text</name>
         <load_address>0x1622</load_address>
         <run_address>0x1622</run_address>
         <size>0x2</size>
         <input_file_ref idref="fl-f4"/>
      </object_component>
      <object_component id="oc-6a">
         <name>.text</name>
         <load_address>0x1624</load_address>
         <run_address>0x1624</run_address>
         <size>0x47c</size>
         <input_file_ref idref="fl-3"/>
      </object_component>
      <object_component id="oc-242">
         <name>.text:strtod</name>
         <load_address>0x1aa0</load_address>
         <run_address>0x1aa0</run_address>
         <size>0x460</size>
         <input_file_ref idref="fl-ec"/>
      </object_component>
      <object_component id="oc-a2">
         <name>.text</name>
         <load_address>0x1f00</load_address>
         <run_address>0x1f00</run_address>
         <size>0x334</size>
         <input_file_ref idref="fl-e"/>
      </object_component>
      <object_component id="oc-2a8">
         <name>.text:_pconv_a</name>
         <load_address>0x2234</load_address>
         <run_address>0x2234</run_address>
         <size>0x270</size>
         <input_file_ref idref="fl-d3"/>
      </object_component>
      <object_component id="oc-253">
         <name>.text:strtoll</name>
         <load_address>0x24a4</load_address>
         <run_address>0x24a4</run_address>
         <size>0x1dc</size>
         <input_file_ref idref="fl-ee"/>
      </object_component>
      <object_component id="oc-296">
         <name>.text:_pconv_g</name>
         <load_address>0x2680</load_address>
         <run_address>0x2680</run_address>
         <size>0x1d0</size>
         <input_file_ref idref="fl-d3"/>
      </object_component>
      <object_component id="oc-306">
         <name>.text</name>
         <load_address>0x2850</load_address>
         <run_address>0x2850</run_address>
         <size>0x1b6</size>
         <input_file_ref idref="fl-d8"/>
      </object_component>
      <object_component id="oc-236">
         <name>.text:strtoull</name>
         <load_address>0x2a08</load_address>
         <run_address>0x2a08</run_address>
         <size>0x15c</size>
         <input_file_ref idref="fl-f0"/>
      </object_component>
      <object_component id="oc-2a2">
         <name>.text:_pconv_e</name>
         <load_address>0x2b64</load_address>
         <run_address>0x2b64</run_address>
         <size>0x13c</size>
         <input_file_ref idref="fl-d3"/>
      </object_component>
      <object_component id="oc-30b">
         <name>.text</name>
         <load_address>0x2ca0</load_address>
         <run_address>0x2ca0</run_address>
         <size>0x136</size>
         <input_file_ref idref="fl-da"/>
      </object_component>
      <object_component id="oc-24d">
         <name>.text:strtol</name>
         <load_address>0x2dd8</load_address>
         <run_address>0x2dd8</run_address>
         <size>0x130</size>
         <input_file_ref idref="fl-ed"/>
      </object_component>
      <object_component id="oc-359">
         <name>.text:fcvt</name>
         <load_address>0x2f08</load_address>
         <run_address>0x2f08</run_address>
         <size>0x124</size>
         <input_file_ref idref="fl-d3"/>
      </object_component>
      <object_component id="oc-310">
         <name>.text:scalbn</name>
         <load_address>0x302c</load_address>
         <run_address>0x302c</run_address>
         <size>0x110</size>
         <input_file_ref idref="fl-d6"/>
      </object_component>
      <object_component id="oc-23c">
         <name>.text:strtoul</name>
         <load_address>0x313c</load_address>
         <run_address>0x313c</run_address>
         <size>0x110</size>
         <input_file_ref idref="fl-ef"/>
      </object_component>
      <object_component id="oc-301">
         <name>.text</name>
         <load_address>0x324c</load_address>
         <run_address>0x324c</run_address>
         <size>0xfc</size>
         <input_file_ref idref="fl-db"/>
      </object_component>
      <object_component id="oc-1c8">
         <name>.text</name>
         <load_address>0x3348</load_address>
         <run_address>0x3348</run_address>
         <size>0xbc</size>
         <input_file_ref idref="fl-9"/>
      </object_component>
      <object_component id="oc-28b">
         <name>.text:_ltostr</name>
         <load_address>0x3404</load_address>
         <run_address>0x3404</run_address>
         <size>0xb1</size>
         <input_file_ref idref="fl-d3"/>
      </object_component>
      <object_component id="oc-34">
         <name>.text</name>
         <load_address>0x34b6</load_address>
         <run_address>0x34b6</run_address>
         <size>0x9c</size>
         <input_file_ref idref="fl-cd"/>
      </object_component>
      <object_component id="oc-1c0">
         <name>.text</name>
         <load_address>0x3554</load_address>
         <run_address>0x3554</run_address>
         <size>0x98</size>
         <input_file_ref idref="fl-a"/>
      </object_component>
      <object_component id="oc-2f8">
         <name>.text</name>
         <load_address>0x35ec</load_address>
         <run_address>0x35ec</run_address>
         <size>0x96</size>
         <input_file_ref idref="fl-d7"/>
      </object_component>
      <object_component id="oc-291">
         <name>.text:__aeabi_cdcmple</name>
         <load_address>0x3682</load_address>
         <run_address>0x3682</run_address>
         <size>0x86</size>
         <input_file_ref idref="fl-d9"/>
      </object_component>
      <object_component id="oc-337">
         <name>.text:__aeabi_cdrcmple</name>
         <load_address>0x3708</load_address>
         <run_address>0x3708</run_address>
         <size>0x86</size>
         <input_file_ref idref="fl-d9"/>
      </object_component>
      <object_component id="oc-8a">
         <name>.text</name>
         <load_address>0x378e</load_address>
         <run_address>0x378e</run_address>
         <size>0x7a</size>
         <input_file_ref idref="fl-cc"/>
      </object_component>
      <object_component id="oc-352">
         <name>.text:_mcpy</name>
         <load_address>0x3808</load_address>
         <run_address>0x3808</run_address>
         <size>0x6e</size>
         <input_file_ref idref="fl-d3"/>
      </object_component>
      <object_component id="oc-248">
         <name>.text</name>
         <load_address>0x3876</load_address>
         <run_address>0x3876</run_address>
         <size>0x6e</size>
         <input_file_ref idref="fl-dd"/>
      </object_component>
      <object_component id="oc-194">
         <name>.text:_chkmbc</name>
         <load_address>0x38e4</load_address>
         <run_address>0x38e4</run_address>
         <size>0x68</size>
         <input_file_ref idref="fl-cb"/>
      </object_component>
      <object_component id="oc-14">
         <name>.text:decompress:lzss:__TI_decompress_lzss</name>
         <load_address>0x394c</load_address>
         <run_address>0x394c</run_address>
         <size>0x68</size>
         <input_file_ref idref="fl-d0"/>
      </object_component>
      <object_component id="oc-367">
         <name>.text:frexp</name>
         <load_address>0x39b4</load_address>
         <run_address>0x39b4</run_address>
         <size>0x64</size>
         <input_file_ref idref="fl-d5"/>
      </object_component>
      <object_component id="oc-c5">
         <name>.text</name>
         <load_address>0x3a18</load_address>
         <run_address>0x3a18</run_address>
         <size>0x60</size>
         <input_file_ref idref="fl-f"/>
      </object_component>
      <object_component id="oc-108">
         <name>.text</name>
         <load_address>0x3a78</load_address>
         <run_address>0x3a78</run_address>
         <size>0x5c</size>
         <input_file_ref idref="fl-2"/>
      </object_component>
      <object_component id="oc-29c">
         <name>.text:_pconv_f</name>
         <load_address>0x3ad4</load_address>
         <run_address>0x3ad4</run_address>
         <size>0x56</size>
         <input_file_ref idref="fl-d3"/>
      </object_component>
      <object_component id="oc-341">
         <name>.text:ltoa</name>
         <load_address>0x3b2a</load_address>
         <run_address>0x3b2a</run_address>
         <size>0x54</size>
         <input_file_ref idref="fl-e6"/>
      </object_component>
      <object_component id="oc-cb">
         <name>.text</name>
         <load_address>0x3b80</load_address>
         <run_address>0x3b80</run_address>
         <size>0x54</size>
         <input_file_ref idref="fl-6"/>
      </object_component>
      <object_component id="oc-e3">
         <name>.text</name>
         <load_address>0x3bd4</load_address>
         <run_address>0x3bd4</run_address>
         <size>0x54</size>
         <input_file_ref idref="fl-8"/>
      </object_component>
      <object_component id="oc-34c">
         <name>.text:_ecpy</name>
         <load_address>0x3c28</load_address>
         <run_address>0x3c28</run_address>
         <size>0x52</size>
         <input_file_ref idref="fl-d3"/>
      </object_component>
      <object_component id="oc-262">
         <name>.text:atoi</name>
         <load_address>0x3c7c</load_address>
         <run_address>0x3c7c</run_address>
         <size>0x4c</size>
         <input_file_ref idref="fl-e5"/>
      </object_component>
      <object_component id="oc-e9">
         <name>.text:snprintf</name>
         <load_address>0x3cc8</load_address>
         <run_address>0x3cc8</run_address>
         <size>0x4c</size>
         <input_file_ref idref="fl-ca"/>
      </object_component>
      <object_component id="oc-33c">
         <name>.text</name>
         <load_address>0x3d14</load_address>
         <run_address>0x3d14</run_address>
         <size>0x48</size>
         <input_file_ref idref="fl-dc"/>
      </object_component>
      <object_component id="oc-14b">
         <name>.text:__TI_auto_init_nobinit_nopinit:__TI_auto_init_nobinit_nopinit</name>
         <load_address>0x3d5c</load_address>
         <run_address>0x3d5c</run_address>
         <size>0x44</size>
         <input_file_ref idref="fl-df"/>
      </object_component>
      <object_component id="oc-35f">
         <name>.text:_fcpy</name>
         <load_address>0x3da0</load_address>
         <run_address>0x3da0</run_address>
         <size>0x3e</size>
         <input_file_ref idref="fl-d3"/>
      </object_component>
      <object_component id="oc-a9">
         <name>.text</name>
         <load_address>0x3de0</load_address>
         <run_address>0x3de0</run_address>
         <size>0x3c</size>
         <input_file_ref idref="fl-7"/>
      </object_component>
      <object_component id="oc-af">
         <name>.text:sscanf</name>
         <load_address>0x3e1c</load_address>
         <run_address>0x3e1c</run_address>
         <size>0x38</size>
         <input_file_ref idref="fl-cb"/>
      </object_component>
      <object_component id="oc-52">
         <name>.text:_c_int00_noargs:_c_int00_noargs</name>
         <load_address>0x3e54</load_address>
         <run_address>0x3e54</run_address>
         <size>0x34</size>
         <input_file_ref idref="fl-d2"/>
      </object_component>
      <object_component id="oc-bf">
         <name>.text</name>
         <load_address>0x3e88</load_address>
         <run_address>0x3e88</run_address>
         <size>0x34</size>
         <input_file_ref idref="fl-5"/>
      </object_component>
      <object_component id="oc-d1">
         <name>.text</name>
         <load_address>0x3ebc</load_address>
         <run_address>0x3ebc</run_address>
         <size>0x34</size>
         <input_file_ref idref="fl-b"/>
      </object_component>
      <object_component id="oc-dd">
         <name>.text</name>
         <load_address>0x3ef0</load_address>
         <run_address>0x3ef0</run_address>
         <size>0x34</size>
         <input_file_ref idref="fl-d"/>
      </object_component>
      <object_component id="oc-10f">
         <name>.text</name>
         <load_address>0x3f24</load_address>
         <run_address>0x3f24</run_address>
         <size>0x32</size>
         <input_file_ref idref="fl-4"/>
      </object_component>
      <object_component id="oc-1d5">
         <name>.text:_outs</name>
         <load_address>0x3f56</load_address>
         <run_address>0x3f56</run_address>
         <size>0x30</size>
         <input_file_ref idref="fl-ca"/>
      </object_component>
      <object_component id="oc-347">
         <name>.text</name>
         <load_address>0x3f86</load_address>
         <run_address>0x3f86</run_address>
         <size>0x2e</size>
         <input_file_ref idref="fl-de"/>
      </object_component>
      <object_component id="oc-d7">
         <name>.text</name>
         <load_address>0x3fb4</load_address>
         <run_address>0x3fb4</run_address>
         <size>0x28</size>
         <input_file_ref idref="fl-10"/>
      </object_component>
      <object_component id="oc-40">
         <name>.text:decompress:ZI:__TI_zero_init_nomemset:__TI_zero_init_nomemset</name>
         <load_address>0x3fdc</load_address>
         <run_address>0x3fdc</run_address>
         <size>0x1c</size>
         <input_file_ref idref="fl-ce"/>
      </object_component>
      <object_component id="oc-2ae">
         <name>.text:memccpy</name>
         <load_address>0x3ff8</load_address>
         <run_address>0x3ff8</run_address>
         <size>0x1c</size>
         <input_file_ref idref="fl-e7"/>
      </object_component>
      <object_component id="oc-3a2">
         <name>.text:copysign</name>
         <load_address>0x4014</load_address>
         <run_address>0x4014</run_address>
         <size>0x1a</size>
         <input_file_ref idref="fl-f3"/>
      </object_component>
      <object_component id="oc-1db">
         <name>.text:_outc</name>
         <load_address>0x402e</load_address>
         <run_address>0x402e</run_address>
         <size>0x18</size>
         <input_file_ref idref="fl-ca"/>
      </object_component>
      <object_component id="oc-2f3">
         <name>.text</name>
         <load_address>0x4046</load_address>
         <run_address>0x4046</run_address>
         <size>0x18</size>
         <input_file_ref idref="fl-f5"/>
      </object_component>
      <object_component id="oc-268">
         <name>.text:strrchr</name>
         <load_address>0x405e</load_address>
         <run_address>0x405e</run_address>
         <size>0x18</size>
         <input_file_ref idref="fl-eb"/>
      </object_component>
      <object_component id="oc-26e">
         <name>.text:strchr</name>
         <load_address>0x4076</load_address>
         <run_address>0x4076</run_address>
         <size>0x16</size>
         <input_file_ref idref="fl-e8"/>
      </object_component>
      <object_component id="oc-230">
         <name>.text:strcpy</name>
         <load_address>0x408c</load_address>
         <run_address>0x408c</run_address>
         <size>0x14</size>
         <input_file_ref idref="fl-e9"/>
      </object_component>
      <object_component id="oc-25c">
         <name>.text:strlen</name>
         <load_address>0x40a0</load_address>
         <run_address>0x40a0</run_address>
         <size>0x14</size>
         <input_file_ref idref="fl-ea"/>
      </object_component>
      <object_component id="oc-188">
         <name>.text:_inpchar</name>
         <load_address>0x40b4</load_address>
         <run_address>0x40b4</run_address>
         <size>0x12</size>
         <input_file_ref idref="fl-cb"/>
      </object_component>
      <object_component id="oc-2b4">
         <name>.text:wcslen</name>
         <load_address>0x40c6</load_address>
         <run_address>0x40c6</run_address>
         <size>0x12</size>
         <input_file_ref idref="fl-f2"/>
      </object_component>
      <object_component id="oc-1a">
         <name>.text:decompress:none:__TI_decompress_none</name>
         <load_address>0x40d8</load_address>
         <run_address>0x40d8</run_address>
         <size>0xe</size>
         <input_file_ref idref="fl-cf"/>
      </object_component>
      <object_component id="oc-64">
         <name>.text</name>
         <load_address>0x40e6</load_address>
         <run_address>0x40e6</run_address>
         <size>0xe</size>
         <input_file_ref idref="fl-c"/>
      </object_component>
      <object_component id="oc-2ba">
         <name>.text:__aeabi_errno_addr</name>
         <load_address>0x40f4</load_address>
         <run_address>0x40f4</run_address>
         <size>0x8</size>
         <input_file_ref idref="fl-f1"/>
      </object_component>
      <object_component id="oc-18e">
         <name>.text:_uninpchar</name>
         <load_address>0x40fc</load_address>
         <run_address>0x40fc</run_address>
         <size>0x8</size>
         <input_file_ref idref="fl-cb"/>
      </object_component>
      <object_component id="oc-90">
         <name>.text:_system_pre_init</name>
         <load_address>0x4104</load_address>
         <run_address>0x4104</run_address>
         <size>0x4</size>
         <input_file_ref idref="fl-e0"/>
      </object_component>
      <object_component id="oc-13f">
         <name>.text:abort:abort</name>
         <load_address>0x4108</load_address>
         <run_address>0x4108</run_address>
         <size>0x4</size>
         <input_file_ref idref="fl-e2"/>
      </object_component>
      <object_component id="oc-259">
         <name>.const:.string:_ctypes_</name>
         <load_address>0x4110</load_address>
         <run_address>0x4110</run_address>
         <size>0x101</size>
         <input_file_ref idref="fl-d1"/>
      </object_component>
      <object_component id="oc-316">
         <name>.const:$O1$$</name>
         <load_address>0x4218</load_address>
         <run_address>0x4218</run_address>
         <size>0xc8</size>
         <input_file_ref idref="fl-ec"/>
      </object_component>
      <object_component id="oc-274">
         <name>.const:$O1$$</name>
         <load_address>0x42e0</load_address>
         <run_address>0x42e0</run_address>
         <size>0x10</size>
         <input_file_ref idref="fl-d4"/>
      </object_component>
      <object_component id="oc-41a">
         <name>.cinit..data.load</name>
         <load_address>0x42f0</load_address>
         <run_address>0x42f0</run_address>
         <size>0x9a</size>
      </object_component>
      <object_component id="oc-418">
         <name>__TI_handler_table</name>
         <load_address>0x438c</load_address>
         <run_address>0x438c</run_address>
         <size>0xc</size>
      </object_component>
      <object_component id="oc-41b">
         <name>.cinit..bss.load</name>
         <load_address>0x4398</load_address>
         <run_address>0x4398</run_address>
         <size>0x8</size>
      </object_component>
      <object_component id="oc-419">
         <name>__TI_cinit_table</name>
         <load_address>0x43a0</load_address>
         <run_address>0x43a0</run_address>
         <size>0x10</size>
      </object_component>
      <object_component id="oc-3ed">
         <name>.binit</name>
         <load_address>0x0</load_address>
         <run_address>0x0</run_address>
         <size>0x0</size>
      </object_component>
      <object_component id="oc-b8">
         <name>.data:wrongStringInput</name>
         <load_address>0x200001e0</load_address>
         <run_address>0x200001e0</run_address>
         <size>0x50</size>
         <input_file_ref idref="fl-3"/>
      </object_component>
      <object_component id="oc-115">
         <name>.data:newLine</name>
         <load_address>0x2000023a</load_address>
         <run_address>0x2000023a</run_address>
         <size>0x2</size>
         <input_file_ref idref="fl-3"/>
      </object_component>
      <object_component id="oc-bb">
         <name>.data</name>
         <load_address>0x20000238</load_address>
         <run_address>0x20000238</run_address>
         <size>0x2</size>
         <input_file_ref idref="fl-3"/>
      </object_component>
      <object_component id="oc-1b8">
         <name>.data:uiLines</name>
         <load_address>0x20000190</load_address>
         <run_address>0x20000190</run_address>
         <size>0x50</size>
         <input_file_ref idref="fl-6"/>
      </object_component>
      <object_component id="oc-1bb">
         <name>.data:messages</name>
         <load_address>0x20000000</load_address>
         <run_address>0x20000000</run_address>
         <size>0x190</size>
         <input_file_ref idref="fl-6"/>
      </object_component>
      <object_component id="oc-287">
         <name>.data</name>
         <load_address>0x2000023c</load_address>
         <run_address>0x2000023c</run_address>
         <size>0x1</size>
         <input_file_ref idref="fl-9"/>
      </object_component>
      <object_component id="oc-17d">
         <name>.data</name>
         <load_address>0x20000234</load_address>
         <run_address>0x20000234</run_address>
         <size>0x4</size>
         <input_file_ref idref="fl-e"/>
      </object_component>
      <object_component id="oc-377">
         <name>.data</name>
         <load_address>0x20000230</load_address>
         <run_address>0x20000230</run_address>
         <size>0x4</size>
         <input_file_ref idref="fl-f1"/>
      </object_component>
      <object_component id="oc-10e">
         <name>.common:x</name>
         <uninitialized>true</uninitialized>
         <run_address>0x2000025e</run_address>
         <size>0x2</size>
      </object_component>
      <object_component id="oc-ef">
         <name>.common:buffer</name>
         <uninitialized>true</uninitialized>
         <run_address>0x2000023e</run_address>
         <size>0xc</size>
      </object_component>
      <object_component id="oc-b5">
         <name>.common:i</name>
         <uninitialized>true</uninitialized>
         <run_address>0x20000258</run_address>
         <size>0x2</size>
      </object_component>
      <object_component id="oc-be">
         <name>.common:readValue</name>
         <uninitialized>true</uninitialized>
         <run_address>0x2000025a</run_address>
         <size>0x2</size>
      </object_component>
      <object_component id="oc-11a">
         <name>.common:writeAddress</name>
         <uninitialized>true</uninitialized>
         <run_address>0x2000025c</run_address>
         <size>0x2</size>
      </object_component>
      <object_component id="oc-11b">
         <name>.common:data</name>
         <uninitialized>true</uninitialized>
         <run_address>0x20000256</run_address>
         <size>0x2</size>
      </object_component>
      <object_component id="oc-119">
         <name>.common:controlByte</name>
         <uninitialized>true</uninitialized>
         <run_address>0x20000254</run_address>
         <size>0x2</size>
      </object_component>
      <object_component id="oc-118">
         <name>.common:blockNumber</name>
         <uninitialized>true</uninitialized>
         <run_address>0x20000252</run_address>
         <size>0x2</size>
      </object_component>
      <object_component id="oc-11c">
         <name>.common:readConvert</name>
         <uninitialized>true</uninitialized>
         <run_address>0x2000024a</run_address>
         <size>0x8</size>
      </object_component>
      <object_component id="oc-26">
         <name>.stack</name>
         <uninitialized>true</uninitialized>
         <run_address>0x2000fe00</run_address>
         <size>0x4</size>
         <input_file_ref idref="fl-d2"/>
      </object_component>
      <object_component id="oc-41c">
         <name>.stack</name>
         <uninitialized>true</uninitialized>
         <run_address>0x2000fe00</run_address>
         <size>0x0</size>
      </object_component>
      <object_component id="oc-f0">
         <name>.debug_info</name>
         <load_address>0x0</load_address>
         <run_address>0x0</run_address>
         <size>0x604</size>
         <input_file_ref idref="fl-2"/>
      </object_component>
      <object_component id="oc-10c">
         <name>.debug_info</name>
         <load_address>0x604</load_address>
         <run_address>0x604</run_address>
         <size>0x150</size>
         <input_file_ref idref="fl-2"/>
      </object_component>
      <object_component id="oc-1a3">
         <name>.debug_info</name>
         <load_address>0x754</load_address>
         <run_address>0x754</run_address>
         <size>0x37e2</size>
         <input_file_ref idref="fl-2"/>
      </object_component>
      <object_component id="oc-12a">
         <name>.debug_info</name>
         <load_address>0x3f36</load_address>
         <run_address>0x3f36</run_address>
         <size>0x26b</size>
         <input_file_ref idref="fl-2"/>
      </object_component>
      <object_component id="oc-1a8">
         <name>.debug_info</name>
         <load_address>0x41a1</load_address>
         <run_address>0x41a1</run_address>
         <size>0x1055</size>
         <input_file_ref idref="fl-2"/>
      </object_component>
      <object_component id="oc-2f">
         <name>.debug_info</name>
         <load_address>0x51f6</load_address>
         <run_address>0x51f6</run_address>
         <size>0x84</size>
         <input_file_ref idref="fl-2"/>
      </object_component>
      <object_component id="oc-209">
         <name>.debug_info</name>
         <load_address>0x527a</load_address>
         <run_address>0x527a</run_address>
         <size>0x297</size>
         <input_file_ref idref="fl-2"/>
      </object_component>
      <object_component id="oc-123">
         <name>.debug_info</name>
         <load_address>0x5511</load_address>
         <run_address>0x5511</run_address>
         <size>0xbb</size>
         <input_file_ref idref="fl-2"/>
      </object_component>
      <object_component id="oc-1ad">
         <name>.debug_info</name>
         <load_address>0x55cc</load_address>
         <run_address>0x55cc</run_address>
         <size>0xcc</size>
         <input_file_ref idref="fl-2"/>
      </object_component>
      <object_component id="oc-19c">
         <name>.debug_info</name>
         <load_address>0x5698</load_address>
         <run_address>0x5698</run_address>
         <size>0x2c</size>
         <input_file_ref idref="fl-2"/>
      </object_component>
      <object_component id="oc-b6">
         <name>.debug_info</name>
         <load_address>0x56c4</load_address>
         <run_address>0x56c4</run_address>
         <size>0x8bf</size>
         <input_file_ref idref="fl-3"/>
      </object_component>
      <object_component id="oc-b9">
         <name>.debug_info</name>
         <load_address>0x5f83</load_address>
         <run_address>0x5f83</run_address>
         <size>0xf7</size>
         <input_file_ref idref="fl-3"/>
      </object_component>
      <object_component id="oc-116">
         <name>.debug_info</name>
         <load_address>0x607a</load_address>
         <run_address>0x607a</run_address>
         <size>0xe5</size>
         <input_file_ref idref="fl-3"/>
      </object_component>
      <object_component id="oc-bc">
         <name>.debug_info</name>
         <load_address>0x615f</load_address>
         <run_address>0x615f</run_address>
         <size>0x10e</size>
         <input_file_ref idref="fl-3"/>
      </object_component>
      <object_component id="oc-6b">
         <name>.debug_info</name>
         <load_address>0x626d</load_address>
         <run_address>0x626d</run_address>
         <size>0x44a</size>
         <input_file_ref idref="fl-3"/>
      </object_component>
      <object_component id="oc-11e">
         <name>.debug_info</name>
         <load_address>0x66b7</load_address>
         <run_address>0x66b7</run_address>
         <size>0x8b</size>
         <input_file_ref idref="fl-3"/>
      </object_component>
      <object_component id="oc-f2">
         <name>.debug_info</name>
         <load_address>0x6742</load_address>
         <run_address>0x6742</run_address>
         <size>0x5fa</size>
         <input_file_ref idref="fl-4"/>
      </object_component>
      <object_component id="oc-110">
         <name>.debug_info</name>
         <load_address>0x6d3c</load_address>
         <run_address>0x6d3c</run_address>
         <size>0x15b</size>
         <input_file_ref idref="fl-4"/>
      </object_component>
      <object_component id="oc-f4">
         <name>.debug_info</name>
         <load_address>0x6e97</load_address>
         <run_address>0x6e97</run_address>
         <size>0x5d6</size>
         <input_file_ref idref="fl-5"/>
      </object_component>
      <object_component id="oc-c2">
         <name>.debug_info</name>
         <load_address>0x746d</load_address>
         <run_address>0x746d</run_address>
         <size>0x118</size>
         <input_file_ref idref="fl-5"/>
      </object_component>
      <object_component id="oc-f6">
         <name>.debug_info</name>
         <load_address>0x7585</load_address>
         <run_address>0x7585</run_address>
         <size>0x643</size>
         <input_file_ref idref="fl-6"/>
      </object_component>
      <object_component id="oc-1b9">
         <name>.debug_info</name>
         <load_address>0x7bc8</load_address>
         <run_address>0x7bc8</run_address>
         <size>0xea</size>
         <input_file_ref idref="fl-6"/>
      </object_component>
      <object_component id="oc-1bc">
         <name>.debug_info</name>
         <load_address>0x7cb2</load_address>
         <run_address>0x7cb2</run_address>
         <size>0xec</size>
         <input_file_ref idref="fl-6"/>
      </object_component>
      <object_component id="oc-cd">
         <name>.debug_info</name>
         <load_address>0x7d9e</load_address>
         <run_address>0x7d9e</run_address>
         <size>0x17c</size>
         <input_file_ref idref="fl-6"/>
      </object_component>
      <object_component id="oc-f8">
         <name>.debug_info</name>
         <load_address>0x7f1a</load_address>
         <run_address>0x7f1a</run_address>
         <size>0x5db</size>
         <input_file_ref idref="fl-7"/>
      </object_component>
      <object_component id="oc-ab">
         <name>.debug_info</name>
         <load_address>0x84f5</load_address>
         <run_address>0x84f5</run_address>
         <size>0x142</size>
         <input_file_ref idref="fl-7"/>
      </object_component>
      <object_component id="oc-fa">
         <name>.debug_info</name>
         <load_address>0x8637</load_address>
         <run_address>0x8637</run_address>
         <size>0x62f</size>
         <input_file_ref idref="fl-8"/>
      </object_component>
      <object_component id="oc-e7">
         <name>.debug_info</name>
         <load_address>0x8c66</load_address>
         <run_address>0x8c66</run_address>
         <size>0x1e9</size>
         <input_file_ref idref="fl-8"/>
      </object_component>
      <object_component id="oc-fc">
         <name>.debug_info</name>
         <load_address>0x8e4f</load_address>
         <run_address>0x8e4f</run_address>
         <size>0x5da</size>
         <input_file_ref idref="fl-9"/>
      </object_component>
      <object_component id="oc-288">
         <name>.debug_info</name>
         <load_address>0x9429</load_address>
         <run_address>0x9429</run_address>
         <size>0xf4</size>
         <input_file_ref idref="fl-9"/>
      </object_component>
      <object_component id="oc-1cb">
         <name>.debug_info</name>
         <load_address>0x951d</load_address>
         <run_address>0x951d</run_address>
         <size>0x14e</size>
         <input_file_ref idref="fl-9"/>
      </object_component>
      <object_component id="oc-fe">
         <name>.debug_info</name>
         <load_address>0x966b</load_address>
         <run_address>0x966b</run_address>
         <size>0x5d7</size>
         <input_file_ref idref="fl-a"/>
      </object_component>
      <object_component id="oc-1c3">
         <name>.debug_info</name>
         <load_address>0x9c42</load_address>
         <run_address>0x9c42</run_address>
         <size>0x140</size>
         <input_file_ref idref="fl-a"/>
      </object_component>
      <object_component id="oc-100">
         <name>.debug_info</name>
         <load_address>0x9d82</load_address>
         <run_address>0x9d82</run_address>
         <size>0x5d7</size>
         <input_file_ref idref="fl-b"/>
      </object_component>
      <object_component id="oc-d4">
         <name>.debug_info</name>
         <load_address>0xa359</load_address>
         <run_address>0xa359</run_address>
         <size>0x11d</size>
         <input_file_ref idref="fl-b"/>
      </object_component>
      <object_component id="oc-72">
         <name>.debug_info</name>
         <load_address>0xa476</load_address>
         <run_address>0xa476</run_address>
         <size>0x2de</size>
         <input_file_ref idref="fl-c"/>
      </object_component>
      <object_component id="oc-24">
         <name>.debug_info</name>
         <load_address>0xa754</load_address>
         <run_address>0xa754</run_address>
         <size>0x10a</size>
         <input_file_ref idref="fl-c"/>
      </object_component>
      <object_component id="oc-65">
         <name>.debug_info</name>
         <load_address>0xa85e</load_address>
         <run_address>0xa85e</run_address>
         <size>0x1d1</size>
         <input_file_ref idref="fl-c"/>
      </object_component>
      <object_component id="oc-102">
         <name>.debug_info</name>
         <load_address>0xaa2f</load_address>
         <run_address>0xaa2f</run_address>
         <size>0x5d6</size>
         <input_file_ref idref="fl-d"/>
      </object_component>
      <object_component id="oc-de">
         <name>.debug_info</name>
         <load_address>0xb005</load_address>
         <run_address>0xb005</run_address>
         <size>0x118</size>
         <input_file_ref idref="fl-d"/>
      </object_component>
      <object_component id="oc-17e">
         <name>.debug_info</name>
         <load_address>0xb11d</load_address>
         <run_address>0xb11d</run_address>
         <size>0x103</size>
         <input_file_ref idref="fl-e"/>
      </object_component>
      <object_component id="oc-a3">
         <name>.debug_info</name>
         <load_address>0xb220</load_address>
         <run_address>0xb220</run_address>
         <size>0x275</size>
         <input_file_ref idref="fl-e"/>
      </object_component>
      <object_component id="oc-104">
         <name>.debug_info</name>
         <load_address>0xb495</load_address>
         <run_address>0xb495</run_address>
         <size>0x5d7</size>
         <input_file_ref idref="fl-f"/>
      </object_component>
      <object_component id="oc-c6">
         <name>.debug_info</name>
         <load_address>0xba6c</load_address>
         <run_address>0xba6c</run_address>
         <size>0x11d</size>
         <input_file_ref idref="fl-f"/>
      </object_component>
      <object_component id="oc-106">
         <name>.debug_info</name>
         <load_address>0xbb89</load_address>
         <run_address>0xbb89</run_address>
         <size>0x5f6</size>
         <input_file_ref idref="fl-10"/>
      </object_component>
      <object_component id="oc-d8">
         <name>.debug_info</name>
         <load_address>0xc17f</load_address>
         <run_address>0xc17f</run_address>
         <size>0x1e0</size>
         <input_file_ref idref="fl-10"/>
      </object_component>
      <object_component id="oc-1e2">
         <name>.debug_info</name>
         <load_address>0xc35f</load_address>
         <run_address>0xc35f</run_address>
         <size>0x33b</size>
         <input_file_ref idref="fl-ca"/>
      </object_component>
      <object_component id="oc-ea">
         <name>.debug_info</name>
         <load_address>0xc69a</load_address>
         <run_address>0xc69a</run_address>
         <size>0x1ef</size>
         <input_file_ref idref="fl-ca"/>
      </object_component>
      <object_component id="oc-1d6">
         <name>.debug_info</name>
         <load_address>0xc889</load_address>
         <run_address>0xc889</run_address>
         <size>0x1c4</size>
         <input_file_ref idref="fl-ca"/>
      </object_component>
      <object_component id="oc-1dc">
         <name>.debug_info</name>
         <load_address>0xca4d</load_address>
         <run_address>0xca4d</run_address>
         <size>0x177</size>
         <input_file_ref idref="fl-ca"/>
      </object_component>
      <object_component id="oc-1e3">
         <name>.debug_info</name>
         <load_address>0xcbc4</load_address>
         <run_address>0xcbc4</run_address>
         <size>0x2c</size>
         <input_file_ref idref="fl-ca"/>
      </object_component>
      <object_component id="oc-1e8">
         <name>.debug_info</name>
         <load_address>0xcbf0</load_address>
         <run_address>0xcbf0</run_address>
         <size>0x69</size>
         <input_file_ref idref="fl-ca"/>
      </object_component>
      <object_component id="oc-19b">
         <name>.debug_info</name>
         <load_address>0xcc59</load_address>
         <run_address>0xcc59</run_address>
         <size>0x37b</size>
         <input_file_ref idref="fl-cb"/>
      </object_component>
      <object_component id="oc-b0">
         <name>.debug_info</name>
         <load_address>0xcfd4</load_address>
         <run_address>0xcfd4</run_address>
         <size>0x17f</size>
         <input_file_ref idref="fl-cb"/>
      </object_component>
      <object_component id="oc-18f">
         <name>.debug_info</name>
         <load_address>0xd153</load_address>
         <run_address>0xd153</run_address>
         <size>0x172</size>
         <input_file_ref idref="fl-cb"/>
      </object_component>
      <object_component id="oc-189">
         <name>.debug_info</name>
         <load_address>0xd2c5</load_address>
         <run_address>0xd2c5</run_address>
         <size>0x17f</size>
         <input_file_ref idref="fl-cb"/>
      </object_component>
      <object_component id="oc-197">
         <name>.debug_info</name>
         <load_address>0xd444</load_address>
         <run_address>0xd444</run_address>
         <size>0x1df</size>
         <input_file_ref idref="fl-cb"/>
      </object_component>
      <object_component id="oc-8c">
         <name>.debug_info</name>
         <load_address>0xd623</load_address>
         <run_address>0xd623</run_address>
         <size>0x148</size>
         <input_file_ref idref="fl-cc"/>
      </object_component>
      <object_component id="oc-37">
         <name>.debug_info</name>
         <load_address>0xd76b</load_address>
         <run_address>0xd76b</run_address>
         <size>0x11a</size>
         <input_file_ref idref="fl-cd"/>
      </object_component>
      <object_component id="oc-89">
         <name>.debug_info</name>
         <load_address>0xd885</load_address>
         <run_address>0xd885</run_address>
         <size>0x2d5</size>
         <input_file_ref idref="fl-ce"/>
      </object_component>
      <object_component id="oc-42">
         <name>.debug_info</name>
         <load_address>0xdb5a</load_address>
         <run_address>0xdb5a</run_address>
         <size>0x1d3</size>
         <input_file_ref idref="fl-ce"/>
      </object_component>
      <object_component id="oc-84">
         <name>.debug_info</name>
         <load_address>0xdd2d</load_address>
         <run_address>0xdd2d</run_address>
         <size>0x46</size>
         <input_file_ref idref="fl-ce"/>
      </object_component>
      <object_component id="oc-136">
         <name>.debug_info</name>
         <load_address>0xdd73</load_address>
         <run_address>0xdd73</run_address>
         <size>0x2c</size>
         <input_file_ref idref="fl-ce"/>
      </object_component>
      <object_component id="oc-3f">
         <name>.debug_info</name>
         <load_address>0xdd9f</load_address>
         <run_address>0xdd9f</run_address>
         <size>0x2a9</size>
         <input_file_ref idref="fl-cf"/>
      </object_component>
      <object_component id="oc-1c">
         <name>.debug_info</name>
         <load_address>0xe048</load_address>
         <run_address>0xe048</run_address>
         <size>0x1eb</size>
         <input_file_ref idref="fl-cf"/>
      </object_component>
      <object_component id="oc-3a">
         <name>.debug_info</name>
         <load_address>0xe233</load_address>
         <run_address>0xe233</run_address>
         <size>0x46</size>
         <input_file_ref idref="fl-cf"/>
      </object_component>
      <object_component id="oc-7c">
         <name>.debug_info</name>
         <load_address>0xe279</load_address>
         <run_address>0xe279</run_address>
         <size>0x2c</size>
         <input_file_ref idref="fl-cf"/>
      </object_component>
      <object_component id="oc-7a">
         <name>.debug_info</name>
         <load_address>0xe2a5</load_address>
         <run_address>0xe2a5</run_address>
         <size>0x29f</size>
         <input_file_ref idref="fl-d0"/>
      </object_component>
      <object_component id="oc-16">
         <name>.debug_info</name>
         <load_address>0xe544</load_address>
         <run_address>0xe544</run_address>
         <size>0x251</size>
         <input_file_ref idref="fl-d0"/>
      </object_component>
      <object_component id="oc-2a">
         <name>.debug_info</name>
         <load_address>0xe795</load_address>
         <run_address>0xe795</run_address>
         <size>0x60</size>
         <input_file_ref idref="fl-d0"/>
      </object_component>
      <object_component id="oc-12f">
         <name>.debug_info</name>
         <load_address>0xe7f5</load_address>
         <run_address>0xe7f5</run_address>
         <size>0x46</size>
         <input_file_ref idref="fl-d0"/>
      </object_component>
      <object_component id="oc-75">
         <name>.debug_info</name>
         <load_address>0xe83b</load_address>
         <run_address>0xe83b</run_address>
         <size>0x39</size>
         <input_file_ref idref="fl-d0"/>
      </object_component>
      <object_component id="oc-323">
         <name>.debug_info</name>
         <load_address>0xe874</load_address>
         <run_address>0xe874</run_address>
         <size>0xfa</size>
         <input_file_ref idref="fl-d1"/>
      </object_component>
      <object_component id="oc-25a">
         <name>.debug_info</name>
         <load_address>0xe96e</load_address>
         <run_address>0xe96e</run_address>
         <size>0x106</size>
         <input_file_ref idref="fl-d1"/>
      </object_component>
      <object_component id="oc-27">
         <name>.debug_info</name>
         <load_address>0xea74</load_address>
         <run_address>0xea74</run_address>
         <size>0x10c</size>
         <input_file_ref idref="fl-d2"/>
      </object_component>
      <object_component id="oc-56">
         <name>.debug_info</name>
         <load_address>0xeb80</load_address>
         <run_address>0xeb80</run_address>
         <size>0x1aa</size>
         <input_file_ref idref="fl-d2"/>
      </object_component>
      <object_component id="oc-2c1">
         <name>.debug_info</name>
         <load_address>0xed2a</load_address>
         <run_address>0xed2a</run_address>
         <size>0x57c</size>
         <input_file_ref idref="fl-d3"/>
      </object_component>
      <object_component id="oc-28e">
         <name>.debug_info</name>
         <load_address>0xf2a6</load_address>
         <run_address>0xf2a6</run_address>
         <size>0x21f</size>
         <input_file_ref idref="fl-d3"/>
      </object_component>
      <object_component id="oc-34f">
         <name>.debug_info</name>
         <load_address>0xf4c5</load_address>
         <run_address>0xf4c5</run_address>
         <size>0x1b4</size>
         <input_file_ref idref="fl-d3"/>
      </object_component>
      <object_component id="oc-355">
         <name>.debug_info</name>
         <load_address>0xf679</load_address>
         <run_address>0xf679</run_address>
         <size>0x21c</size>
         <input_file_ref idref="fl-d3"/>
      </object_component>
      <object_component id="oc-299">
         <name>.debug_info</name>
         <load_address>0xf895</load_address>
         <run_address>0xf895</run_address>
         <size>0x3bc</size>
         <input_file_ref idref="fl-d3"/>
      </object_component>
      <object_component id="oc-35c">
         <name>.debug_info</name>
         <load_address>0xfc51</load_address>
         <run_address>0xfc51</run_address>
         <size>0x306</size>
         <input_file_ref idref="fl-d3"/>
      </object_component>
      <object_component id="oc-362">
         <name>.debug_info</name>
         <load_address>0xff57</load_address>
         <run_address>0xff57</run_address>
         <size>0x216</size>
         <input_file_ref idref="fl-d3"/>
      </object_component>
      <object_component id="oc-29f">
         <name>.debug_info</name>
         <load_address>0x1016d</load_address>
         <run_address>0x1016d</run_address>
         <size>0x216</size>
         <input_file_ref idref="fl-d3"/>
      </object_component>
      <object_component id="oc-2a5">
         <name>.debug_info</name>
         <load_address>0x10383</load_address>
         <run_address>0x10383</run_address>
         <size>0x305</size>
         <input_file_ref idref="fl-d3"/>
      </object_component>
      <object_component id="oc-2ab">
         <name>.debug_info</name>
         <load_address>0x10688</load_address>
         <run_address>0x10688</run_address>
         <size>0x4b1</size>
         <input_file_ref idref="fl-d3"/>
      </object_component>
      <object_component id="oc-1d2">
         <name>.debug_info</name>
         <load_address>0x10b39</load_address>
         <run_address>0x10b39</run_address>
         <size>0x5f5</size>
         <input_file_ref idref="fl-d3"/>
      </object_component>
      <object_component id="oc-2c2">
         <name>.debug_info</name>
         <load_address>0x1112e</load_address>
         <run_address>0x1112e</run_address>
         <size>0x86</size>
         <input_file_ref idref="fl-d3"/>
      </object_component>
      <object_component id="oc-32e">
         <name>.debug_info</name>
         <load_address>0x111b4</load_address>
         <run_address>0x111b4</run_address>
         <size>0x39</size>
         <input_file_ref idref="fl-d3"/>
      </object_component>
      <object_component id="oc-3d9">
         <name>.debug_info</name>
         <load_address>0x111ed</load_address>
         <run_address>0x111ed</run_address>
         <size>0xb6</size>
         <input_file_ref idref="fl-d3"/>
      </object_component>
      <object_component id="oc-37e">
         <name>.debug_info</name>
         <load_address>0x112a3</load_address>
         <run_address>0x112a3</run_address>
         <size>0x46</size>
         <input_file_ref idref="fl-d3"/>
      </object_component>
      <object_component id="oc-2c7">
         <name>.debug_info</name>
         <load_address>0x112e9</load_address>
         <run_address>0x112e9</run_address>
         <size>0x46</size>
         <input_file_ref idref="fl-d3"/>
      </object_component>
      <object_component id="oc-276">
         <name>.debug_info</name>
         <load_address>0x1132f</load_address>
         <run_address>0x1132f</run_address>
         <size>0x5cf</size>
         <input_file_ref idref="fl-d4"/>
      </object_component>
      <object_component id="oc-186">
         <name>.debug_info</name>
         <load_address>0x118fe</load_address>
         <run_address>0x118fe</run_address>
         <size>0x984</size>
         <input_file_ref idref="fl-d4"/>
      </object_component>
      <object_component id="oc-278">
         <name>.debug_info</name>
         <load_address>0x12282</load_address>
         <run_address>0x12282</run_address>
         <size>0x9a</size>
         <input_file_ref idref="fl-d4"/>
      </object_component>
      <object_component id="oc-3cb">
         <name>.debug_info</name>
         <load_address>0x1231c</load_address>
         <run_address>0x1231c</run_address>
         <size>0x29b</size>
         <input_file_ref idref="fl-d5"/>
      </object_component>
      <object_component id="oc-36b">
         <name>.debug_info</name>
         <load_address>0x125b7</load_address>
         <run_address>0x125b7</run_address>
         <size>0x196</size>
         <input_file_ref idref="fl-d5"/>
      </object_component>
      <object_component id="oc-3e2">
         <name>.debug_info</name>
         <load_address>0x1274d</load_address>
         <run_address>0x1274d</run_address>
         <size>0x39</size>
         <input_file_ref idref="fl-d5"/>
      </object_component>
      <object_component id="oc-3aa">
         <name>.debug_info</name>
         <load_address>0x12786</load_address>
         <run_address>0x12786</run_address>
         <size>0x2c</size>
         <input_file_ref idref="fl-d5"/>
      </object_component>
      <object_component id="oc-3a9">
         <name>.debug_info</name>
         <load_address>0x127b2</load_address>
         <run_address>0x127b2</run_address>
         <size>0x2fe</size>
         <input_file_ref idref="fl-d6"/>
      </object_component>
      <object_component id="oc-312">
         <name>.debug_info</name>
         <load_address>0x12ab0</load_address>
         <run_address>0x12ab0</run_address>
         <size>0x226</size>
         <input_file_ref idref="fl-d6"/>
      </object_component>
      <object_component id="oc-2f9">
         <name>.debug_info</name>
         <load_address>0x12cd6</load_address>
         <run_address>0x12cd6</run_address>
         <size>0x135</size>
         <input_file_ref idref="fl-d7"/>
      </object_component>
      <object_component id="oc-309">
         <name>.debug_info</name>
         <load_address>0x12e0b</load_address>
         <run_address>0x12e0b</run_address>
         <size>0x14d</size>
         <input_file_ref idref="fl-d8"/>
      </object_component>
      <object_component id="oc-293">
         <name>.debug_info</name>
         <load_address>0x12f58</load_address>
         <run_address>0x12f58</run_address>
         <size>0x129</size>
         <input_file_ref idref="fl-d9"/>
      </object_component>
      <object_component id="oc-338">
         <name>.debug_info</name>
         <load_address>0x13081</load_address>
         <run_address>0x13081</run_address>
         <size>0x12b</size>
         <input_file_ref idref="fl-d9"/>
      </object_component>
      <object_component id="oc-30e">
         <name>.debug_info</name>
         <load_address>0x131ac</load_address>
         <run_address>0x131ac</run_address>
         <size>0x13b</size>
         <input_file_ref idref="fl-da"/>
      </object_component>
      <object_component id="oc-304">
         <name>.debug_info</name>
         <load_address>0x132e7</load_address>
         <run_address>0x132e7</run_address>
         <size>0x13b</size>
         <input_file_ref idref="fl-db"/>
      </object_component>
      <object_component id="oc-33f">
         <name>.debug_info</name>
         <load_address>0x13422</load_address>
         <run_address>0x13422</run_address>
         <size>0x12f</size>
         <input_file_ref idref="fl-dc"/>
      </object_component>
      <object_component id="oc-24a">
         <name>.debug_info</name>
         <load_address>0x13551</load_address>
         <run_address>0x13551</run_address>
         <size>0x13f</size>
         <input_file_ref idref="fl-dd"/>
      </object_component>
      <object_component id="oc-349">
         <name>.debug_info</name>
         <load_address>0x13690</load_address>
         <run_address>0x13690</run_address>
         <size>0x12d</size>
         <input_file_ref idref="fl-de"/>
      </object_component>
      <object_component id="oc-219">
         <name>.debug_info</name>
         <load_address>0x137bd</load_address>
         <run_address>0x137bd</run_address>
         <size>0x4b4</size>
         <input_file_ref idref="fl-df"/>
      </object_component>
      <object_component id="oc-14e">
         <name>.debug_info</name>
         <load_address>0x13c71</load_address>
         <run_address>0x13c71</run_address>
         <size>0x1a7</size>
         <input_file_ref idref="fl-df"/>
      </object_component>
      <object_component id="oc-2e0">
         <name>.debug_info</name>
         <load_address>0x13e18</load_address>
         <run_address>0x13e18</run_address>
         <size>0x39</size>
         <input_file_ref idref="fl-df"/>
      </object_component>
      <object_component id="oc-386">
         <name>.debug_info</name>
         <load_address>0x13e51</load_address>
         <run_address>0x13e51</run_address>
         <size>0x39</size>
         <input_file_ref idref="fl-df"/>
      </object_component>
      <object_component id="oc-2e5">
         <name>.debug_info</name>
         <load_address>0x13e8a</load_address>
         <run_address>0x13e8a</run_address>
         <size>0x39</size>
         <input_file_ref idref="fl-df"/>
      </object_component>
      <object_component id="oc-2ea">
         <name>.debug_info</name>
         <load_address>0x13ec3</load_address>
         <run_address>0x13ec3</run_address>
         <size>0xcd</size>
         <input_file_ref idref="fl-df"/>
      </object_component>
      <object_component id="oc-94">
         <name>.debug_info</name>
         <load_address>0x13f90</load_address>
         <run_address>0x13f90</run_address>
         <size>0x154</size>
         <input_file_ref idref="fl-e0"/>
      </object_component>
      <object_component id="oc-142">
         <name>.debug_info</name>
         <load_address>0x140e4</load_address>
         <run_address>0x140e4</run_address>
         <size>0x123</size>
         <input_file_ref idref="fl-e2"/>
      </object_component>
      <object_component id="oc-327">
         <name>.debug_info</name>
         <load_address>0x14207</load_address>
         <run_address>0x14207</run_address>
         <size>0x2ba</size>
         <input_file_ref idref="fl-e5"/>
      </object_component>
      <object_component id="oc-264">
         <name>.debug_info</name>
         <load_address>0x144c1</load_address>
         <run_address>0x144c1</run_address>
         <size>0x17d</size>
         <input_file_ref idref="fl-e5"/>
      </object_component>
      <object_component id="oc-3c4">
         <name>.debug_info</name>
         <load_address>0x1463e</load_address>
         <run_address>0x1463e</run_address>
         <size>0x29c</size>
         <input_file_ref idref="fl-e6"/>
      </object_component>
      <object_component id="oc-344">
         <name>.debug_info</name>
         <load_address>0x148da</load_address>
         <run_address>0x148da</run_address>
         <size>0x1ce</size>
         <input_file_ref idref="fl-e6"/>
      </object_component>
      <object_component id="oc-36f">
         <name>.debug_info</name>
         <load_address>0x14aa8</load_address>
         <run_address>0x14aa8</run_address>
         <size>0x297</size>
         <input_file_ref idref="fl-e7"/>
      </object_component>
      <object_component id="oc-2b2">
         <name>.debug_info</name>
         <load_address>0x14d3f</load_address>
         <run_address>0x14d3f</run_address>
         <size>0x1b7</size>
         <input_file_ref idref="fl-e7"/>
      </object_component>
      <object_component id="oc-32b">
         <name>.debug_info</name>
         <load_address>0x14ef6</load_address>
         <run_address>0x14ef6</run_address>
         <size>0x29b</size>
         <input_file_ref idref="fl-e8"/>
      </object_component>
      <object_component id="oc-271">
         <name>.debug_info</name>
         <load_address>0x15191</load_address>
         <run_address>0x15191</run_address>
         <size>0x263</size>
         <input_file_ref idref="fl-e8"/>
      </object_component>
      <object_component id="oc-2f2">
         <name>.debug_info</name>
         <load_address>0x153f4</load_address>
         <run_address>0x153f4</run_address>
         <size>0x2a5</size>
         <input_file_ref idref="fl-e9"/>
      </object_component>
      <object_component id="oc-234">
         <name>.debug_info</name>
         <load_address>0x15699</load_address>
         <run_address>0x15699</run_address>
         <size>0x24d</size>
         <input_file_ref idref="fl-e9"/>
      </object_component>
      <object_component id="oc-325">
         <name>.debug_info</name>
         <load_address>0x158e6</load_address>
         <run_address>0x158e6</run_address>
         <size>0x290</size>
         <input_file_ref idref="fl-ea"/>
      </object_component>
      <object_component id="oc-25f">
         <name>.debug_info</name>
         <load_address>0x15b76</load_address>
         <run_address>0x15b76</run_address>
         <size>0x246</size>
         <input_file_ref idref="fl-ea"/>
      </object_component>
      <object_component id="oc-329">
         <name>.debug_info</name>
         <load_address>0x15dbc</load_address>
         <run_address>0x15dbc</run_address>
         <size>0x297</size>
         <input_file_ref idref="fl-eb"/>
      </object_component>
      <object_component id="oc-26a">
         <name>.debug_info</name>
         <load_address>0x16053</load_address>
         <run_address>0x16053</run_address>
         <size>0x266</size>
         <input_file_ref idref="fl-eb"/>
      </object_component>
      <object_component id="oc-31a">
         <name>.debug_info</name>
         <load_address>0x162b9</load_address>
         <run_address>0x162b9</run_address>
         <size>0x3b7</size>
         <input_file_ref idref="fl-ec"/>
      </object_component>
      <object_component id="oc-317">
         <name>.debug_info</name>
         <load_address>0x16670</load_address>
         <run_address>0x16670</run_address>
         <size>0x124</size>
         <input_file_ref idref="fl-ec"/>
      </object_component>
      <object_component id="oc-244">
         <name>.debug_info</name>
         <load_address>0x16794</load_address>
         <run_address>0x16794</run_address>
         <size>0x4e1</size>
         <input_file_ref idref="fl-ec"/>
      </object_component>
      <object_component id="oc-31e">
         <name>.debug_info</name>
         <load_address>0x16c75</load_address>
         <run_address>0x16c75</run_address>
         <size>0x322</size>
         <input_file_ref idref="fl-ed"/>
      </object_component>
      <object_component id="oc-250">
         <name>.debug_info</name>
         <load_address>0x16f97</load_address>
         <run_address>0x16f97</run_address>
         <size>0x28c</size>
         <input_file_ref idref="fl-ed"/>
      </object_component>
      <object_component id="oc-320">
         <name>.debug_info</name>
         <load_address>0x17223</load_address>
         <run_address>0x17223</run_address>
         <size>0x323</size>
         <input_file_ref idref="fl-ee"/>
      </object_component>
      <object_component id="oc-255">
         <name>.debug_info</name>
         <load_address>0x17546</load_address>
         <run_address>0x17546</run_address>
         <size>0x2d0</size>
         <input_file_ref idref="fl-ee"/>
      </object_component>
      <object_component id="oc-300">
         <name>.debug_info</name>
         <load_address>0x17816</load_address>
         <run_address>0x17816</run_address>
         <size>0x323</size>
         <input_file_ref idref="fl-ef"/>
      </object_component>
      <object_component id="oc-23e">
         <name>.debug_info</name>
         <load_address>0x17b39</load_address>
         <run_address>0x17b39</run_address>
         <size>0x232</size>
         <input_file_ref idref="fl-ef"/>
      </object_component>
      <object_component id="oc-2fe">
         <name>.debug_info</name>
         <load_address>0x17d6b</load_address>
         <run_address>0x17d6b</run_address>
         <size>0x324</size>
         <input_file_ref idref="fl-f0"/>
      </object_component>
      <object_component id="oc-238">
         <name>.debug_info</name>
         <load_address>0x1808f</load_address>
         <run_address>0x1808f</run_address>
         <size>0x255</size>
         <input_file_ref idref="fl-f0"/>
      </object_component>
      <object_component id="oc-37b">
         <name>.debug_info</name>
         <load_address>0x182e4</load_address>
         <run_address>0x182e4</run_address>
         <size>0x28a</size>
         <input_file_ref idref="fl-f1"/>
      </object_component>
      <object_component id="oc-378">
         <name>.debug_info</name>
         <load_address>0x1856e</load_address>
         <run_address>0x1856e</run_address>
         <size>0x10f</size>
         <input_file_ref idref="fl-f1"/>
      </object_component>
      <object_component id="oc-2bd">
         <name>.debug_info</name>
         <load_address>0x1867d</load_address>
         <run_address>0x1867d</run_address>
         <size>0x14f</size>
         <input_file_ref idref="fl-f1"/>
      </object_component>
      <object_component id="oc-376">
         <name>.debug_info</name>
         <load_address>0x187cc</load_address>
         <run_address>0x187cc</run_address>
         <size>0x290</size>
         <input_file_ref idref="fl-f2"/>
      </object_component>
      <object_component id="oc-2b7">
         <name>.debug_info</name>
         <load_address>0x18a5c</load_address>
         <run_address>0x18a5c</run_address>
         <size>0x15b</size>
         <input_file_ref idref="fl-f2"/>
      </object_component>
      <object_component id="oc-3ce">
         <name>.debug_info</name>
         <load_address>0x18bb7</load_address>
         <run_address>0x18bb7</run_address>
         <size>0x46</size>
         <input_file_ref idref="fl-f2"/>
      </object_component>
      <object_component id="oc-371">
         <name>.debug_info</name>
         <load_address>0x18bfd</load_address>
         <run_address>0x18bfd</run_address>
         <size>0x39</size>
         <input_file_ref idref="fl-f2"/>
      </object_component>
      <object_component id="oc-3a3">
         <name>.debug_info</name>
         <load_address>0x18c36</load_address>
         <run_address>0x18c36</run_address>
         <size>0x162</size>
         <input_file_ref idref="fl-f3"/>
      </object_component>
      <object_component id="oc-398">
         <name>.debug_info</name>
         <load_address>0x18d98</load_address>
         <run_address>0x18d98</run_address>
         <size>0x116</size>
         <input_file_ref idref="fl-f4"/>
      </object_component>
      <object_component id="oc-2f4">
         <name>.debug_info</name>
         <load_address>0x18eae</load_address>
         <run_address>0x18eae</run_address>
         <size>0x123</size>
         <input_file_ref idref="fl-f5"/>
      </object_component>
      <object_component id="oc-41d">
         <name>.debug_info</name>
         <load_address>0x18fd1</load_address>
         <run_address>0x18fd1</run_address>
         <size>0xb6</size>
      </object_component>
      <object_component id="oc-1ee">
         <name>.debug_line</name>
         <load_address>0x0</load_address>
         <run_address>0x0</run_address>
         <size>0x33</size>
         <input_file_ref idref="fl-2"/>
      </object_component>
      <object_component id="oc-109">
         <name>.debug_line</name>
         <load_address>0x33</load_address>
         <run_address>0x33</run_address>
         <size>0x5f</size>
         <input_file_ref idref="fl-2"/>
      </object_component>
      <object_component id="oc-1a6">
         <name>.debug_line</name>
         <load_address>0x92</load_address>
         <run_address>0x92</run_address>
         <size>0x57</size>
         <input_file_ref idref="fl-2"/>
      </object_component>
      <object_component id="oc-12d">
         <name>.debug_line</name>
         <load_address>0xe9</load_address>
         <run_address>0xe9</run_address>
         <size>0x6f</size>
         <input_file_ref idref="fl-2"/>
      </object_component>
      <object_component id="oc-1ab">
         <name>.debug_line</name>
         <load_address>0x158</load_address>
         <run_address>0x158</run_address>
         <size>0x5a</size>
         <input_file_ref idref="fl-2"/>
      </object_component>
      <object_component id="oc-32">
         <name>.debug_line</name>
         <load_address>0x1b2</load_address>
         <run_address>0x1b2</run_address>
         <size>0x20</size>
         <input_file_ref idref="fl-2"/>
      </object_component>
      <object_component id="oc-20c">
         <name>.debug_line</name>
         <load_address>0x1d2</load_address>
         <run_address>0x1d2</run_address>
         <size>0x73</size>
         <input_file_ref idref="fl-2"/>
      </object_component>
      <object_component id="oc-126">
         <name>.debug_line</name>
         <load_address>0x245</load_address>
         <run_address>0x245</run_address>
         <size>0x70</size>
         <input_file_ref idref="fl-2"/>
      </object_component>
      <object_component id="oc-1b0">
         <name>.debug_line</name>
         <load_address>0x2b5</load_address>
         <run_address>0x2b5</run_address>
[...]
         <value>0x2000023a</value>
         <object_component_ref idref="oc-115"/>
      </symbol>
      <symbol id="sm-cf">
         <name>wrongStringInput</name>
         <value>0x200001e0</value>
         <object_component_ref idref="oc-b8"/>
      </symbol>
      <symbol id="sm-d0">
         <name>inputReady</name>
         <value>0x20000239</value>
         <object_component_ref idref="oc-bb"/>
      </symbol>
      <symbol id="sm-d1">
         <name>main</name>
         <value>0x16b5</value>
         <object_component_ref idref="oc-6a"/>
      </symbol>
      <symbol id="sm-d2">
         <name>getstr</name>
         <value>0x1625</value>
         <object_component_ref idref="oc-6a"/>
      </symbol>
      <symbol id="sm-d3">
         <name>EUSCIA0_IRQHandler</name>
         <value>0x1951</value>
         <object_component_ref idref="oc-6a"/>
      </symbol>
      <symbol id="sm-d4">
         <name>readCheck</name>
         <value>0x20000238</value>
         <object_component_ref idref="oc-bb"/>
      </symbol>
      <symbol id="sm-e4">
         <name>pageWrite</name>
         <value>0x3f25</value>
         <object_component_ref idref="oc-10f"/>
      </symbol>
      <symbol id="sm-f5">
         <name>pinInit</name>
         <value>0x3e89</value>
         <object_component_ref idref="oc-bf"/>
      </symbol>
      <symbol id="sm-115">
         <name>printMenu</name>
         <value>0x3b81</value>
         <object_component_ref idref="oc-cb"/>
      </symbol>
      <symbol id="sm-116">
         <name>uiLines</name>
         <value>0x20000190</value>
         <object_component_ref idref="oc-1b8"/>
      </symbol>
      <symbol id="sm-117">
         <name>messages</name>
         <value>0x20000000</value>
         <object_component_ref idref="oc-1bb"/>
      </symbol>
      <symbol id="sm-12a">
         <name>putstr</name>
         <value>0x3de1</value>
         <object_component_ref idref="oc-a9"/>
      </symbol>
      <symbol id="sm-13a">
         <name>read</name>
         <value>0x3bd5</value>
         <object_component_ref idref="oc-e3"/>
      </symbol>
      <symbol id="sm-155">
         <name>receiveByte</name>
         <value>0x3349</value>
         <object_component_ref idref="oc-1c8"/>
      </symbol>
      <symbol id="sm-156">
         <name>readReceive</name>
         <value>0x2000023c</value>
         <object_component_ref idref="oc-287"/>
      </symbol>
      <symbol id="sm-169">
         <name>sendByte</name>
         <value>0x3555</value>
         <object_component_ref idref="oc-1c0"/>
      </symbol>
      <symbol id="sm-179">
         <name>startBit</name>
         <value>0x3ebd</value>
         <object_component_ref idref="oc-d1"/>
      </symbol>
      <symbol id="sm-18e">
         <name>Reset_Handler</name>
         <value>0x40e7</value>
         <object_component_ref idref="oc-64"/>
      </symbol>
      <symbol id="sm-18f">
         <name>Default_Handler</name>
         <value>0x40f3</value>
         <object_component_ref idref="oc-64"/>
      </symbol>
      <symbol id="sm-190">
         <name>interruptVectors</name>
         <value>0x0</value>
         <object_component_ref idref="oc-23"/>
      </symbol>
      <symbol id="sm-1a0">
         <name>stopBit</name>
         <value>0x3ef1</value>
         <object_component_ref idref="oc-dd"/>
      </symbol>
      <symbol id="sm-1e8">
         <name>SystemInit</name>
         <value>0x2179</value>
         <object_component_ref idref="oc-a2"/>
      </symbol>
      <symbol id="sm-1e9">
         <name>SystemCoreClockUpdate</name>
         <value>0x1f01</value>
         <object_component_ref idref="oc-a2"/>
      </symbol>
      <symbol id="sm-1ea">
         <name>SystemCoreClock</name>
         <value>0x20000234</value>
         <object_component_ref idref="oc-17d"/>
      </symbol>
      <symbol id="sm-1ff">
         <name>uartInit</name>
         <value>0x3a19</value>
         <object_component_ref idref="oc-c5"/>
      </symbol>
      <symbol id="sm-20d">
         <name>write</name>
         <value>0x3fb5</value>
         <object_component_ref idref="oc-d7"/>
      </symbol>
      <symbol id="sm-23c">
         <name>snprintf</name>
         <value>0x3cc9</value>
         <object_component_ref idref="oc-e9"/>
      </symbol>
      <symbol id="sm-273">
         <name>sscanf</name>
         <value>0x3e1d</value>
         <object_component_ref idref="oc-af"/>
      </symbol>
      <symbol id="sm-282">
         <name>__aeabi_memset</name>
         <value>0x3791</value>
         <object_component_ref idref="oc-8a"/>
      </symbol>
      <symbol id="sm-283">
         <name>memset</name>
         <value>0x3797</value>
         <object_component_ref idref="oc-8a"/>
      </symbol>
      <symbol id="sm-284">
         <name>__aeabi_memset8</name>
         <value>0x3791</value>
         <object_component_ref idref="oc-8a"/>
      </symbol>
      <symbol id="sm-285">
         <name>__aeabi_memset4</name>
         <value>0x3791</value>
         <object_component_ref idref="oc-8a"/>
      </symbol>
      <symbol id="sm-286">
         <name>__aeabi_memclr8</name>
         <value>0x378f</value>
         <object_component_ref idref="oc-8a"/>
      </symbol>
      <symbol id="sm-287">
         <name>__aeabi_memclr4</name>
         <value>0x378f</value>
         <object_component_ref idref="oc-8a"/>
      </symbol>
      <symbol id="sm-288">
         <name>__aeabi_memclr</name>
         <value>0x378f</value>
         <object_component_ref idref="oc-8a"/>
      </symbol>
      <symbol id="sm-2a3">
         <name>memcpy</name>
         <value>0x34b7</value>
         <object_component_ref idref="oc-34"/>
      </symbol>
      <symbol id="sm-2a4">
         <name>__aeabi_memcpy</name>
         <value>0x34b7</value>
         <object_component_ref idref="oc-34"/>
      </symbol>
      <symbol id="sm-2a5">
         <name>__aeabi_memcpy8</name>
         <value>0x34b7</value>
         <object_component_ref idref="oc-34"/>
      </symbol>
      <symbol id="sm-2a6">
         <name>__aeabi_memcpy4</name>
         <value>0x34b7</value>
         <object_component_ref idref="oc-34"/>
      </symbol>
      <symbol id="sm-2bf">
         <name>__TI_zero_init_nomemset</name>
         <value>0x3fdd</value>
         <object_component_ref idref="oc-40"/>
      </symbol>
      <symbol id="sm-2d6">
         <name>__TI_decompress_none</name>
         <value>0x40d9</value>
         <object_component_ref idref="oc-1a"/>
      </symbol>
      <symbol id="sm-2f9">
         <name>__TI_decompress_lzss</name>
         <value>0x394d</value>
         <object_component_ref idref="oc-14"/>
      </symbol>
      <symbol id="sm-304">
         <name>_ctypes_</name>
         <value>0x4110</value>
         <object_component_ref idref="oc-259"/>
      </symbol>
      <symbol id="sm-317">
         <name>__stack</name>
         <value>0x2000fe00</value>
         <object_component_ref idref="oc-26"/>
      </symbol>
      <symbol id="sm-318">
         <name>_c_int00_noargs</name>
         <value>0x3e55</value>
         <object_component_ref idref="oc-52"/>
      </symbol>
      <symbol id="sm-47d">
         <name>__TI_printfi</name>
         <value>0xbd5</value>
         <object_component_ref idref="oc-1cf"/>
      </symbol>
      <symbol id="sm-52e">
         <name>__TI_scanfi</name>
         <value>0xe5</value>
         <object_component_ref idref="oc-182"/>
      </symbol>
      <symbol id="sm-54e">
         <name>frexpl</name>
         <value>0x39b5</value>
         <object_component_ref idref="oc-367"/>
      </symbol>
      <symbol id="sm-54f">
         <name>frexp</name>
         <value>0x39b5</value>
         <object_component_ref idref="oc-367"/>
      </symbol>
      <symbol id="sm-56c">
         <name>scalbn</name>
         <value>0x302d</value>
         <object_component_ref idref="oc-310"/>
      </symbol>
      <symbol id="sm-56d">
         <name>scalbnl</name>
         <value>0x302d</value>
         <object_component_ref idref="oc-310"/>
      </symbol>
      <symbol id="sm-56e">
         <name>ldexpl</name>
         <value>0x302d</value>
         <object_component_ref idref="oc-310"/>
      </symbol>
      <symbol id="sm-56f">
         <name>ldexp</name>
         <value>0x302d</value>
         <object_component_ref idref="oc-310"/>
      </symbol>
      <symbol id="sm-57c">
         <name>__aeabi_uldivmod</name>
         <value>0x35ed</value>
         <object_component_ref idref="oc-2f8"/>
      </symbol>
      <symbol id="sm-593">
         <name>__aeabi_dsub</name>
         <value>0x2851</value>
         <object_component_ref idref="oc-306"/>
      </symbol>
      <symbol id="sm-594">
         <name>__aeabi_dadd</name>
         <value>0x285b</value>
         <object_component_ref idref="oc-306"/>
      </symbol>
      <symbol id="sm-5b6">
         <name>__aeabi_cdcmpeq</name>
         <value>0x3683</value>
         <object_component_ref idref="oc-291"/>
      </symbol>
      <symbol id="sm-5b7">
         <name>__aeabi_cdcmple</name>
         <value>0x3683</value>
         <object_component_ref idref="oc-291"/>
      </symbol>
      <symbol id="sm-5b8">
         <name>__aeabi_cdrcmple</name>
         <value>0x3709</value>
         <object_component_ref idref="oc-337"/>
      </symbol>
      <symbol id="sm-5cc">
         <name>__aeabi_ddiv</name>
         <value>0x2ca1</value>
         <object_component_ref idref="oc-30b"/>
      </symbol>
      <symbol id="sm-5d7">
         <name>__aeabi_dmul</name>
         <value>0x324d</value>
         <object_component_ref idref="oc-301"/>
      </symbol>
      <symbol id="sm-5e1">
         <name>__aeabi_d2iz</name>
         <value>0x3d15</value>
         <object_component_ref idref="oc-33c"/>
      </symbol>
      <symbol id="sm-5ed">
         <name>__aeabi_d2f</name>
         <value>0x3877</value>
         <object_component_ref idref="oc-248"/>
      </symbol>
      <symbol id="sm-5f7">
         <name>__aeabi_i2d</name>
         <value>0x3f87</value>
         <object_component_ref idref="oc-347"/>
      </symbol>
      <symbol id="sm-61f">
         <name>__TI_auto_init_nobinit_nopinit</name>
         <value>0x3d5d</value>
         <object_component_ref idref="oc-14b"/>
      </symbol>
      <symbol id="sm-629">
         <name>_system_pre_init</name>
         <value>0x4105</value>
         <object_component_ref idref="oc-90"/>
      </symbol>
      <symbol id="sm-635">
         <name>C$$EXIT</name>
         <value>0x4109</value>
         <object_component_ref idref="oc-13f"/>
      </symbol>
      <symbol id="sm-636">
         <name>abort</name>
         <value>0x4109</value>
         <object_component_ref idref="oc-13f"/>
      </symbol>
      <symbol id="sm-64e">
         <name>atoi</name>
         <value>0x3c7d</value>
         <object_component_ref idref="oc-262"/>
      </symbol>
      <symbol id="sm-65d">
         <name>ltoa</name>
         <value>0x3b2b</value>
         <object_component_ref idref="oc-341"/>
      </symbol>
      <symbol id="sm-66d">
         <name>memccpy</name>
         <value>0x3ff9</value>
         <object_component_ref idref="oc-2ae"/>
      </symbol>
      <symbol id="sm-67d">
         <name>strchr</name>
         <value>0x4077</value>
         <object_component_ref idref="oc-26e"/>
      </symbol>
      <symbol id="sm-68b">
         <name>strcpy</name>
         <value>0x408d</value>
         <object_component_ref idref="oc-230"/>
      </symbol>
      <symbol id="sm-699">
         <name>strlen</name>
         <value>0x40a1</value>
         <object_component_ref idref="oc-25c"/>
      </symbol>
      <symbol id="sm-6a8">
         <name>strrchr</name>
         <value>0x405f</value>
         <object_component_ref idref="oc-268"/>
      </symbol>
      <symbol id="sm-708">
         <name>strtold</name>
         <value>0x1aa1</value>
         <object_component_ref idref="oc-242"/>
      </symbol>
      <symbol id="sm-709">
         <name>strtod</name>
         <value>0x1aa1</value>
         <object_component_ref idref="oc-242"/>
      </symbol>
      <symbol id="sm-72d">
         <name>strtol</name>
         <value>0x2dd9</value>
         <object_component_ref idref="oc-24d"/>
      </symbol>
      <symbol id="sm-753">
         <name>strtoll</name>
         <value>0x24a5</value>
         <object_component_ref idref="oc-253"/>
      </symbol>
      <symbol id="sm-773">
         <name>strtoul</name>
         <value>0x313d</value>
         <object_component_ref idref="oc-23c"/>
      </symbol>
      <symbol id="sm-796">
         <name>strtoull</name>
         <value>0x2a09</value>
         <object_component_ref idref="oc-236"/>
      </symbol>
      <symbol id="sm-7ac">
         <name>__aeabi_errno_addr</name>
         <value>0x40f5</value>
         <object_component_ref idref="oc-2ba"/>
      </symbol>
      <symbol id="sm-7ad">
         <name>errno</name>
         <value>0x20000230</value>
         <object_component_ref idref="oc-377"/>
      </symbol>
      <symbol id="sm-7c6">
         <name>wcslen</name>
         <value>0x40c7</value>
         <object_component_ref idref="oc-2b4"/>
      </symbol>
      <symbol id="sm-7d0">
         <name>copysign</name>
         <value>0x4015</value>
         <object_component_ref idref="oc-3a2"/>
      </symbol>
      <symbol id="sm-7d1">
         <name>copysignl</name>
         <value>0x4015</value>
         <object_component_ref idref="oc-3a2"/>
      </symbol>
      <symbol id="sm-7db">
         <name>__aeabi_idiv0</name>
         <value>0x1623</value>
         <object_component_ref idref="oc-395"/>
      </symbol>
      <symbol id="sm-7dc">
         <name>__aeabi_ldiv0</name>
         <value>0x1623</value>
         <object_component_ref idref="oc-395"/>
      </symbol>
      <symbol id="sm-7e5">
         <name>__aeabi_lmul</name>
         <value>0x4047</value>
         <object_component_ref idref="oc-2f3"/>
      </symbol>
      <symbol id="sm-7e6">
         <name>__TI_static_base__</name>
         <value>0x0</value>
      </symbol>
      <symbol id="sm-7e9">
         <name>__mpu_init</name>
         <value>0x0</value>
      </symbol>
      <symbol id="sm-7ea">
         <name>_system_post_cinit</name>
         <value>0x0</value>
      </symbol>
      <symbol id="sm-7eb">
         <name>NMI_Handler</name>
         <value>0x40f3</value>
      </symbol>
      <symbol id="sm-7ec">
         <name>HardFault_Handler</name>
         <value>0x40f3</value>
      </symbol>
      <symbol id="sm-7ed">
         <name>MemManage_Handler</name>
         <value>0x40f3</value>
      </symbol>
      <symbol id="sm-7ee">
         <name>BusFault_Handler</name>
         <value>0x40f3</value>
      </symbol>
      <symbol id="sm-7ef">
         <name>UsageFault_Handler</name>
         <value>0x40f3</value>
      </symbol>
      <symbol id="sm-7f0">
         <name>SVC_Handler</name>
         <value>0x40f3</value>
      </symbol>
      <symbol id="sm-7f1">
         <name>DebugMon_Handler</name>
         <value>0x40f3</value>
      </symbol>
      <symbol id="sm-7f2">
         <name>PendSV_Handler</name>
         <value>0x40f3</value>
      </symbol>
      <symbol id="sm-7f3">
         <name>SysTick_Handler</name>
         <value>0x40f3</value>
      </symbol>
      <symbol id="sm-7f4">
         <name>PSS_IRQHandler</name>
         <value>0x40f3</value>
      </symbol>
      <symbol id="sm-7f5">
         <name>CS_IRQHandler</name>
         <value>0x40f3</value>
      </symbol>
      <symbol id="sm-7f6">
         <name>PCM_IRQHandler</name>
         <value>0x40f3</value>
      </symbol>
      <symbol id="sm-7f7">
         <name>WDT_A_IRQHandler</name>
         <value>0x40f3</value>
      </symbol>
      <symbol id="sm-7f8">
         <name>FPU_IRQHandler</name>
         <value>0x40f3</value>
      </symbol>
      <symbol id="sm-7f9">
         <name>FLCTL_IRQHandler</name>
         <value>0x40f3</value>
      </symbol>
      <symbol id="sm-7fa">
         <name>COMP_E0_IRQHandler</name>
         <value>0x40f3</value>
      </symbol>
      <symbol id="sm-7fb">
         <name>COMP_E1_IRQHandler</name>
         <value>0x40f3</value>
      </symbol>
      <symbol id="sm-7fc">
         <name>TA0_0_IRQHandler</name>
         <value>0x40f3</value>
      </symbol>
      <symbol id="sm-7fd">
         <name>TA0_N_IRQHandler</name>
         <value>0x40f3</value>
      </symbol>
      <symbol id="sm-7fe">
         <name>TA1_0_IRQHandler</name>
         <value>0x40f3</value>
      </symbol>
      <symbol id="sm-7ff">
         <name>TA1_N_IRQHandler</name>
         <value>0x40f3</value>
      </symbol>
      <symbol id="sm-800">
         <name>TA2_0_IRQHandler</name>
         <value>0x40f3</value>
      </symbol>
      <symbol id="sm-801">
         <name>TA2_N_IRQHandler</name>
         <value>0x40f3</value>
      </symbol>
      <symbol id="sm-802">
         <name>TA3_0_IRQHandler</name>
         <value>0x40f3</value>
      </symbol>
      <symbol id="sm-803">
         <name>TA3_N_IRQHandler</name>
         <value>0x40f3</value>
      </symbol>
      <symbol id="sm-804">
         <name>EUSCIA0_IRQHandler</name>
         <value>0x1951</value>
      </symbol>
      <symbol id="sm-805">
         <name>EUSCIA1_IRQHandler</name>
         <value>0x40f3</value>
      </symbol>
      <symbol id="sm-806">
         <name>EUSCIA2_IRQHandler</name>
         <value>0x40f3</value>
      </symbol>
      <symbol id="sm-807">
         <name>EUSCIA3_IRQHandler</name>
         <value>0x40f3</value>
      </symbol>
      <symbol id="sm-808">
         <name>EUSCIB0_IRQHandler</name>
         <value>0x40f3</value>
      </symbol>
      <symbol id="sm-809">
         <name>EUSCIB1_IRQHandler</name>
         <value>0x40f3</value>
      </symbol>
      <symbol id="sm-80a">
         <name>EUSCIB2_IRQHandler</name>
         <value>0x40f3</value>
      </symbol>
      <symbol id="sm-80b">
         <name>EUSCIB3_IRQHandler</name>
         <value>0x40f3</value>
      </symbol>
      <symbol id="sm-80c">
         <name>ADC14_IRQHandler</name>
         <value>0x40f3</value>
      </symbol>
      <symbol id="sm-80d">
         <name>T32_INT1_IRQHandler</name>
         <value>0x40f3</value>
      </symbol>
      <symbol id="sm-80e">
         <name>T32_INT2_IRQHandler</name>
         <value>0x40f3</value>
      </symbol>
      <symbol id="sm-80f">
         <name>T32_INTC_IRQHandler</name>
         <value>0x40f3</value>
      </symbol>
      <symbol id="sm-810">
         <name>AES256_IRQHandler</name>
         <value>0x40f3</value>
      </symbol>
      <symbol id="sm-811">
         <name>RTC_C_IRQHandler</name>
         <value>0x40f3</value>
      </symbol>
      <symbol id="sm-812">
         <name>DMA_ERR_IRQHandler</name>
         <value>0x40f3</value>
      </symbol>
      <symbol id="sm-813">
         <name>DMA_INT3_IRQHandler</name>
         <value>0x40f3</value>
      </symbol>
      <symbol id="sm-814">
         <name>DMA_INT2_IRQHandler</name>
         <value>0x40f3</value>
      </symbol>
      <symbol id="sm-815">
         <name>DMA_INT1_IRQHandler</name>
         <value>0x40f3</value>
      </symbol>
      <symbol id="sm-816">
         <name>DMA_INT0_IRQHandler</name>
         <value>0x40f3</value>
      </symbol>
      <symbol id="sm-817">
         <name>PORT1_IRQHandler</name>
         <value>0x40f3</value>
      </symbol>
      <symbol id="sm-818">
         <name>PORT2_IRQHandler</name>
         <value>0x40f3</value>
      </symbol>
      <symbol id="sm-819">
         <name>PORT3_IRQHandler</name>
         <value>0x40f3</value>
      </symbol>
      <symbol id="sm-81a">
         <name>PORT4_IRQHandler</name>
         <value>0x40f3</value>
      </symbol>
      <symbol id="sm-81b">
         <name>PORT5_IRQHandler</name>
         <value>0x40f3</value>
      </symbol>
      <symbol id="sm-81c">
         <name>PORT6_IRQHandler</name>
         <value>0x40f3</value>
      </symbol>
   </symbol_table>
   <title>Link successful</title>
</link_info>
