******************************************************************************
                  TI ARM Linker PC v18.12.2                    
******************************************************************************
>> Linked Thu Nov 14 22:57:25 2019

OUTPUT FILE NAME:   <I2C_BitBang.out>
ENTRY POINT SYMBOL: "_c_int00_noargs"  address: 00004445


MEMORY CONFIGURATION

         name            origin    length      used     unused   attr    fill
----------------------  --------  ---------  --------  --------  ----  --------
  MAIN                  00000000   00040000  00004a00  0003b600  R  X
  INFO                  00200000   00004000  00000000  00004000  R  X
  SRAM_CODE             01000000   00010000  00000513  0000faed  RW X
  SRAM_DATA             20000000   00010000  00000513  0000faed  RW  


SEGMENT ALLOCATION MAP

run origin  load origin   length   init length attrs members
----------  ----------- ---------- ----------- ----- -------
00000000    00000000    00004a00   00004a00    r-x
  00000000    00000000    000000e4   000000e4    r-- .intvecs
  000000e4    000000e4    00004654   00004654    r-x .text
  00004738    00004738    000001e0   000001e0    r-- .const
  00004918    00004918    000000e8   000000e8    r-- .cinit
20000000    20000000    00000313   00000000    rw-
  20000000    20000000    000002dc   00000000    rw- .data
  200002dc    200002dc    00000037   00000000    rw- .bss
2000fe00    2000fe00    00000200   00000000    rw-
  2000fe00    2000fe00    00000200   00000000    rw- .stack


SECTION ALLOCATION MAP

 output                                  attributes/
section   page    origin      length       input sections
--------  ----  ----------  ----------   ----------------
.intvecs   0    00000000    000000e4     
                  00000000    000000e4     startup_msp432p401r_ccs.obj (.intvecs:retain)

.text      0    000000e4    00004654     
                  000000e4    00000af0     rtsv7M4_T_le_v4SPD16_eabi.lib : _scanfi.c.obj (.text:__TI_scanfi)
                  00000bd4    00000a4e                                   : _printfi.c.obj (.text:__TI_printfi)
                  00001622    00000002                                   : div0.asm.obj (.text)
                  00001624    00000a24     main.obj (.text)
                  00002048    00000460     rtsv7M4_T_le_v4SPD16_eabi.lib : strtod.c.obj (.text:strtod)
                  000024a8    00000334     system_msp432p401r.obj (.text)
                  000027dc    00000270     rtsv7M4_T_le_v4SPD16_eabi.lib : _printfi.c.obj (.text:_pconv_a)
                  00002a4c    000001dc                                   : strtoll.c.obj (.text:strtoll)
                  00002c28    000001d0                                   : _printfi.c.obj (.text:_pconv_g)
                  00002df8    000001b6                                   : fd_add_t2.asm.obj (.text)
                  00002fae    00000002     --HOLE-- [fill = 0]
                  00002fb0    0000015c                                   : strtoull.c.obj (.text:strtoull)
                  0000310c    0000013c                                   : _printfi.c.obj (.text:_pconv_e)
                  00003248    00000136                                   : fd_div_t2.asm.obj (.text)
                  0000337e    00000002     --HOLE-- [fill = 0]
                  00003380    00000130                                   : strtol.c.obj (.text:strtol)
                  000034b0    00000124                                   : _printfi.c.obj (.text:fcvt)
                  000035d4    00000110                                   : s_scalbn.c.obj (.text:scalbn)
                  000036e4    00000110                                   : strtoul.c.obj (.text:strtoul)
                  000037f4    000000fc                                   : fd_mul_t2.asm.obj (.text)
                  000038f0    000000b1                                   : _printfi.c.obj (.text:_ltostr)
                  000039a1    00000003     --HOLE-- [fill = 0]
                  000039a4    000000a4     receiveByte.obj (.text)
                  00003a48    0000009c     rtsv7M4_T_le_v4SPD16_eabi.lib : memcpy_t2.asm.obj (.text)
                  00003ae4    00000098     sendByte.obj (.text)
                  00003b7c    00000096     rtsv7M4_T_le_v4SPD16_eabi.lib : ull_div_t2.asm.obj (.text)
                  00003c12    00000086                                   : fd_cmp_t2.asm.obj (.text:__aeabi_cdcmple)
                  00003c98    00000086                                   : fd_cmp_t2.asm.obj (.text:__aeabi_cdrcmple)
                  00003d1e    0000007a                                   : memset_t2.asm.obj (.text)
                  00003d98    00000074     eereset.obj (.text)
                  00003e0c    0000006e     rtsv7M4_T_le_v4SPD16_eabi.lib : _printfi.c.obj (.text:_mcpy)
                  00003e7a    0000006e                                   : fd_tos_t2.asm.obj (.text)
                  00003ee8    00000068                                   : sscanf.c.obj (.text:_chkmbc)
                  00003f50    00000068                                   : copy_decompress_lzss.c.obj (.text:decompress:lzss:__TI_decompress_lzss)
                  00003fb8    00000064                                   : s_frexp.c.obj (.text:frexp)
                  0000401c    00000060     uartInit.obj (.text)
                  0000407c    00000058     read.obj (.text)
                  000040d4    00000056     rtsv7M4_T_le_v4SPD16_eabi.lib : _printfi.c.obj (.text:_pconv_f)
                  0000412a    00000054                                   : ltoa.c.obj (.text:ltoa)
                  0000417e    00000002     --HOLE-- [fill = 0]
                  00004180    00000054     printMenu.obj (.text)
                  000041d4    00000052     rtsv7M4_T_le_v4SPD16_eabi.lib : _printfi.c.obj (.text:_ecpy)
                  00004226    00000002     --HOLE-- [fill = 0]
                  00004228    0000004c                                   : atoi.c.obj (.text:atoi)
                  00004274    0000004c                                   : snprintf.c.obj (.text:snprintf)
                  000042c0    00000048                                   : fd_toi_t2.asm.obj (.text)
                  00004308    00000044                                   : autoinit.c.obj (.text:__TI_auto_init_nobinit_nopinit:__TI_auto_init_nobinit_nopinit)
                  0000434c    00000044     pageWrite.obj (.text)
                  00004390    0000003e     rtsv7M4_T_le_v4SPD16_eabi.lib : _printfi.c.obj (.text:_fcpy)
                  000043ce    00000002     --HOLE-- [fill = 0]
                  000043d0    0000003c     putstr.obj (.text)
                  0000440c    00000038     rtsv7M4_T_le_v4SPD16_eabi.lib : sscanf.c.obj (.text:sscanf)
                  00004444    00000034                                   : boot_cortex_m.c.obj (.text:_c_int00_noargs:_c_int00_noargs)
                  00004478    00000034     ack.obj (.text)
                  000044ac    00000034     nack..obj (.text)
                  000044e0    00000034     pinInit.obj (.text)
                  00004514    00000034     startBit.obj (.text)
                  00004548    00000034     stopBit.obj (.text)
                  0000457c    00000030     rtsv7M4_T_le_v4SPD16_eabi.lib : snprintf.c.obj (.text:_outs)
                  000045ac    0000002e                                   : i_tofd_t2.asm.obj (.text)
                  000045da    0000002e     write.obj (.text)
                  00004608    0000001c     rtsv7M4_T_le_v4SPD16_eabi.lib : copy_zero_init.c.obj (.text:decompress:ZI:__TI_zero_init_nomemset:__TI_zero_init_nomemset)
                  00004624    0000001c                                   : memccpy.c.obj (.text:memccpy)
                  00004640    0000001a                                   : s_copysign.c.obj (.text:copysign)
                  0000465a    00000018                                   : snprintf.c.obj (.text:_outc)
                  00004672    00000018                                   : ll_mul_t2.asm.obj (.text)
                  0000468a    00000018                                   : strrchr.c.obj (.text:strrchr)
                  000046a2    00000016                                   : strchr.c.obj (.text:strchr)
                  000046b8    00000014                                   : strcpy.c.obj (.text:strcpy)
                  000046cc    00000014                                   : strlen.c.obj (.text:strlen)
                  000046e0    00000012                                   : sscanf.c.obj (.text:_inpchar)
                  000046f2    00000012                                   : wcslen.c.obj (.text:wcslen)
                  00004704    0000000e                                   : copy_decompress_none.c.obj (.text:decompress:none:__TI_decompress_none)
                  00004712    0000000e     startup_msp432p401r_ccs.obj (.text)
                  00004720    00000008     rtsv7M4_T_le_v4SPD16_eabi.lib : errno.c.obj (.text:__aeabi_errno_addr)
                  00004728    00000008                                   : sscanf.c.obj (.text:_uninpchar)
                  00004730    00000004                                   : pre_init.c.obj (.text:_system_pre_init)
                  00004734    00000004                                   : exit.c.obj (.text:abort:abort)

.const     0    00004738    000001e0     
                  00004738    00000101     rtsv7M4_T_le_v4SPD16_eabi.lib : ctype.c.obj (.const:.string:_ctypes_)
                  00004839    00000007     --HOLE-- [fill = 0]
                  00004840    000000c8                                   : strtod.c.obj (.const:$O1$$)
                  00004908    00000010                                   : _scanfi.c.obj (.const:$O1$$)

.cinit     0    00004918    000000e8     
                  00004918    000000bd     (.cinit..data.load) [load image, compression = lzss]
                  000049d5    00000003     --HOLE-- [fill = 0]
                  000049d8    0000000c     (__TI_handler_table)
                  000049e4    00000004     --HOLE-- [fill = 0]
                  000049e8    00000008     (.cinit..bss.load) [load image, compression = zero_init]
                  000049f0    00000010     (__TI_cinit_table)

.init_array 
*          0    00000000    00000000     UNINITIALIZED

.binit     0    00000000    00000000     

.data      0    20000000    000002dc     UNINITIALIZED
                  20000000    00000230     printMenu.obj (.data:messages)
                  20000230    00000050     printMenu.obj (.data:uiLines)
                  20000280    00000050     main.obj (.data:wrongStringInput)
                  200002d0    00000004     main.obj (.data)
                  200002d4    00000004     rtsv7M4_T_le_v4SPD16_eabi.lib : errno.c.obj (.data)
                  200002d8    00000004     system_msp432p401r.obj (.data)

.bss       0    200002dc    00000037     UNINITIALIZED
                  200002dc    0000000c     (.common:buffer)
                  200002e8    00000008     (.common:addressConvert)
                  200002f0    00000008     (.common:expanderInput)
                  200002f8    00000008     (.common:readConvert)
                  20000300    00000002     (.common:blockNumber)
                  20000302    00000002     (.common:controlByte)
                  20000304    00000002     (.common:data)
                  20000306    00000002     (.common:endAddress)
                  20000308    00000002     (.common:i)
                  2000030a    00000002     (.common:readAddress)
                  2000030c    00000002     (.common:readValue)
                  2000030e    00000002     (.common:temp)
                  20000310    00000002     (.common:x)
                  20000312    00000001     (.common:readReceive)

.stack     0    2000fe00    00000200     UNINITIALIZED
                  2000fe00    00000004     rtsv7M4_T_le_v4SPD16_eabi.lib : boot_cortex_m.c.obj (.stack)
                  2000fe04    000001fc     --HOLE--

MODULE SUMMARY

       Module                        code    ro data   rw data
       ------                        ----    -------   -------
    .\
       main.obj                      2596    0         248    
       printMenu.obj                 84      0         1280   
       system_msp432p401r.obj        820     0         8      
       startup_msp432p401r_ccs.obj   14      228       0      
       receiveByte.obj               164     0         2      
       sendByte.obj                  152     0         0      
       eereset.obj                   116     0         0      
       uartInit.obj                  96      0         0      
       read.obj                      88      0         0      
       ack.obj                       52      0         28     
       pageWrite.obj                 68      0         0      
       putstr.obj                    60      0         0      
       nack..obj                     52      0         0      
       pinInit.obj                   52      0         0      
       startBit.obj                  52      0         0      
       stopBit.obj                   52      0         0      
       write.obj                     46      0         0      
    +--+-----------------------------+-------+---------+---------+
       Total:                        4564    228       1566   
                                                              
    C:\ti\ccs910\ccs\tools\compiler\ti-cgt-arm_18.12.2.LTS\lib\rtsv7M4_T_le_v4SPD16_eabi.lib
       _printfi.c.obj                4851    0         0      
       _scanfi.c.obj                 2800    16        0      
       strtod.c.obj                  1120    200       0      
       strtoll.c.obj                 476     0         0      
       fd_add_t2.asm.obj             438     0         0      
       strtoull.c.obj                348     0         0      
       fd_div_t2.asm.obj             310     0         0      
       strtol.c.obj                  304     0         0      
       s_scalbn.c.obj                272     0         0      
       strtoul.c.obj                 272     0         0      
       fd_cmp_t2.asm.obj             268     0         0      
       ctype.c.obj                   0       257       0      
       fd_mul_t2.asm.obj             252     0         0      
       sscanf.c.obj                  186     0         0      
       memcpy_t2.asm.obj             156     0         0      
       ull_div_t2.asm.obj            150     0         0      
       snprintf.c.obj                148     0         0      
       memset_t2.asm.obj             122     0         0      
       fd_tos_t2.asm.obj             110     0         0      
       copy_decompress_lzss.c.obj    104     0         0      
       s_frexp.c.obj                 100     0         0      
       ltoa.c.obj                    84      0         0      
       atoi.c.obj                    76      0         0      
       fd_toi_t2.asm.obj             72      0         0      
       autoinit.c.obj                68      0         0      
       boot_cortex_m.c.obj           52      0         0      
       i_tofd_t2.asm.obj             46      0         0      
       copy_zero_init.c.obj          28      0         0      
       memccpy.c.obj                 28      0         0      
       s_copysign.c.obj              26      0         0      
       ll_mul_t2.asm.obj             24      0         0      
       strrchr.c.obj                 24      0         0      
       strchr.c.obj                  22      0         0      
       strcpy.c.obj                  20      0         0      
       strlen.c.obj                  20      0         0      
       wcslen.c.obj                  18      0         0      
       errno.c.obj                   8       0         8      
       copy_decompress_none.c.obj    14      0         0      
       exit.c.obj                    4       0         0      
       pre_init.c.obj                4       0         0      
       div0.asm.obj                  2       0         0      
    +--+-----------------------------+-------+---------+---------+
       Total:                        13427   473       8      
                                                              
       Stack:                        0       0         1024   
       Linker Generated:             0       225       0      
    +--+-----------------------------+-------+---------+---------+
       Grand Total:                  17991   926       2598   


LINKER GENERATED COPY TABLES

__TI_cinit_table @ 000049f0 records: 2, size/record: 8, table size: 16
	.data: load addr=00004918, load size=000000bd bytes, run addr=20000000, run size=000002dc bytes, compression=lzss
	.bss: load addr=000049e8, load size=00000008 bytes, run addr=200002dc, run size=00000037 bytes, compression=zero_init


LINKER GENERATED HANDLER TABLE

__TI_handler_table @ 000049d8 records: 3, size/record: 4, table size: 12
	index: 0, handler: __TI_decompress_lzss
	index: 1, handler: __TI_decompress_none
	index: 2, handler: __TI_zero_init


GLOBAL SYMBOLS: SORTED ALPHABETICALLY BY Name 

address   name                          
-------   ----                          
0000471f  ADC14_IRQHandler              
0000471f  AES256_IRQHandler             
0000471f  BusFault_Handler              
00004735  C$$EXIT                       
0000471f  COMP_E0_IRQHandler            
0000471f  COMP_E1_IRQHandler            
0000471f  CS_IRQHandler                 
0000471f  DMA_ERR_IRQHandler            
0000471f  DMA_INT0_IRQHandler           
0000471f  DMA_INT1_IRQHandler           
0000471f  DMA_INT2_IRQHandler           
0000471f  DMA_INT3_IRQHandler           
0000471f  DebugMon_Handler              
0000471f  Default_Handler               
00001f91  EUSCIA0_IRQHandler            
00001f91  EUSCIA0_IRQHandler            
0000471f  EUSCIA1_IRQHandler            
0000471f  EUSCIA2_IRQHandler            
0000471f  EUSCIA3_IRQHandler            
0000471f  EUSCIB0_IRQHandler            
0000471f  EUSCIB1_IRQHandler            
0000471f  EUSCIB2_IRQHandler            
0000471f  EUSCIB3_IRQHandler            
0000471f  FLCTL_IRQHandler              
0000471f  FPU_IRQHandler                
0000471f  HardFault_Handler             
0000471f  MemManage_Handler             
0000471f  NMI_Handler                   
0000471f  PCM_IRQHandler                
00001fc5  PORT1_IRQHandler              
00001fc5  PORT1_IRQHandler              
0000471f  PORT2_IRQHandler              
0000471f  PORT3_IRQHandler              
0000471f  PORT4_IRQHandler              
0000471f  PORT5_IRQHandler              
0000471f  PORT6_IRQHandler              
0000471f  PSS_IRQHandler                
0000471f  PendSV_Handler                
0000471f  RTC_C_IRQHandler              
00004713  Reset_Handler                 
0000471f  SVC_Handler                   
0000471f  SysTick_Handler               
200002d8  SystemCoreClock               
000024a9  SystemCoreClockUpdate         
00002721  SystemInit                    
0000471f  T32_INT1_IRQHandler           
0000471f  T32_INT2_IRQHandler           
0000471f  T32_INTC_IRQHandler           
0000471f  TA0_0_IRQHandler              
0000471f  TA0_N_IRQHandler              
0000471f  TA1_0_IRQHandler              
0000471f  TA1_N_IRQHandler              
0000471f  TA2_0_IRQHandler              
0000471f  TA2_N_IRQHandler              
0000471f  TA3_0_IRQHandler              
0000471f  TA3_N_IRQHandler              
0000471f  UsageFault_Handler            
4000480c  WDTCTL_SYM                    
0000471f  WDT_A_IRQHandler              
20010000  __STACK_END                   
00000200  __STACK_SIZE                  
000049f0  __TI_CINIT_Base               
00004a00  __TI_CINIT_Limit              
000049d8  __TI_Handler_Table_Base       
000049e4  __TI_Handler_Table_Limit      
00004309  __TI_auto_init_nobinit_nopinit
00003f51  __TI_decompress_lzss          
00004705  __TI_decompress_none          
ffffffff  __TI_pprof_out_hndl           
00000bd5  __TI_printfi                  
ffffffff  __TI_prof_data_size           
ffffffff  __TI_prof_data_start          
000000e5  __TI_scanfi                   
00000000  __TI_static_base__            
00004609  __TI_zero_init_nomemset       
00003c13  __aeabi_cdcmpeq               
00003c13  __aeabi_cdcmple               
00003c99  __aeabi_cdrcmple              
00003e7b  __aeabi_d2f                   
000042c1  __aeabi_d2iz                  
00002e03  __aeabi_dadd                  
00003249  __aeabi_ddiv                  
000037f5  __aeabi_dmul                  
00002df9  __aeabi_dsub                  
00004721  __aeabi_errno_addr            
000045ad  __aeabi_i2d                   
00001623  __aeabi_idiv0                 
00001623  __aeabi_ldiv0                 
00004673  __aeabi_lmul                  
00003d1f  __aeabi_memclr                
00003d1f  __aeabi_memclr4               
00003d1f  __aeabi_memclr8               
00003a49  __aeabi_memcpy                
00003a49  __aeabi_memcpy4               
00003a49  __aeabi_memcpy8               
00003d21  __aeabi_memset                
00003d21  __aeabi_memset4               
00003d21  __aeabi_memset8               
00003b7d  __aeabi_uldivmod              
ffffffff  __binit__                     
ffffffff  __c_args__                    
UNDEFED   __mpu_init                    
2000fe00  __stack                       
00004445  _c_int00_noargs               
00004738  _ctypes_                      
UNDEFED   _system_post_cinit            
00004731  _system_pre_init              
00004735  abort                         
00004479  ack                           
200002e8  addressConvert                
00004229  atoi                          
ffffffff  binit                         
20000300  blockNumber                   
200002dc  buffer                        
20000302  controlByte                   
00004641  copysign                      
00004641  copysignl                     
20000304  data                          
00003d99  eereset                       
20000306  endAddress                    
200002d4  errno                         
200002f0  expanderInput                 
00003fb9  frexp                         
00003fb9  frexpl                        
00001625  getstr                        
20000308  i                             
200002d1  inputReady1                   
200002d2  inputReady2                   
200002d3  interruptCheck                
00000000  interruptVectors              
000035d5  ldexp                         
000035d5  ldexpl                        
0000412b  ltoa                          
00001739  main                          
00004625  memccpy                       
00003a49  memcpy                        
00003d27  memset                        
20000000  messages                      
000044ad  nack                          
0000434d  pageWrite                     
000044e1  pinInit                       
00004181  printMenu                     
000043d1  putstr                        
0000407d  read                          
2000030a  readAddress                   
200002d0  readCheck                     
200002f8  readConvert                   
20000312  readReceive                   
2000030c  readValue                     
000039a5  receiveByte                   
000035d5  scalbn                        
000035d5  scalbnl                       
00003ae5  sendByte                      
00004275  snprintf                      
0000440d  sscanf                        
00004515  startBit                      
00004549  stopBit                       
000046a3  strchr                        
000046b9  strcpy                        
000046cd  strlen                        
0000468b  strrchr                       
00002049  strtod                        
00003381  strtol                        
00002049  strtold                       
00002a4d  strtoll                       
000036e5  strtoul                       
00002fb1  strtoull                      
2000030e  temp                          
0000401d  uartInit                      
20000230  uiLines                       
000046f3  wcslen                        
000045db  write                         
20000280  wrongStringInput              
20000310  x                             


GLOBAL SYMBOLS: SORTED BY Symbol Address 

address   name                          
-------   ----                          
00000000  __TI_static_base__            
00000000  interruptVectors              
000000e5  __TI_scanfi                   
00000200  __STACK_SIZE                  
00000bd5  __TI_printfi                  
00001623  __aeabi_idiv0                 
00001623  __aeabi_ldiv0                 
00001625  getstr                        
00001739  main                          
00001f91  EUSCIA0_IRQHandler            
00001f91  EUSCIA0_IRQHandler            
00001fc5  PORT1_IRQHandler              
00001fc5  PORT1_IRQHandler              
00002049  strtod                        
00002049  strtold                       
000024a9  SystemCoreClockUpdate         
00002721  SystemInit                    
00002a4d  strtoll                       
00002df9  __aeabi_dsub                  
00002e03  __aeabi_dadd                  
00002fb1  strtoull                      
00003249  __aeabi_ddiv                  
00003381  strtol                        
000035d5  ldexp                         
000035d5  ldexpl                        
000035d5  scalbn                        
000035d5  scalbnl                       
000036e5  strtoul                       
000037f5  __aeabi_dmul                  
000039a5  receiveByte                   
00003a49  __aeabi_memcpy                
00003a49  __aeabi_memcpy4               
00003a49  __aeabi_memcpy8               
00003a49  memcpy                        
00003ae5  sendByte                      
00003b7d  __aeabi_uldivmod              
00003c13  __aeabi_cdcmpeq               
00003c13  __aeabi_cdcmple               
00003c99  __aeabi_cdrcmple              
00003d1f  __aeabi_memclr                
00003d1f  __aeabi_memclr4               
00003d1f  __aeabi_memclr8               
00003d21  __aeabi_memset                
00003d21  __aeabi_memset4               
00003d21  __aeabi_memset8               
00003d27  memset                        
00003d99  eereset                       
00003e7b  __aeabi_d2f                   
00003f51  __TI_decompress_lzss          
00003fb9  frexp                         
00003fb9  frexpl                        
0000401d  uartInit                      
0000407d  read                          
0000412b  ltoa                          
00004181  printMenu                     
00004229  atoi                          
00004275  snprintf                      
000042c1  __aeabi_d2iz                  
00004309  __TI_auto_init_nobinit_nopinit
0000434d  pageWrite                     
000043d1  putstr                        
0000440d  sscanf                        
00004445  _c_int00_noargs               
00004479  ack                           
000044ad  nack                          
000044e1  pinInit                       
00004515  startBit                      
00004549  stopBit                       
000045ad  __aeabi_i2d                   
000045db  write                         
00004609  __TI_zero_init_nomemset       
00004625  memccpy                       
00004641  copysign                      
00004641  copysignl                     
00004673  __aeabi_lmul                  
0000468b  strrchr                       
000046a3  strchr                        
000046b9  strcpy                        
000046cd  strlen                        
000046f3  wcslen                        
00004705  __TI_decompress_none          
00004713  Reset_Handler                 
0000471f  ADC14_IRQHandler              
0000471f  AES256_IRQHandler             
0000471f  BusFault_Handler              
0000471f  COMP_E0_IRQHandler            
0000471f  COMP_E1_IRQHandler            
0000471f  CS_IRQHandler                 
0000471f  DMA_ERR_IRQHandler            
0000471f  DMA_INT0_IRQHandler           
0000471f  DMA_INT1_IRQHandler           
0000471f  DMA_INT2_IRQHandler           
0000471f  DMA_INT3_IRQHandler           
0000471f  DebugMon_Handler              
0000471f  Default_Handler               
0000471f  EUSCIA1_IRQHandler            
0000471f  EUSCIA2_IRQHandler            
0000471f  EUSCIA3_IRQHandler            
0000471f  EUSCIB0_IRQHandler            
0000471f  EUSCIB1_IRQHandler            
0000471f  EUSCIB2_IRQHandler            
0000471f  EUSCIB3_IRQHandler            
0000471f  FLCTL_IRQHandler              
0000471f  FPU_IRQHandler                
0000471f  HardFault_Handler             
0000471f  MemManage_Handler             
0000471f  NMI_Handler                   
0000471f  PCM_IRQHandler                
0000471f  PORT2_IRQHandler              
0000471f  PORT3_IRQHandler              
0000471f  PORT4_IRQHandler              
0000471f  PORT5_IRQHandler              
0000471f  PORT6_IRQHandler              
0000471f  PSS_IRQHandler                
0000471f  PendSV_Handler                
0000471f  RTC_C_IRQHandler              
0000471f  SVC_Handler                   
0000471f  SysTick_Handler               
0000471f  T32_INT1_IRQHandler           
0000471f  T32_INT2_IRQHandler           
0000471f  T32_INTC_IRQHandler           
0000471f  TA0_0_IRQHandler              
0000471f  TA0_N_IRQHandler              
0000471f  TA1_0_IRQHandler              
0000471f  TA1_N_IRQHandler              
0000471f  TA2_0_IRQHandler              
0000471f  TA2_N_IRQHandler              
0000471f  TA3_0_IRQHandler              
0000471f  TA3_N_IRQHandler              
0000471f  UsageFault_Handler            
0000471f  WDT_A_IRQHandler              
00004721  __aeabi_errno_addr            
00004731  _system_pre_init              
00004735  C$$EXIT                       
00004735  abort                         
00004738  _ctypes_                      
000049d8  __TI_Handler_Table_Base       
000049e4  __TI_Handler_Table_Limit      
000049f0  __TI_CINIT_Base               
00004a00  __TI_CINIT_Limit              
20000000  messages                      
20000230  uiLines                       
20000280  wrongStringInput              
200002d0  readCheck                     
200002d1  inputReady1                   
200002d2  inputReady2                   
200002d3  interruptCheck                
200002d4  errno                         
200002d8  SystemCoreClock               
200002dc  buffer                        
200002e8  addressConvert                
200002f0  expanderInput                 
200002f8  readConvert                   
20000300  blockNumber                   
20000302  controlByte                   
20000304  data                          
20000306  endAddress                    
20000308  i                             
2000030a  readAddress                   
2000030c  readValue                     
2000030e  temp                          
20000310  x                             
20000312  readReceive                   
2000fe00  __stack                       
20010000  __STACK_END                   
4000480c  WDTCTL_SYM                    
ffffffff  __TI_pprof_out_hndl           
ffffffff  __TI_prof_data_size           
ffffffff  __TI_prof_data_start          
ffffffff  __binit__                     
ffffffff  __c_args__                    
ffffffff  binit                         
UNDEFED   __mpu_init                    
UNDEFED   _system_post_cinit            

[174 symbols]
