<?xml version="1.0" encoding="ISO-8859-1" ?>
<link_info>
   <banner>TI ARM Linker PC v18.12.2.LTS</banner>
   <copyright>Copyright (c) 1996-2018 Texas Instruments Incorporated</copyright>
   <link_time>0x5dcb55e3</link_time>
   <link_errors>0x0</link_errors>
   <output_file>I2C_BitBang.out</output_file>
   <entry_point>
      <name>_c_int00_noargs</name>
      <address>0x3e29</address>
   </entry_point>
   <input_file_list>
      <input_file id="fl-2">
         <path>.\</path>
         <kind>object</kind>
         <file>eereset.obj</file>
         <name>eereset.obj</name>
      </input_file>
      <input_file id="fl-3">
         <path>.\</path>
         <kind>object</kind>
         <file>main.obj</file>
         <name>main.obj</name>
      </input_file>
      <input_file id="fl-4">
         <path>.\</path>
         <kind>object</kind>
         <file>pageWrite.obj</file>
         <name>pageWrite.obj</name>
      </input_file>
      <input_file id="fl-5">
         <path>.\</path>
         <kind>object</kind>
         <file>pinInit.obj</file>
         <name>pinInit.obj</name>
      </input_file>
      <input_file id="fl-6">
         <path>.\</path>
         <kind>object</kind>
         <file>printMenu.obj</file>
         <name>printMenu.obj</name>
      </input_file>
      <input_file id="fl-7">
         <path>.\</path>
         <kind>object</kind>
         <file>putstr.obj</file>
         <name>putstr.obj</name>
      </input_file>
      <input_file id="fl-8">
         <path>.\</path>
         <kind>object</kind>
         <file>read.obj</file>
         <name>read.obj</name>
      </input_file>
      <input_file id="fl-9">
         <path>.\</path>
         <kind>object</kind>
         <file>receiveByte.obj</file>
         <name>receiveByte.obj</name>
      </input_file>
      <input_file id="fl-a">
         <path>.\</path>
         <kind>object</kind>
         <file>sendByte.obj</file>
         <name>sendByte.obj</name>
      </input_file>
      <input_file id="fl-b">
         <path>.\</path>
         <kind>object</kind>
         <file>startBit.obj</file>
         <name>startBit.obj</name>
      </input_file>
      <input_file id="fl-c">
         <path>.\</path>
         <kind>object</kind>
         <file>startup_msp432p401r_ccs.obj</file>
         <name>startup_msp432p401r_ccs.obj</name>
      </input_file>
      <input_file id="fl-d">
         <path>.\</path>
         <kind>object</kind>
         <file>stopBit.obj</file>
         <name>stopBit.obj</name>
      </input_file>
      <input_file id="fl-e">
         <path>.\</path>
         <kind>object</kind>
         <file>system_msp432p401r.obj</file>
         <name>system_msp432p401r.obj</name>
      </input_file>
      <input_file id="fl-f">
         <path>.\</path>
         <kind>object</kind>
         <file>uartInit.obj</file>
         <name>uartInit.obj</name>
      </input_file>
      <input_file id="fl-10">
         <path>.\</path>
         <kind>object</kind>
         <file>write.obj</file>
         <name>write.obj</name>
      </input_file>
      <input_file id="fl-14">
         <kind>object</kind>
         <file>&lt;internal&gt;</file>
         <name>&lt;internal&gt;</name>
      </input_file>
      <input_file id="fl-ca">
         <path>C:\ti\ccs910\ccs\tools\compiler\ti-cgt-arm_18.12.2.LTS\lib\</path>
         <kind>archive</kind>
         <file>rtsv7M4_T_le_v4SPD16_eabi.lib</file>
         <name>snprintf.c.obj</name>
      </input_file>
      <input_file id="fl-cb">
         <path>C:\ti\ccs910\ccs\tools\compiler\ti-cgt-arm_18.12.2.LTS\lib\</path>
         <kind>archive</kind>
         <file>rtsv7M4_T_le_v4SPD16_eabi.lib</file>
         <name>sscanf.c.obj</name>
      </input_file>
      <input_file id="fl-cc">
         <path>C:\ti\ccs910\ccs\tools\compiler\ti-cgt-arm_18.12.2.LTS\lib\</path>
         <kind>archive</kind>
         <file>rtsv7M4_T_le_v4SPD16_eabi.lib</file>
         <name>memset_t2.asm.obj</name>
      </input_file>
      <input_file id="fl-cd">
         <path>C:\ti\ccs910\ccs\tools\compiler\ti-cgt-arm_18.12.2.LTS\lib\</path>
         <kind>archive</kind>
         <file>rtsv7M4_T_le_v4SPD16_eabi.lib</file>
         <name>memcpy_t2.asm.obj</name>
      </input_file>
      <input_file id="fl-ce">
         <path>C:\ti\ccs910\ccs\tools\compiler\ti-cgt-arm_18.12.2.LTS\lib\</path>
         <kind>archive</kind>
         <file>rtsv7M4_T_le_v4SPD16_eabi.lib</file>
         <name>copy_zero_init.c.obj</name>
      </input_file>
      <input_file id="fl-cf">
         <path>C:\ti\ccs910\ccs\tools\compiler\ti-cgt-arm_18.12.2.LTS\lib\</path>
         <kind>archive</kind>
         <file>rtsv7M4_T_le_v4SPD16_eabi.lib</file>
         <name>copy_decompress_none.c.obj</name>
      </input_file>
      <input_file id="fl-d0">
         <path>C:\ti\ccs910\ccs\tools\compiler\ti-cgt-arm_18.12.2.LTS\lib\</path>
         <kind>archive</kind>
         <file>rtsv7M4_T_le_v4SPD16_eabi.lib</file>
         <name>copy_decompress_lzss.c.obj</name>
      </input_file>
      <input_file id="fl-d1">
         <path>C:\ti\ccs910\ccs\tools\compiler\ti-cgt-arm_18.12.2.LTS\lib\</path>
         <kind>archive</kind>
         <file>rtsv7M4_T_le_v4SPD16_eabi.lib</file>
         <name>ctype.c.obj</name>
      </input_file>
      <input_file id="fl-d2">
         <path>C:\ti\ccs910\ccs\tools\compiler\ti-cgt-arm_18.12.2.LTS\lib\</path>
         <kind>archive</kind>
         <file>rtsv7M4_T_le_v4SPD16_eabi.lib</file>
         <name>boot_cortex_m.c.obj</name>
      </input_file>
      <input_file id="fl-d3">
         <path>C:\ti\ccs910\ccs\tools\compiler\ti-cgt-arm_18.12.2.LTS\lib\</path>
         <kind>archive</kind>
         <file>rtsv7M4_T_le_v4SPD16_eabi.lib</file>
         <name>_printfi.c.obj</name>
      </input_file>
      <input_file id="fl-d4">
         <path>C:\ti\ccs910\ccs\tools\compiler\ti-cgt-arm_18.12.2.LTS\lib\</path>
         <kind>archive</kind>
         <file>rtsv7M4_T_le_v4SPD16_eabi.lib</file>
         <name>_scanfi.c.obj</name>
      </input_file>
      <input_file id="fl-d5">
         <path>C:\ti\ccs910\ccs\tools\compiler\ti-cgt-arm_18.12.2.LTS\lib\</path>
         <kind>archive</kind>
         <file>rtsv7M4_T_le_v4SPD16_eabi.lib</file>
         <name>s_frexp.c.obj</name>
      </input_file>
      <input_file id="fl-d6">
         <path>C:\ti\ccs910\ccs\tools\compiler\ti-cgt-arm_18.12.2.LTS\lib\</path>
         <kind>archive</kind>
         <file>rtsv7M4_T_le_v4SPD16_eabi.lib</file>
         <name>s_scalbn.c.obj</name>
      </input_file>
      <input_file id="fl-d7">
         <path>C:\ti\ccs910\ccs\tools\compiler\ti-cgt-arm_18.12.2.LTS\lib\</path>
         <kind>archive</kind>
         <file>rtsv7M4_T_le_v4SPD16_eabi.lib</file>
         <name>ull_div_t2.asm.obj</name>
      </input_file>
      <input_file id="fl-d8">
         <path>C:\ti\ccs910\ccs\tools\compiler\ti-cgt-arm_18.12.2.LTS\lib\</path>
         <kind>archive</kind>
         <file>rtsv7M4_T_le_v4SPD16_eabi.lib</file>
         <name>fd_add_t2.asm.obj</name>
      </input_file>
      <input_file id="fl-d9">
         <path>C:\ti\ccs910\ccs\tools\compiler\ti-cgt-arm_18.12.2.LTS\lib\</path>
         <kind>archive</kind>
         <file>rtsv7M4_T_le_v4SPD16_eabi.lib</file>
         <name>fd_cmp_t2.asm.obj</name>
      </input_file>
      <input_file id="fl-da">
         <path>C:\ti\ccs910\ccs\tools\compiler\ti-cgt-arm_18.12.2.LTS\lib\</path>
         <kind>archive</kind>
         <file>rtsv7M4_T_le_v4SPD16_eabi.lib</file>
         <name>fd_div_t2.asm.obj</name>
      </input_file>
      <input_file id="fl-db">
         <path>C:\ti\ccs910\ccs\tools\compiler\ti-cgt-arm_18.12.2.LTS\lib\</path>
         <kind>archive</kind>
         <file>rtsv7M4_T_le_v4SPD16_eabi.lib</file>
         <name>fd_mul_t2.asm.obj</name>
      </input_file>
      <input_file id="fl-dc">
         <path>C:\ti\ccs910\ccs\tools\compiler\ti-cgt-arm_18.12.2.LTS\lib\</path>
         <kind>archive</kind>
         <file>rtsv7M4_T_le_v4SPD16_eabi.lib</file>
         <name>fd_toi_t2.asm.obj</name>
      </input_file>
      <input_file id="fl-dd">
         <path>C:\ti\ccs910\ccs\tools\compiler\ti-cgt-arm_18.12.2.LTS\lib\</path>
         <kind>archive</kind>
         <file>rtsv7M4_T_le_v4SPD16_eabi.lib</file>
         <name>fd_tos_t2.asm.obj</name>
      </input_file>
      <input_file id="fl-de">
         <path>C:\ti\ccs910\ccs\tools\compiler\ti-cgt-arm_18.12.2.LTS\lib\</path>
         <kind>archive</kind>
         <file>rtsv7M4_T_le_v4SPD16_eabi.lib</file>
         <name>i_tofd_t2.asm.obj</name>
      </input_file>
      <input_file id="fl-df">
         <path>C:\ti\ccs910\ccs\tools\compiler\ti-cgt-arm_18.12.2.LTS\lib\</path>
         <kind>archive</kind>
         <file>rtsv7M4_T_le_v4SPD16_eabi.lib</file>
         <name>autoinit.c.obj</name>
      </input_file>
      <input_file id="fl-e0">
         <path>C:\ti\ccs910\ccs\tools\compiler\ti-cgt-arm_18.12.2.LTS\lib\</path>
         <kind>archive</kind>
         <file>rtsv7M4_T_le_v4SPD16_eabi.lib</file>
         <name>pre_init.c.obj</name>
      </input_file>
      <input_file id="fl-e1">
         <path>C:\ti\ccs910\ccs\tools\compiler\ti-cgt-arm_18.12.2.LTS\lib\</path>
         <kind>archive</kind>
         <file>rtsv7M4_T_le_v4SPD16_eabi.lib</file>
         <name>cpy_tbl.c.obj</name>
      </input_file>
      <input_file id="fl-e2">
         <path>C:\ti\ccs910\ccs\tools\compiler\ti-cgt-arm_18.12.2.LTS\lib\</path>
         <kind>archive</kind>
         <file>rtsv7M4_T_le_v4SPD16_eabi.lib</file>
         <name>exit.c.obj</name>
      </input_file>
      <input_file id="fl-e3">
         <path>C:\ti\ccs910\ccs\tools\compiler\ti-cgt-arm_18.12.2.LTS\lib\</path>
         <kind>archive</kind>
         <file>rtsv7M4_T_le_v4SPD16_eabi.lib</file>
         <name>_lock.c.obj</name>
      </input_file>
      <input_file id="fl-e4">
         <path>C:\ti\ccs910\ccs\tools\compiler\ti-cgt-arm_18.12.2.LTS\lib\</path>
         <kind>archive</kind>
         <file>rtsv7M4_T_le_v4SPD16_eabi.lib</file>
         <name>args_main.c.obj</name>
      </input_file>
      <input_file id="fl-e5">
         <path>C:\ti\ccs910\ccs\tools\compiler\ti-cgt-arm_18.12.2.LTS\lib\</path>
         <kind>archive</kind>
         <file>rtsv7M4_T_le_v4SPD16_eabi.lib</file>
         <name>atoi.c.obj</name>
      </input_file>
      <input_file id="fl-e6">
         <path>C:\ti\ccs910\ccs\tools\compiler\ti-cgt-arm_18.12.2.LTS\lib\</path>
         <kind>archive</kind>
         <file>rtsv7M4_T_le_v4SPD16_eabi.lib</file>
         <name>ltoa.c.obj</name>
      </input_file>
      <input_file id="fl-e7">
         <path>C:\ti\ccs910\ccs\tools\compiler\ti-cgt-arm_18.12.2.LTS\lib\</path>
         <kind>archive</kind>
         <file>rtsv7M4_T_le_v4SPD16_eabi.lib</file>
         <name>memccpy.c.obj</name>
      </input_file>
      <input_file id="fl-e8">
         <path>C:\ti\ccs910\ccs\tools\compiler\ti-cgt-arm_18.12.2.LTS\lib\</path>
         <kind>archive</kind>
         <file>rtsv7M4_T_le_v4SPD16_eabi.lib</file>
         <name>strchr.c.obj</name>
      </input_file>
      <input_file id="fl-e9">
         <path>C:\ti\ccs910\ccs\tools\compiler\ti-cgt-arm_18.12.2.LTS\lib\</path>
         <kind>archive</kind>
         <file>rtsv7M4_T_le_v4SPD16_eabi.lib</file>
         <name>strcpy.c.obj</name>
      </input_file>
      <input_file id="fl-ea">
         <path>C:\ti\ccs910\ccs\tools\compiler\ti-cgt-arm_18.12.2.LTS\lib\</path>
         <kind>archive</kind>
         <file>rtsv7M4_T_le_v4SPD16_eabi.lib</file>
         <name>strlen.c.obj</name>
      </input_file>
      <input_file id="fl-eb">
         <path>C:\ti\ccs910\ccs\tools\compiler\ti-cgt-arm_18.12.2.LTS\lib\</path>
         <kind>archive</kind>
         <file>rtsv7M4_T_le_v4SPD16_eabi.lib</file>
         <name>strrchr.c.obj</name>
      </input_file>
      <input_file id="fl-ec">
         <path>C:\ti\ccs910\ccs\tools\compiler\ti-cgt-arm_18.12.2.LTS\lib\</path>
         <kind>archive</kind>
         <file>rtsv7M4_T_le_v4SPD16_eabi.lib</file>
         <name>strtod.c.obj</name>
      </input_file>
      <input_file id="fl-ed">
         <path>C:\ti\ccs910\ccs\tools\compiler\ti-cgt-arm_18.12.2.LTS\lib\</path>
         <kind>archive</kind>
         <file>rtsv7M4_T_le_v4SPD16_eabi.lib</file>
         <name>strtol.c.obj</name>
      </input_file>
      <input_file id="fl-ee">
         <path>C:\ti\ccs910\ccs\tools\compiler\ti-cgt-arm_18.12.2.LTS\lib\</path>
         <kind>archive</kind>
         <file>rtsv7M4_T_le_v4SPD16_eabi.lib</file>
         <name>strtoll.c.obj</name>
      </input_file>
      <input_file id="fl-ef">
         <path>C:\ti\ccs910\ccs\tools\compiler\ti-cgt-arm_18.12.2.LTS\lib\</path>
         <kind>archive</kind>
         <file>rtsv7M4_T_le_v4SPD16_eabi.lib</file>
         <name>strtoul.c.obj</name>
      </input_file>
      <input_file id="fl-f0">
         <path>C:\ti\ccs910\ccs\tools\compiler\ti-cgt-arm_18.12.2.LTS\lib\</path>
         <kind>archive</kind>
         <file>rtsv7M4_T_le_v4SPD16_eabi.lib</file>
         <name>strtoull.c.obj</name>
      </input_file>
      <input_file id="fl-f1">
         <path>C:\ti\ccs910\ccs\tools\compiler\ti-cgt-arm_18.12.2.LTS\lib\</path>
         <kind>archive</kind>
         <file>rtsv7M4_T_le_v4SPD16_eabi.lib</file>
         <name>errno.c.obj</name>
      </input_file>
      <input_file id="fl-f2">
         <path>C:\ti\ccs910\ccs\tools\compiler\ti-cgt-arm_18.12.2.LTS\lib\</path>
         <kind>archive</kind>
         <file>rtsv7M4_T_le_v4SPD16_eabi.lib</file>
         <name>wcslen.c.obj</name>
      </input_file>
      <input_file id="fl-f3">
         <path>C:\ti\ccs910\ccs\tools\compiler\ti-cgt-arm_18.12.2.LTS\lib\</path>
         <kind>archive</kind>
         <file>rtsv7M4_T_le_v4SPD16_eabi.lib</file>
         <name>s_copysign.c.obj</name>
      </input_file>
      <input_file id="fl-f4">
         <path>C:\ti\ccs910\ccs\tools\compiler\ti-cgt-arm_18.12.2.LTS\lib\</path>
         <kind>archive</kind>
         <file>rtsv7M4_T_le_v4SPD16_eabi.lib</file>
         <name>div0.asm.obj</name>
      </input_file>
      <input_file id="fl-f5">
         <path>C:\ti\ccs910\ccs\tools\compiler\ti-cgt-arm_18.12.2.LTS\lib\</path>
         <kind>archive</kind>
         <file>rtsv7M4_T_le_v4SPD16_eabi.lib</file>
         <name>ll_mul_t2.asm.obj</name>
      </input_file>
   </input_file_list>
   <object_component_list>
      <object_component id="oc-23">
         <name>.intvecs:retain</name>
         <load_address>0x0</load_address>
         <run_address>0x0</run_address>
         <size>0xe4</size>
         <input_file_ref idref="fl-c"/>
      </object_component>
      <object_component id="oc-189">
         <name>.text:__TI_scanfi</name>
         <load_address>0xe4</load_address>
         <run_address>0xe4</run_address>
         <size>0xaf0</size>
         <input_file_ref idref="fl-d4"/>
      </object_component>
      <object_component id="oc-1e7">
         <name>.text:__TI_printfi</name>
         <load_address>0xbd4</load_address>
         <run_address>0xbd4</run_address>
         <size>0xa4e</size>
         <input_file_ref idref="fl-d3"/>
      </object_component>
      <object_component id="oc-391">
         <name>.text</name>
         <load_address>0x1622</load_address>
         <run_address>0x1622</run_address>
         <size>0x2</size>
         <input_file_ref idref="fl-f4"/>
      </object_component>
      <object_component id="oc-246">
         <name>.text:strtod</name>
         <load_address>0x1624</load_address>
         <run_address>0x1624</run_address>
         <size>0x460</size>
         <input_file_ref idref="fl-ec"/>
      </object_component>
      <object_component id="oc-6a">
         <name>.text</name>
         <load_address>0x1a84</load_address>
         <run_address>0x1a84</run_address>
         <size>0x43c</size>
         <input_file_ref idref="fl-3"/>
      </object_component>
      <object_component id="oc-a2">
         <name>.text</name>
         <load_address>0x1ec0</load_address>
         <run_address>0x1ec0</run_address>
         <size>0x334</size>
         <input_file_ref idref="fl-e"/>
      </object_component>
      <object_component id="oc-2a6">
         <name>.text:_pconv_a</name>
         <load_address>0x21f4</load_address>
         <run_address>0x21f4</run_address>
         <size>0x270</size>
         <input_file_ref idref="fl-d3"/>
      </object_component>
      <object_component id="oc-257">
         <name>.text:strtoll</name>
         <load_address>0x2464</load_address>
         <run_address>0x2464</run_address>
         <size>0x1dc</size>
         <input_file_ref idref="fl-ee"/>
      </object_component>
      <object_component id="oc-294">
         <name>.text:_pconv_g</name>
         <load_address>0x2640</load_address>
         <run_address>0x2640</run_address>
         <size>0x1d0</size>
         <input_file_ref idref="fl-d3"/>
      </object_component>
      <object_component id="oc-304">
         <name>.text</name>
         <load_address>0x2810</load_address>
         <run_address>0x2810</run_address>
         <size>0x1b6</size>
         <input_file_ref idref="fl-d8"/>
      </object_component>
      <object_component id="oc-23a">
         <name>.text:strtoull</name>
         <load_address>0x29c8</load_address>
         <run_address>0x29c8</run_address>
         <size>0x15c</size>
         <input_file_ref idref="fl-f0"/>
      </object_component>
      <object_component id="oc-2a0">
         <name>.text:_pconv_e</name>
         <load_address>0x2b24</load_address>
         <run_address>0x2b24</run_address>
         <size>0x13c</size>
         <input_file_ref idref="fl-d3"/>
      </object_component>
      <object_component id="oc-309">
         <name>.text</name>
         <load_address>0x2c60</load_address>
         <run_address>0x2c60</run_address>
         <size>0x136</size>
         <input_file_ref idref="fl-da"/>
      </object_component>
      <object_component id="oc-251">
         <name>.text:strtol</name>
         <load_address>0x2d98</load_address>
         <run_address>0x2d98</run_address>
         <size>0x130</size>
         <input_file_ref idref="fl-ed"/>
      </object_component>
      <object_component id="oc-355">
         <name>.text:fcvt</name>
         <load_address>0x2ec8</load_address>
         <run_address>0x2ec8</run_address>
         <size>0x124</size>
         <input_file_ref idref="fl-d3"/>
      </object_component>
      <object_component id="oc-30e">
         <name>.text:scalbn</name>
         <load_address>0x2fec</load_address>
         <run_address>0x2fec</run_address>
         <size>0x110</size>
         <input_file_ref idref="fl-d6"/>
      </object_component>
      <object_component id="oc-240">
         <name>.text:strtoul</name>
         <load_address>0x30fc</load_address>
         <run_address>0x30fc</run_address>
         <size>0x110</size>
         <input_file_ref idref="fl-ef"/>
      </object_component>
      <object_component id="oc-2ff">
         <name>.text</name>
         <load_address>0x320c</load_address>
         <run_address>0x320c</run_address>
         <size>0xfc</size>
         <input_file_ref idref="fl-db"/>
      </object_component>
      <object_component id="oc-1e0">
         <name>.text</name>
         <load_address>0x3308</load_address>
         <run_address>0x3308</run_address>
         <size>0xd0</size>
         <input_file_ref idref="fl-9"/>
      </object_component>
      <object_component id="oc-289">
         <name>.text:_ltostr</name>
         <load_address>0x33d8</load_address>
         <run_address>0x33d8</run_address>
         <size>0xb1</size>
         <input_file_ref idref="fl-d3"/>
      </object_component>
      <object_component id="oc-34">
         <name>.text</name>
         <load_address>0x348a</load_address>
         <run_address>0x348a</run_address>
         <size>0x9c</size>
         <input_file_ref idref="fl-cd"/>
      </object_component>
      <object_component id="oc-1d8">
         <name>.text</name>
         <load_address>0x3528</load_address>
         <run_address>0x3528</run_address>
         <size>0x98</size>
         <input_file_ref idref="fl-a"/>
      </object_component>
      <object_component id="oc-2f6">
         <name>.text</name>
         <load_address>0x35c0</load_address>
         <run_address>0x35c0</run_address>
         <size>0x96</size>
         <input_file_ref idref="fl-d7"/>
      </object_component>
      <object_component id="oc-28f">
         <name>.text:__aeabi_cdcmple</name>
         <load_address>0x3656</load_address>
         <run_address>0x3656</run_address>
         <size>0x86</size>
         <input_file_ref idref="fl-d9"/>
      </object_component>
      <object_component id="oc-333">
         <name>.text:__aeabi_cdrcmple</name>
         <load_address>0x36dc</load_address>
         <run_address>0x36dc</run_address>
         <size>0x86</size>
         <input_file_ref idref="fl-d9"/>
      </object_component>
      <object_component id="oc-8a">
         <name>.text</name>
         <load_address>0x3762</load_address>
         <run_address>0x3762</run_address>
         <size>0x7a</size>
         <input_file_ref idref="fl-cc"/>
      </object_component>
      <object_component id="oc-34e">
         <name>.text:_mcpy</name>
         <load_address>0x37dc</load_address>
         <run_address>0x37dc</run_address>
         <size>0x6e</size>
         <input_file_ref idref="fl-d3"/>
      </object_component>
      <object_component id="oc-24c">
         <name>.text</name>
         <load_address>0x384a</load_address>
         <run_address>0x384a</run_address>
         <size>0x6e</size>
         <input_file_ref idref="fl-dd"/>
      </object_component>
      <object_component id="oc-19b">
         <name>.text:_chkmbc</name>
         <load_address>0x38b8</load_address>
         <run_address>0x38b8</run_address>
         <size>0x68</size>
         <input_file_ref idref="fl-cb"/>
      </object_component>
      <object_component id="oc-14">
         <name>.text:decompress:lzss:__TI_decompress_lzss</name>
         <load_address>0x3920</load_address>
         <run_address>0x3920</run_address>
         <size>0x68</size>
         <input_file_ref idref="fl-d0"/>
      </object_component>
      <object_component id="oc-363">
         <name>.text:frexp</name>
         <load_address>0x3988</load_address>
         <run_address>0x3988</run_address>
         <size>0x64</size>
         <input_file_ref idref="fl-d5"/>
      </object_component>
      <object_component id="oc-e4">
         <name>.text</name>
         <load_address>0x39ec</load_address>
         <run_address>0x39ec</run_address>
         <size>0x60</size>
         <input_file_ref idref="fl-f"/>
      </object_component>
      <object_component id="oc-108">
         <name>.text</name>
         <load_address>0x3a4c</load_address>
         <run_address>0x3a4c</run_address>
         <size>0x5c</size>
         <input_file_ref idref="fl-2"/>
      </object_component>
      <object_component id="oc-29a">
         <name>.text:_pconv_f</name>
         <load_address>0x3aa8</load_address>
         <run_address>0x3aa8</run_address>
         <size>0x56</size>
         <input_file_ref idref="fl-d3"/>
      </object_component>
      <object_component id="oc-33d">
         <name>.text:ltoa</name>
         <load_address>0x3afe</load_address>
         <run_address>0x3afe</run_address>
         <size>0x54</size>
         <input_file_ref idref="fl-e6"/>
      </object_component>
      <object_component id="oc-af">
         <name>.text</name>
         <load_address>0x3b54</load_address>
         <run_address>0x3b54</run_address>
         <size>0x54</size>
         <input_file_ref idref="fl-6"/>
      </object_component>
      <object_component id="oc-fc">
         <name>.text</name>
         <load_address>0x3ba8</load_address>
         <run_address>0x3ba8</run_address>
         <size>0x54</size>
         <input_file_ref idref="fl-8"/>
      </object_component>
      <object_component id="oc-348">
         <name>.text:_ecpy</name>
         <load_address>0x3bfc</load_address>
         <run_address>0x3bfc</run_address>
         <size>0x52</size>
         <input_file_ref idref="fl-d3"/>
      </object_component>
      <object_component id="oc-266">
         <name>.text:atoi</name>
         <load_address>0x3c50</load_address>
         <run_address>0x3c50</run_address>
         <size>0x4c</size>
         <input_file_ref idref="fl-e5"/>
      </object_component>
      <object_component id="oc-102">
         <name>.text:snprintf</name>
         <load_address>0x3c9c</load_address>
         <run_address>0x3c9c</run_address>
         <size>0x4c</size>
         <input_file_ref idref="fl-ca"/>
      </object_component>
      <object_component id="oc-338">
         <name>.text</name>
         <load_address>0x3ce8</load_address>
         <run_address>0x3ce8</run_address>
         <size>0x48</size>
         <input_file_ref idref="fl-dc"/>
      </object_component>
      <object_component id="oc-14b">
         <name>.text:__TI_auto_init_nobinit_nopinit:__TI_auto_init_nobinit_nopinit</name>
         <load_address>0x3d30</load_address>
         <run_address>0x3d30</run_address>
         <size>0x44</size>
         <input_file_ref idref="fl-df"/>
      </object_component>
      <object_component id="oc-35b">
         <name>.text:_fcpy</name>
         <load_address>0x3d74</load_address>
         <run_address>0x3d74</run_address>
         <size>0x3e</size>
         <input_file_ref idref="fl-d3"/>
      </object_component>
      <object_component id="oc-a9">
         <name>.text</name>
         <load_address>0x3db4</load_address>
         <run_address>0x3db4</run_address>
         <size>0x3c</size>
         <input_file_ref idref="fl-7"/>
      </object_component>
      <object_component id="oc-b5">
         <name>.text:sscanf</name>
         <load_address>0x3df0</load_address>
         <run_address>0x3df0</run_address>
         <size>0x38</size>
         <input_file_ref idref="fl-cb"/>
      </object_component>
      <object_component id="oc-52">
         <name>.text:_c_int00_noargs:_c_int00_noargs</name>
         <load_address>0x3e28</load_address>
         <run_address>0x3e28</run_address>
         <size>0x34</size>
         <input_file_ref idref="fl-d2"/>
      </object_component>
      <object_component id="oc-de">
         <name>.text</name>
         <load_address>0x3e5c</load_address>
         <run_address>0x3e5c</run_address>
         <size>0x34</size>
         <input_file_ref idref="fl-5"/>
      </object_component>
      <object_component id="oc-ea">
         <name>.text</name>
         <load_address>0x3e90</load_address>
         <run_address>0x3e90</run_address>
         <size>0x34</size>
         <input_file_ref idref="fl-b"/>
      </object_component>
      <object_component id="oc-f6">
         <name>.text</name>
         <load_address>0x3ec4</load_address>
         <run_address>0x3ec4</run_address>
         <size>0x34</size>
         <input_file_ref idref="fl-d"/>
      </object_component>
      <object_component id="oc-10e">
         <name>.text</name>
         <load_address>0x3ef8</load_address>
         <run_address>0x3ef8</run_address>
         <size>0x32</size>
         <input_file_ref idref="fl-4"/>
      </object_component>
      <object_component id="oc-1ed">
         <name>.text:_outs</name>
         <load_address>0x3f2a</load_address>
         <run_address>0x3f2a</run_address>
         <size>0x30</size>
         <input_file_ref idref="fl-ca"/>
      </object_component>
      <object_component id="oc-343">
         <name>.text</name>
         <load_address>0x3f5a</load_address>
         <run_address>0x3f5a</run_address>
         <size>0x2e</size>
         <input_file_ref idref="fl-de"/>
      </object_component>
      <object_component id="oc-f0">
         <name>.text</name>
         <load_address>0x3f88</load_address>
         <run_address>0x3f88</run_address>
         <size>0x28</size>
         <input_file_ref idref="fl-10"/>
      </object_component>
      <object_component id="oc-40">
         <name>.text:decompress:ZI:__TI_zero_init_nomemset:__TI_zero_init_nomemset</name>
         <load_address>0x3fb0</load_address>
         <run_address>0x3fb0</run_address>
         <size>0x1c</size>
         <input_file_ref idref="fl-ce"/>
      </object_component>
      <object_component id="oc-2ac">
         <name>.text:memccpy</name>
         <load_address>0x3fcc</load_address>
         <run_address>0x3fcc</run_address>
         <size>0x1c</size>
         <input_file_ref idref="fl-e7"/>
      </object_component>
      <object_component id="oc-39e">
         <name>.text:copysign</name>
         <load_address>0x3fe8</load_address>
         <run_address>0x3fe8</run_address>
         <size>0x1a</size>
         <input_file_ref idref="fl-f3"/>
      </object_component>
      <object_component id="oc-1f3">
         <name>.text:_outc</name>
         <load_address>0x4002</load_address>
         <run_address>0x4002</run_address>
         <size>0x18</size>
         <input_file_ref idref="fl-ca"/>
      </object_component>
      <object_component id="oc-2f1">
         <name>.text</name>
         <load_address>0x401a</load_address>
         <run_address>0x401a</run_address>
         <size>0x18</size>
         <input_file_ref idref="fl-f5"/>
      </object_component>
      <object_component id="oc-26c">
         <name>.text:strrchr</name>
         <load_address>0x4032</load_address>
         <run_address>0x4032</run_address>
         <size>0x18</size>
         <input_file_ref idref="fl-eb"/>
      </object_component>
      <object_component id="oc-272">
         <name>.text:strchr</name>
         <load_address>0x404a</load_address>
         <run_address>0x404a</run_address>
         <size>0x16</size>
         <input_file_ref idref="fl-e8"/>
      </object_component>
      <object_component id="oc-234">
         <name>.text:strcpy</name>
         <load_address>0x4060</load_address>
         <run_address>0x4060</run_address>
         <size>0x14</size>
         <input_file_ref idref="fl-e9"/>
      </object_component>
      <object_component id="oc-260">
         <name>.text:strlen</name>
         <load_address>0x4074</load_address>
         <run_address>0x4074</run_address>
         <size>0x14</size>
         <input_file_ref idref="fl-ea"/>
      </object_component>
      <object_component id="oc-18f">
         <name>.text:_inpchar</name>
         <load_address>0x4088</load_address>
         <run_address>0x4088</run_address>
         <size>0x12</size>
         <input_file_ref idref="fl-cb"/>
      </object_component>
      <object_component id="oc-2b2">
         <name>.text:wcslen</name>
         <load_address>0x409a</load_address>
         <run_address>0x409a</run_address>
         <size>0x12</size>
         <input_file_ref idref="fl-f2"/>
      </object_component>
      <object_component id="oc-1a">
         <name>.text:decompress:none:__TI_decompress_none</name>
         <load_address>0x40ac</load_address>
         <run_address>0x40ac</run_address>
         <size>0xe</size>
         <input_file_ref idref="fl-cf"/>
      </object_component>
      <object_component id="oc-64">
         <name>.text</name>
         <load_address>0x40ba</load_address>
         <run_address>0x40ba</run_address>
         <size>0xe</size>
         <input_file_ref idref="fl-c"/>
      </object_component>
      <object_component id="oc-2b8">
         <name>.text:__aeabi_errno_addr</name>
         <load_address>0x40c8</load_address>
         <run_address>0x40c8</run_address>
         <size>0x8</size>
         <input_file_ref idref="fl-f1"/>
      </object_component>
      <object_component id="oc-195">
         <name>.text:_uninpchar</name>
         <load_address>0x40d0</load_address>
         <run_address>0x40d0</run_address>
         <size>0x8</size>
         <input_file_ref idref="fl-cb"/>
      </object_component>
      <object_component id="oc-90">
         <name>.text:_system_pre_init</name>
         <load_address>0x40d8</load_address>
         <run_address>0x40d8</run_address>
         <size>0x4</size>
         <input_file_ref idref="fl-e0"/>
      </object_component>
      <object_component id="oc-13f">
         <name>.text:abort:abort</name>
         <load_address>0x40dc</load_address>
         <run_address>0x40dc</run_address>
         <size>0x4</size>
         <input_file_ref idref="fl-e2"/>
      </object_component>
      <object_component id="oc-25d">
         <name>.const:.string:_ctypes_</name>
         <load_address>0x40e0</load_address>
         <run_address>0x40e0</run_address>
         <size>0x101</size>
         <input_file_ref idref="fl-d1"/>
      </object_component>
      <object_component id="oc-314">
         <name>.const:$O1$$</name>
         <load_address>0x41e8</load_address>
         <run_address>0x41e8</run_address>
         <size>0xc8</size>
         <input_file_ref idref="fl-ec"/>
      </object_component>
      <object_component id="oc-278">
         <name>.const:$O1$$</name>
         <load_address>0x42b0</load_address>
         <run_address>0x42b0</run_address>
         <size>0x10</size>
         <input_file_ref idref="fl-d4"/>
      </object_component>
      <object_component id="oc-416">
         <name>.cinit..data.load</name>
         <load_address>0x42c0</load_address>
         <run_address>0x42c0</run_address>
         <size>0x99</size>
      </object_component>
      <object_component id="oc-414">
         <name>__TI_handler_table</name>
         <load_address>0x435c</load_address>
         <run_address>0x435c</run_address>
         <size>0xc</size>
      </object_component>
      <object_component id="oc-417">
         <name>.cinit..bss.load</name>
         <load_address>0x4368</load_address>
         <run_address>0x4368</run_address>
         <size>0x8</size>
      </object_component>
      <object_component id="oc-415">
         <name>__TI_cinit_table</name>
         <load_address>0x4370</load_address>
         <run_address>0x4370</run_address>
         <size>0x10</size>
      </object_component>
      <object_component id="oc-3e9">
         <name>.binit</name>
         <load_address>0x0</load_address>
         <run_address>0x0</run_address>
         <size>0x0</size>
      </object_component>
      <object_component id="oc-d7">
         <name>.data:wrongStringInput</name>
         <load_address>0x200001e0</load_address>
         <run_address>0x200001e0</run_address>
         <size>0x50</size>
         <input_file_ref idref="fl-3"/>
      </object_component>
      <object_component id="oc-119">
         <name>.data:newLine</name>
         <load_address>0x2000023a</load_address>
         <run_address>0x2000023a</run_address>
         <size>0x2</size>
         <input_file_ref idref="fl-3"/>
      </object_component>
      <object_component id="oc-da">
         <name>.data</name>
         <load_address>0x20000238</load_address>
         <run_address>0x20000238</run_address>
         <size>0x2</size>
         <input_file_ref idref="fl-3"/>
      </object_component>
      <object_component id="oc-182">
         <name>.data:uiLines</name>
         <load_address>0x20000190</load_address>
         <run_address>0x20000190</run_address>
         <size>0x50</size>
         <input_file_ref idref="fl-6"/>
      </object_component>
      <object_component id="oc-185">
         <name>.data:messages</name>
         <load_address>0x20000000</load_address>
         <run_address>0x20000000</run_address>
         <size>0x190</size>
         <input_file_ref idref="fl-6"/>
      </object_component>
      <object_component id="oc-17d">
         <name>.data</name>
         <load_address>0x20000234</load_address>
         <run_address>0x20000234</run_address>
         <size>0x4</size>
         <input_file_ref idref="fl-e"/>
      </object_component>
      <object_component id="oc-373">
         <name>.data</name>
         <load_address>0x20000230</load_address>
         <run_address>0x20000230</run_address>
         <size>0x4</size>
         <input_file_ref idref="fl-f1"/>
      </object_component>
      <object_component id="oc-114">
         <name>.common:x</name>
         <uninitialized>true</uninitialized>
         <run_address>0x2000025c</run_address>
         <size>0x2</size>
      </object_component>
      <object_component id="oc-bb">
         <name>.common:buffer</name>
         <uninitialized>true</uninitialized>
         <run_address>0x2000023c</run_address>
         <size>0xc</size>
      </object_component>
      <object_component id="oc-d6">
         <name>.common:i</name>
         <uninitialized>true</uninitialized>
         <run_address>0x20000256</run_address>
         <size>0x2</size>
      </object_component>
      <object_component id="oc-dd">
         <name>.common:readValue</name>
         <uninitialized>true</uninitialized>
         <run_address>0x20000258</run_address>
         <size>0x2</size>
      </object_component>
      <object_component id="oc-117">
         <name>.common:writeAddress</name>
         <uninitialized>true</uninitialized>
         <run_address>0x2000025a</run_address>
         <size>0x2</size>
      </object_component>
      <object_component id="oc-118">
         <name>.common:data</name>
         <uninitialized>true</uninitialized>
         <run_address>0x20000254</run_address>
         <size>0x2</size>
      </object_component>
      <object_component id="oc-116">
         <name>.common:controlByte</name>
         <uninitialized>true</uninitialized>
         <run_address>0x20000252</run_address>
         <size>0x2</size>
      </object_component>
      <object_component id="oc-115">
         <name>.common:blockNumber</name>
         <uninitialized>true</uninitialized>
         <run_address>0x20000250</run_address>
         <size>0x2</size>
      </object_component>
      <object_component id="oc-11c">
         <name>.common:readConvert</name>
         <uninitialized>true</uninitialized>
         <run_address>0x20000248</run_address>
         <size>0x8</size>
      </object_component>
      <object_component id="oc-287">
         <name>.common:readReceive</name>
         <uninitialized>true</uninitialized>
         <run_address>0x2000025e</run_address>
         <size>0x1</size>
      </object_component>
      <object_component id="oc-26">
         <name>.stack</name>
         <uninitialized>true</uninitialized>
         <run_address>0x2000fe00</run_address>
         <size>0x4</size>
         <input_file_ref idref="fl-d2"/>
      </object_component>
      <object_component id="oc-418">
         <name>.stack</name>
         <uninitialized>true</uninitialized>
         <run_address>0x2000fe00</run_address>
         <size>0x0</size>
      </object_component>
      <object_component id="oc-bc">
         <name>.debug_info</name>
         <load_address>0x0</load_address>
         <run_address>0x0</run_address>
         <size>0x604</size>
         <input_file_ref idref="fl-2"/>
      </object_component>
      <object_component id="oc-109">
         <name>.debug_info</name>
         <load_address>0x604</load_address>
         <run_address>0x604</run_address>
         <size>0x150</size>
         <input_file_ref idref="fl-2"/>
      </object_component>
      <object_component id="oc-1aa">
         <name>.debug_info</name>
         <load_address>0x754</load_address>
         <run_address>0x754</run_address>
         <size>0x37e2</size>
         <input_file_ref idref="fl-2"/>
      </object_component>
      <object_component id="oc-12a">
         <name>.debug_info</name>
         <load_address>0x3f36</load_address>
         <run_address>0x3f36</run_address>
         <size>0x26b</size>
         <input_file_ref idref="fl-2"/>
      </object_component>
      <object_component id="oc-1af">
         <name>.debug_info</name>
         <load_address>0x41a1</load_address>
         <run_address>0x41a1</run_address>
         <size>0x1055</size>
         <input_file_ref idref="fl-2"/>
      </object_component>
      <object_component id="oc-2f">
         <name>.debug_info</name>
         <load_address>0x51f6</load_address>
         <run_address>0x51f6</run_address>
         <size>0x84</size>
         <input_file_ref idref="fl-2"/>
      </object_component>
      <object_component id="oc-209">
         <name>.debug_info</name>
         <load_address>0x527a</load_address>
         <run_address>0x527a</run_address>
         <size>0x297</size>
         <input_file_ref idref="fl-2"/>
      </object_component>
      <object_component id="oc-123">
         <name>.debug_info</name>
         <load_address>0x5511</load_address>
         <run_address>0x5511</run_address>
         <size>0xbb</size>
         <input_file_ref idref="fl-2"/>
      </object_component>
      <object_component id="oc-1b6">
         <name>.debug_info</name>
         <load_address>0x55cc</load_address>
         <run_address>0x55cc</run_address>
         <size>0xcc</size>
         <input_file_ref idref="fl-2"/>
      </object_component>
      <object_component id="oc-1a3">
         <name>.debug_info</name>
         <load_address>0x5698</load_address>
         <run_address>0x5698</run_address>
         <size>0x2c</size>
         <input_file_ref idref="fl-2"/>
      </object_component>
      <object_component id="oc-be">
         <name>.debug_info</name>
         <load_address>0x56c4</load_address>
         <run_address>0x56c4</run_address>
         <size>0x8bf</size>
         <input_file_ref idref="fl-3"/>
      </object_component>
      <object_component id="oc-d8">
         <name>.debug_info</name>
         <load_address>0x5f83</load_address>
         <run_address>0x5f83</run_address>
         <size>0xf7</size>
         <input_file_ref idref="fl-3"/>
      </object_component>
      <object_component id="oc-11a">
         <name>.debug_info</name>
         <load_address>0x607a</load_address>
         <run_address>0x607a</run_address>
         <size>0xe5</size>
         <input_file_ref idref="fl-3"/>
      </object_component>
      <object_component id="oc-db">
         <name>.debug_info</name>
         <load_address>0x615f</load_address>
         <run_address>0x615f</run_address>
         <size>0x10e</size>
         <input_file_ref idref="fl-3"/>
      </object_component>
      <object_component id="oc-6b">
         <name>.debug_info</name>
         <load_address>0x626d</load_address>
         <run_address>0x626d</run_address>
         <size>0x44d</size>
         <input_file_ref idref="fl-3"/>
      </object_component>
      <object_component id="oc-11e">
         <name>.debug_info</name>
         <load_address>0x66ba</load_address>
         <run_address>0x66ba</run_address>
         <size>0x8b</size>
         <input_file_ref idref="fl-3"/>
      </object_component>
      <object_component id="oc-c0">
         <name>.debug_info</name>
         <load_address>0x6745</load_address>
         <run_address>0x6745</run_address>
         <size>0x5fa</size>
         <input_file_ref idref="fl-4"/>
      </object_component>
      <object_component id="oc-10f">
         <name>.debug_info</name>
         <load_address>0x6d3f</load_address>
         <run_address>0x6d3f</run_address>
         <size>0x15b</size>
         <input_file_ref idref="fl-4"/>
      </object_component>
      <object_component id="oc-c2">
         <name>.debug_info</name>
         <load_address>0x6e9a</load_address>
         <run_address>0x6e9a</run_address>
         <size>0x5d6</size>
         <input_file_ref idref="fl-5"/>
      </object_component>
      <object_component id="oc-e1">
         <name>.debug_info</name>
         <load_address>0x7470</load_address>
         <run_address>0x7470</run_address>
         <size>0x118</size>
         <input_file_ref idref="fl-5"/>
      </object_component>
      <object_component id="oc-c4">
         <name>.debug_info</name>
         <load_address>0x7588</load_address>
         <run_address>0x7588</run_address>
         <size>0x643</size>
         <input_file_ref idref="fl-6"/>
      </object_component>
      <object_component id="oc-183">
         <name>.debug_info</name>
         <load_address>0x7bcb</load_address>
         <run_address>0x7bcb</run_address>
         <size>0xea</size>
         <input_file_ref idref="fl-6"/>
      </object_component>
      <object_component id="oc-186">
         <name>.debug_info</name>
         <load_address>0x7cb5</load_address>
         <run_address>0x7cb5</run_address>
         <size>0xec</size>
         <input_file_ref idref="fl-6"/>
      </object_component>
      <object_component id="oc-b1">
         <name>.debug_info</name>
         <load_address>0x7da1</load_address>
         <run_address>0x7da1</run_address>
         <size>0x17c</size>
         <input_file_ref idref="fl-6"/>
      </object_component>
      <object_component id="oc-c6">
         <name>.debug_info</name>
         <load_address>0x7f1d</load_address>
         <run_address>0x7f1d</run_address>
         <size>0x5db</size>
         <input_file_ref idref="fl-7"/>
      </object_component>
      <object_component id="oc-ac">
         <name>.debug_info</name>
         <load_address>0x84f8</load_address>
         <run_address>0x84f8</run_address>
         <size>0x142</size>
         <input_file_ref idref="fl-7"/>
      </object_component>
      <object_component id="oc-c8">
         <name>.debug_info</name>
         <load_address>0x863a</load_address>
         <run_address>0x863a</run_address>
         <size>0x62f</size>
         <input_file_ref idref="fl-8"/>
      </object_component>
      <object_component id="oc-fe">
         <name>.debug_info</name>
         <load_address>0x8c69</load_address>
         <run_address>0x8c69</run_address>
         <size>0x1e9</size>
         <input_file_ref idref="fl-8"/>
      </object_component>
      <object_component id="oc-ca">
         <name>.debug_info</name>
         <load_address>0x8e52</load_address>
         <run_address>0x8e52</run_address>
         <size>0x601</size>
         <input_file_ref idref="fl-9"/>
      </object_component>
      <object_component id="oc-1e1">
         <name>.debug_info</name>
         <load_address>0x9453</load_address>
         <run_address>0x9453</run_address>
         <size>0x14e</size>
         <input_file_ref idref="fl-9"/>
      </object_component>
      <object_component id="oc-cc">
         <name>.debug_info</name>
         <load_address>0x95a1</load_address>
         <run_address>0x95a1</run_address>
         <size>0x5d7</size>
         <input_file_ref idref="fl-a"/>
      </object_component>
      <object_component id="oc-1db">
         <name>.debug_info</name>
         <load_address>0x9b78</load_address>
         <run_address>0x9b78</run_address>
         <size>0x140</size>
         <input_file_ref idref="fl-a"/>
      </object_component>
      <object_component id="oc-ce">
         <name>.debug_info</name>
         <load_address>0x9cb8</load_address>
         <run_address>0x9cb8</run_address>
         <size>0x5d7</size>
         <input_file_ref idref="fl-b"/>
      </object_component>
      <object_component id="oc-ed">
         <name>.debug_info</name>
         <load_address>0xa28f</load_address>
         <run_address>0xa28f</run_address>
         <size>0x11d</size>
         <input_file_ref idref="fl-b"/>
      </object_component>
      <object_component id="oc-72">
         <name>.debug_info</name>
         <load_address>0xa3ac</load_address>
         <run_address>0xa3ac</run_address>
         <size>0x2de</size>
         <input_file_ref idref="fl-c"/>
      </object_component>
      <object_component id="oc-24">
         <name>.debug_info</name>
         <load_address>0xa68a</load_address>
         <run_address>0xa68a</run_address>
         <size>0x10a</size>
         <input_file_ref idref="fl-c"/>
      </object_component>
      <object_component id="oc-68">
         <name>.debug_info</name>
         <load_address>0xa794</load_address>
         <run_address>0xa794</run_address>
         <size>0x1d1</size>
         <input_file_ref idref="fl-c"/>
      </object_component>
      <object_component id="oc-d0">
         <name>.debug_info</name>
         <load_address>0xa965</load_address>
         <run_address>0xa965</run_address>
         <size>0x5d6</size>
         <input_file_ref idref="fl-d"/>
      </object_component>
      <object_component id="oc-f8">
         <name>.debug_info</name>
         <load_address>0xaf3b</load_address>
         <run_address>0xaf3b</run_address>
         <size>0x118</size>
         <input_file_ref idref="fl-d"/>
      </object_component>
      <object_component id="oc-17e">
         <name>.debug_info</name>
         <load_address>0xb053</load_address>
         <run_address>0xb053</run_address>
         <size>0x103</size>
         <input_file_ref idref="fl-e"/>
      </object_component>
      <object_component id="oc-a4">
         <name>.debug_info</name>
         <load_address>0xb156</load_address>
         <run_address>0xb156</run_address>
         <size>0x275</size>
         <input_file_ref idref="fl-e"/>
      </object_component>
      <object_component id="oc-d2">
         <name>.debug_info</name>
         <load_address>0xb3cb</load_address>
         <run_address>0xb3cb</run_address>
         <size>0x5d7</size>
         <input_file_ref idref="fl-f"/>
      </object_component>
      <object_component id="oc-e7">
         <name>.debug_info</name>
         <load_address>0xb9a2</load_address>
         <run_address>0xb9a2</run_address>
         <size>0x11d</size>
         <input_file_ref idref="fl-f"/>
      </object_component>
      <object_component id="oc-d4">
         <name>.debug_info</name>
         <load_address>0xbabf</load_address>
         <run_address>0xbabf</run_address>
         <size>0x5f6</size>
         <input_file_ref idref="fl-10"/>
      </object_component>
      <object_component id="oc-f1">
         <name>.debug_info</name>
         <load_address>0xc0b5</load_address>
         <run_address>0xc0b5</run_address>
         <size>0x1e0</size>
         <input_file_ref idref="fl-10"/>
      </object_component>
      <object_component id="oc-1fa">
         <name>.debug_info</name>
         <load_address>0xc295</load_address>
         <run_address>0xc295</run_address>
         <size>0x33b</size>
         <input_file_ref idref="fl-ca"/>
      </object_component>
      <object_component id="oc-104">
         <name>.debug_info</name>
         <load_address>0xc5d0</load_address>
         <run_address>0xc5d0</run_address>
         <size>0x1ef</size>
         <input_file_ref idref="fl-ca"/>
      </object_component>
      <object_component id="oc-1ee">
         <name>.debug_info</name>
         <load_address>0xc7bf</load_address>
         <run_address>0xc7bf</run_address>
         <size>0x1c4</size>
         <input_file_ref idref="fl-ca"/>
      </object_component>
      <object_component id="oc-1f6">
         <name>.debug_info</name>
         <load_address>0xc983</load_address>
         <run_address>0xc983</run_address>
         <size>0x177</size>
         <input_file_ref idref="fl-ca"/>
      </object_component>
      <object_component id="oc-1fb">
         <name>.debug_info</name>
         <load_address>0xcafa</load_address>
         <run_address>0xcafa</run_address>
         <size>0x2c</size>
         <input_file_ref idref="fl-ca"/>
      </object_component>
      <object_component id="oc-200">
         <name>.debug_info</name>
         <load_address>0xcb26</load_address>
         <run_address>0xcb26</run_address>
         <size>0x69</size>
         <input_file_ref idref="fl-ca"/>
      </object_component>
      <object_component id="oc-1a2">
         <name>.debug_info</name>
         <load_address>0xcb8f</load_address>
         <run_address>0xcb8f</run_address>
         <size>0x37b</size>
         <input_file_ref idref="fl-cb"/>
      </object_component>
      <object_component id="oc-b7">
         <name>.debug_info</name>
         <load_address>0xcf0a</load_address>
         <run_address>0xcf0a</run_address>
         <size>0x17f</size>
         <input_file_ref idref="fl-cb"/>
      </object_component>
      <object_component id="oc-196">
         <name>.debug_info</name>
         <load_address>0xd089</load_address>
         <run_address>0xd089</run_address>
         <size>0x172</size>
         <input_file_ref idref="fl-cb"/>
      </object_component>
      <object_component id="oc-191">
         <name>.debug_info</name>
         <load_address>0xd1fb</load_address>
         <run_address>0xd1fb</run_address>
         <size>0x17f</size>
         <input_file_ref idref="fl-cb"/>
      </object_component>
      <object_component id="oc-19d">
         <name>.debug_info</name>
         <load_address>0xd37a</load_address>
         <run_address>0xd37a</run_address>
         <size>0x1df</size>
         <input_file_ref idref="fl-cb"/>
      </object_component>
      <object_component id="oc-8b">
         <name>.debug_info</name>
         <load_address>0xd559</load_address>
         <run_address>0xd559</run_address>
         <size>0x148</size>
         <input_file_ref idref="fl-cc"/>
      </object_component>
      <object_component id="oc-35">
         <name>.debug_info</name>
         <load_address>0xd6a1</load_address>
         <run_address>0xd6a1</run_address>
         <size>0x11a</size>
         <input_file_ref idref="fl-cd"/>
      </object_component>
      <object_component id="oc-89">
         <name>.debug_info</name>
         <load_address>0xd7bb</load_address>
         <run_address>0xd7bb</run_address>
         <size>0x2d5</size>
         <input_file_ref idref="fl-ce"/>
      </object_component>
      <object_component id="oc-44">
         <name>.debug_info</name>
         <load_address>0xda90</load_address>
         <run_address>0xda90</run_address>
         <size>0x1d3</size>
         <input_file_ref idref="fl-ce"/>
      </object_component>
      <object_component id="oc-84">
         <name>.debug_info</name>
         <load_address>0xdc63</load_address>
         <run_address>0xdc63</run_address>
         <size>0x46</size>
         <input_file_ref idref="fl-ce"/>
      </object_component>
      <object_component id="oc-136">
         <name>.debug_info</name>
         <load_address>0xdca9</load_address>
         <run_address>0xdca9</run_address>
         <size>0x2c</size>
         <input_file_ref idref="fl-ce"/>
      </object_component>
      <object_component id="oc-3f">
         <name>.debug_info</name>
         <load_address>0xdcd5</load_address>
         <run_address>0xdcd5</run_address>
         <size>0x2a9</size>
         <input_file_ref idref="fl-cf"/>
      </object_component>
      <object_component id="oc-1b">
         <name>.debug_info</name>
         <load_address>0xdf7e</load_address>
         <run_address>0xdf7e</run_address>
         <size>0x1eb</size>
         <input_file_ref idref="fl-cf"/>
      </object_component>
      <object_component id="oc-3a">
         <name>.debug_info</name>
         <load_address>0xe169</load_address>
         <run_address>0xe169</run_address>
         <size>0x46</size>
         <input_file_ref idref="fl-cf"/>
      </object_component>
      <object_component id="oc-7c">
         <name>.debug_info</name>
         <load_address>0xe1af</load_address>
         <run_address>0xe1af</run_address>
         <size>0x2c</size>
         <input_file_ref idref="fl-cf"/>
      </object_component>
      <object_component id="oc-7a">
         <name>.debug_info</name>
         <load_address>0xe1db</load_address>
         <run_address>0xe1db</run_address>
         <size>0x29f</size>
         <input_file_ref idref="fl-d0"/>
      </object_component>
      <object_component id="oc-15">
         <name>.debug_info</name>
         <load_address>0xe47a</load_address>
         <run_address>0xe47a</run_address>
         <size>0x251</size>
         <input_file_ref idref="fl-d0"/>
      </object_component>
      <object_component id="oc-2a">
         <name>.debug_info</name>
         <load_address>0xe6cb</load_address>
         <run_address>0xe6cb</run_address>
         <size>0x60</size>
         <input_file_ref idref="fl-d0"/>
      </object_component>
      <object_component id="oc-12f">
         <name>.debug_info</name>
         <load_address>0xe72b</load_address>
         <run_address>0xe72b</run_address>
         <size>0x46</size>
         <input_file_ref idref="fl-d0"/>
      </object_component>
      <object_component id="oc-75">
         <name>.debug_info</name>
         <load_address>0xe771</load_address>
         <run_address>0xe771</run_address>
         <size>0x39</size>
         <input_file_ref idref="fl-d0"/>
      </object_component>
      <object_component id="oc-321">
         <name>.debug_info</name>
         <load_address>0xe7aa</load_address>
         <run_address>0xe7aa</run_address>
         <size>0xfa</size>
         <input_file_ref idref="fl-d1"/>
      </object_component>
      <object_component id="oc-25e">
         <name>.debug_info</name>
         <load_address>0xe8a4</load_address>
         <run_address>0xe8a4</run_address>
         <size>0x106</size>
         <input_file_ref idref="fl-d1"/>
      </object_component>
      <object_component id="oc-27">
         <name>.debug_info</name>
         <load_address>0xe9aa</load_address>
         <run_address>0xe9aa</run_address>
         <size>0x10c</size>
         <input_file_ref idref="fl-d2"/>
      </object_component>
      <object_component id="oc-56">
         <name>.debug_info</name>
         <load_address>0xeab6</load_address>
         <run_address>0xeab6</run_address>
         <size>0x1aa</size>
         <input_file_ref idref="fl-d2"/>
      </object_component>
      <object_component id="oc-2bf">
         <name>.debug_info</name>
         <load_address>0xec60</load_address>
         <run_address>0xec60</run_address>
         <size>0x57c</size>
         <input_file_ref idref="fl-d3"/>
      </object_component>
      <object_component id="oc-28c">
         <name>.debug_info</name>
         <load_address>0xf1dc</load_address>
         <run_address>0xf1dc</run_address>
         <size>0x21f</size>
         <input_file_ref idref="fl-d3"/>
      </object_component>
      <object_component id="oc-34b">
         <name>.debug_info</name>
         <load_address>0xf3fb</load_address>
         <run_address>0xf3fb</run_address>
         <size>0x1b4</size>
         <input_file_ref idref="fl-d3"/>
      </object_component>
      <object_component id="oc-351">
         <name>.debug_info</name>
         <load_address>0xf5af</load_address>
         <run_address>0xf5af</run_address>
         <size>0x21c</size>
         <input_file_ref idref="fl-d3"/>
      </object_component>
      <object_component id="oc-297">
         <name>.debug_info</name>
         <load_address>0xf7cb</load_address>
         <run_address>0xf7cb</run_address>
         <size>0x3bc</size>
         <input_file_ref idref="fl-d3"/>
      </object_component>
      <object_component id="oc-358">
         <name>.debug_info</name>
         <load_address>0xfb87</load_address>
         <run_address>0xfb87</run_address>
         <size>0x306</size>
         <input_file_ref idref="fl-d3"/>
      </object_component>
      <object_component id="oc-35e">
         <name>.debug_info</name>
         <load_address>0xfe8d</load_address>
         <run_address>0xfe8d</run_address>
         <size>0x216</size>
         <input_file_ref idref="fl-d3"/>
      </object_component>
      <object_component id="oc-29e">
         <name>.debug_info</name>
         <load_address>0x100a3</load_address>
         <run_address>0x100a3</run_address>
         <size>0x216</size>
         <input_file_ref idref="fl-d3"/>
      </object_component>
      <object_component id="oc-2a3">
         <name>.debug_info</name>
         <load_address>0x102b9</load_address>
         <run_address>0x102b9</run_address>
         <size>0x305</size>
         <input_file_ref idref="fl-d3"/>
      </object_component>
      <object_component id="oc-2aa">
         <name>.debug_info</name>
         <load_address>0x105be</load_address>
         <run_address>0x105be</run_address>
         <size>0x4b1</size>
         <input_file_ref idref="fl-d3"/>
      </object_component>
      <object_component id="oc-1eb">
         <name>.debug_info</name>
         <load_address>0x10a6f</load_address>
         <run_address>0x10a6f</run_address>
         <size>0x5f5</size>
         <input_file_ref idref="fl-d3"/>
      </object_component>
      <object_component id="oc-2c0">
         <name>.debug_info</name>
         <load_address>0x11064</load_address>
         <run_address>0x11064</run_address>
         <size>0x86</size>
         <input_file_ref idref="fl-d3"/>
      </object_component>
      <object_component id="oc-32c">
         <name>.debug_info</name>
         <load_address>0x110ea</load_address>
         <run_address>0x110ea</run_address>
         <size>0x39</size>
         <input_file_ref idref="fl-d3"/>
      </object_component>
      <object_component id="oc-3d5">
         <name>.debug_info</name>
         <load_address>0x11123</load_address>
         <run_address>0x11123</run_address>
         <size>0xb6</size>
         <input_file_ref idref="fl-d3"/>
      </object_component>
      <object_component id="oc-37a">
         <name>.debug_info</name>
         <load_address>0x111d9</load_address>
         <run_address>0x111d9</run_address>
         <size>0x46</size>
         <input_file_ref idref="fl-d3"/>
      </object_component>
      <object_component id="oc-2c5">
         <name>.debug_info</name>
         <load_address>0x1121f</load_address>
         <run_address>0x1121f</run_address>
         <size>0x46</size>
         <input_file_ref idref="fl-d3"/>
      </object_component>
      <object_component id="oc-27a">
         <name>.debug_info</name>
         <load_address>0x11265</load_address>
         <run_address>0x11265</run_address>
         <size>0x5cf</size>
         <input_file_ref idref="fl-d4"/>
      </object_component>
      <object_component id="oc-18a">
         <name>.debug_info</name>
         <load_address>0x11834</load_address>
         <run_address>0x11834</run_address>
         <size>0x984</size>
         <input_file_ref idref="fl-d4"/>
      </object_component>
      <object_component id="oc-27c">
         <name>.debug_info</name>
         <load_address>0x121b8</load_address>
         <run_address>0x121b8</run_address>
         <size>0x9a</size>
         <input_file_ref idref="fl-d4"/>
      </object_component>
      <object_component id="oc-3c7">
         <name>.debug_info</name>
         <load_address>0x12252</load_address>
         <run_address>0x12252</run_address>
         <size>0x29b</size>
         <input_file_ref idref="fl-d5"/>
      </object_component>
      <object_component id="oc-367">
         <name>.debug_info</name>
         <load_address>0x124ed</load_address>
         <run_address>0x124ed</run_address>
         <size>0x196</size>
         <input_file_ref idref="fl-d5"/>
      </object_component>
      <object_component id="oc-3de">
         <name>.debug_info</name>
         <load_address>0x12683</load_address>
         <run_address>0x12683</run_address>
         <size>0x39</size>
         <input_file_ref idref="fl-d5"/>
      </object_component>
      <object_component id="oc-3a6">
         <name>.debug_info</name>
         <load_address>0x126bc</load_address>
         <run_address>0x126bc</run_address>
         <size>0x2c</size>
         <input_file_ref idref="fl-d5"/>
      </object_component>
      <object_component id="oc-3a5">
         <name>.debug_info</name>
         <load_address>0x126e8</load_address>
         <run_address>0x126e8</run_address>
         <size>0x2fe</size>
         <input_file_ref idref="fl-d6"/>
      </object_component>
      <object_component id="oc-312">
         <name>.debug_info</name>
         <load_address>0x129e6</load_address>
         <run_address>0x129e6</run_address>
         <size>0x226</size>
         <input_file_ref idref="fl-d6"/>
      </object_component>
      <object_component id="oc-2f8">
         <name>.debug_info</name>
         <load_address>0x12c0c</load_address>
         <run_address>0x12c0c</run_address>
         <size>0x135</size>
         <input_file_ref idref="fl-d7"/>
      </object_component>
      <object_component id="oc-307">
         <name>.debug_info</name>
         <load_address>0x12d41</load_address>
         <run_address>0x12d41</run_address>
         <size>0x14d</size>
         <input_file_ref idref="fl-d8"/>
      </object_component>
      <object_component id="oc-292">
         <name>.debug_info</name>
         <load_address>0x12e8e</load_address>
         <run_address>0x12e8e</run_address>
         <size>0x129</size>
         <input_file_ref idref="fl-d9"/>
      </object_component>
      <object_component id="oc-335">
         <name>.debug_info</name>
         <load_address>0x12fb7</load_address>
         <run_address>0x12fb7</run_address>
         <size>0x12b</size>
         <input_file_ref idref="fl-d9"/>
      </object_component>
      <object_component id="oc-30c">
         <name>.debug_info</name>
         <load_address>0x130e2</load_address>
         <run_address>0x130e2</run_address>
         <size>0x13b</size>
         <input_file_ref idref="fl-da"/>
      </object_component>
      <object_component id="oc-301">
         <name>.debug_info</name>
         <load_address>0x1321d</load_address>
         <run_address>0x1321d</run_address>
         <size>0x13b</size>
         <input_file_ref idref="fl-db"/>
      </object_component>
      <object_component id="oc-33b">
         <name>.debug_info</name>
         <load_address>0x13358</load_address>
         <run_address>0x13358</run_address>
         <size>0x12f</size>
         <input_file_ref idref="fl-dc"/>
      </object_component>
      <object_component id="oc-24f">
         <name>.debug_info</name>
         <load_address>0x13487</load_address>
         <run_address>0x13487</run_address>
         <size>0x13f</size>
         <input_file_ref idref="fl-dd"/>
      </object_component>
      <object_component id="oc-345">
         <name>.debug_info</name>
         <load_address>0x135c6</load_address>
         <run_address>0x135c6</run_address>
         <size>0x12d</size>
         <input_file_ref idref="fl-de"/>
      </object_component>
      <object_component id="oc-219">
         <name>.debug_info</name>
         <load_address>0x136f3</load_address>
         <run_address>0x136f3</run_address>
         <size>0x4b4</size>
         <input_file_ref idref="fl-df"/>
      </object_component>
      <object_component id="oc-14f">
         <name>.debug_info</name>
         <load_address>0x13ba7</load_address>
         <run_address>0x13ba7</run_address>
         <size>0x1a7</size>
         <input_file_ref idref="fl-df"/>
      </object_component>
      <object_component id="oc-2de">
         <name>.debug_info</name>
         <load_address>0x13d4e</load_address>
         <run_address>0x13d4e</run_address>
         <size>0x39</size>
         <input_file_ref idref="fl-df"/>
      </object_component>
      <object_component id="oc-382">
         <name>.debug_info</name>
         <load_address>0x13d87</load_address>
         <run_address>0x13d87</run_address>
         <size>0x39</size>
         <input_file_ref idref="fl-df"/>
      </object_component>
      <object_component id="oc-2e3">
         <name>.debug_info</name>
         <load_address>0x13dc0</load_address>
         <run_address>0x13dc0</run_address>
         <size>0x39</size>
         <input_file_ref idref="fl-df"/>
      </object_component>
      <object_component id="oc-2e8">
         <name>.debug_info</name>
         <load_address>0x13df9</load_address>
         <run_address>0x13df9</run_address>
         <size>0xcd</size>
         <input_file_ref idref="fl-df"/>
      </object_component>
      <object_component id="oc-94">
         <name>.debug_info</name>
         <load_address>0x13ec6</load_address>
         <run_address>0x13ec6</run_address>
         <size>0x154</size>
         <input_file_ref idref="fl-e0"/>
      </object_component>
      <object_component id="oc-143">
         <name>.debug_info</name>
         <load_address>0x1401a</load_address>
         <run_address>0x1401a</run_address>
         <size>0x123</size>
         <input_file_ref idref="fl-e2"/>
      </object_component>
      <object_component id="oc-325">
         <name>.debug_info</name>
         <load_address>0x1413d</load_address>
         <run_address>0x1413d</run_address>
         <size>0x2ba</size>
         <input_file_ref idref="fl-e5"/>
      </object_component>
      <object_component id="oc-267">
         <name>.debug_info</name>
         <load_address>0x143f7</load_address>
         <run_address>0x143f7</run_address>
         <size>0x17d</size>
         <input_file_ref idref="fl-e5"/>
      </object_component>
      <object_component id="oc-3c0">
         <name>.debug_info</name>
         <load_address>0x14574</load_address>
         <run_address>0x14574</run_address>
         <size>0x29c</size>
         <input_file_ref idref="fl-e6"/>
      </object_component>
      <object_component id="oc-340">
         <name>.debug_info</name>
         <load_address>0x14810</load_address>
         <run_address>0x14810</run_address>
         <size>0x1ce</size>
         <input_file_ref idref="fl-e6"/>
      </object_component>
      <object_component id="oc-36b">
         <name>.debug_info</name>
         <load_address>0x149de</load_address>
         <run_address>0x149de</run_address>
         <size>0x297</size>
         <input_file_ref idref="fl-e7"/>
      </object_component>
      <object_component id="oc-2ae">
         <name>.debug_info</name>
         <load_address>0x14c75</load_address>
         <run_address>0x14c75</run_address>
         <size>0x1b7</size>
         <input_file_ref idref="fl-e7"/>
      </object_component>
      <object_component id="oc-329">
         <name>.debug_info</name>
         <load_address>0x14e2c</load_address>
         <run_address>0x14e2c</run_address>
         <size>0x29b</size>
         <input_file_ref idref="fl-e8"/>
      </object_component>
      <object_component id="oc-274">
         <name>.debug_info</name>
         <load_address>0x150c7</load_address>
         <run_address>0x150c7</run_address>
         <size>0x263</size>
         <input_file_ref idref="fl-e8"/>
      </object_component>
      <object_component id="oc-2f0">
         <name>.debug_info</name>
         <load_address>0x1532a</load_address>
         <run_address>0x1532a</run_address>
         <size>0x2a5</size>
         <input_file_ref idref="fl-e9"/>
      </object_component>
      <object_component id="oc-235">
         <name>.debug_info</name>
         <load_address>0x155cf</load_address>
         <run_address>0x155cf</run_address>
         <size>0x24d</size>
         <input_file_ref idref="fl-e9"/>
      </object_component>
      <object_component id="oc-323">
         <name>.debug_info</name>
         <load_address>0x1581c</load_address>
         <run_address>0x1581c</run_address>
         <size>0x290</size>
         <input_file_ref idref="fl-ea"/>
      </object_component>
      <object_component id="oc-264">
         <name>.debug_info</name>
         <load_address>0x15aac</load_address>
         <run_address>0x15aac</run_address>
         <size>0x246</size>
         <input_file_ref idref="fl-ea"/>
      </object_component>
      <object_component id="oc-327">
         <name>.debug_info</name>
         <load_address>0x15cf2</load_address>
         <run_address>0x15cf2</run_address>
         <size>0x297</size>
         <input_file_ref idref="fl-eb"/>
      </object_component>
      <object_component id="oc-26e">
         <name>.debug_info</name>
         <load_address>0x15f89</load_address>
         <run_address>0x15f89</run_address>
         <size>0x266</size>
         <input_file_ref idref="fl-eb"/>
      </object_component>
      <object_component id="oc-318">
         <name>.debug_info</name>
         <load_address>0x161ef</load_address>
         <run_address>0x161ef</run_address>
         <size>0x3b7</size>
         <input_file_ref idref="fl-ec"/>
      </object_component>
      <object_component id="oc-315">
         <name>.debug_info</name>
         <load_address>0x165a6</load_address>
         <run_address>0x165a6</run_address>
         <size>0x124</size>
         <input_file_ref idref="fl-ec"/>
      </object_component>
      <object_component id="oc-249">
         <name>.debug_info</name>
         <load_address>0x166ca</load_address>
         <run_address>0x166ca</run_address>
         <size>0x4e1</size>
         <input_file_ref idref="fl-ec"/>
      </object_component>
      <object_component id="oc-31c">
         <name>.debug_info</name>
         <load_address>0x16bab</load_address>
         <run_address>0x16bab</run_address>
         <size>0x322</size>
         <input_file_ref idref="fl-ed"/>
      </object_component>
      <object_component id="oc-253">
         <name>.debug_info</name>
         <load_address>0x16ecd</load_address>
         <run_address>0x16ecd</run_address>
         <size>0x28c</size>
         <input_file_ref idref="fl-ed"/>
      </object_component>
      <object_component id="oc-31e">
         <name>.debug_info</name>
         <load_address>0x17159</load_address>
         <run_address>0x17159</run_address>
         <size>0x323</size>
         <input_file_ref idref="fl-ee"/>
      </object_component>
      <object_component id="oc-25b">
         <name>.debug_info</name>
         <load_address>0x1747c</load_address>
         <run_address>0x1747c</run_address>
         <size>0x2d0</size>
         <input_file_ref idref="fl-ee"/>
      </object_component>
      <object_component id="oc-2fe">
         <name>.debug_info</name>
         <load_address>0x1774c</load_address>
         <run_address>0x1774c</run_address>
         <size>0x323</size>
         <input_file_ref idref="fl-ef"/>
      </object_component>
      <object_component id="oc-243">
         <name>.debug_info</name>
         <load_address>0x17a6f</load_address>
         <run_address>0x17a6f</run_address>
         <size>0x232</size>
         <input_file_ref idref="fl-ef"/>
      </object_component>
      <object_component id="oc-2fc">
         <name>.debug_info</name>
         <load_address>0x17ca1</load_address>
         <run_address>0x17ca1</run_address>
         <size>0x324</size>
         <input_file_ref idref="fl-f0"/>
      </object_component>
      <object_component id="oc-23e">
         <name>.debug_info</name>
         <load_address>0x17fc5</load_address>
         <run_address>0x17fc5</run_address>
         <size>0x255</size>
         <input_file_ref idref="fl-f0"/>
      </object_component>
      <object_component id="oc-377">
         <name>.debug_info</name>
         <load_address>0x1821a</load_address>
         <run_address>0x1821a</run_address>
         <size>0x28a</size>
         <input_file_ref idref="fl-f1"/>
      </object_component>
      <object_component id="oc-374">
         <name>.debug_info</name>
         <load_address>0x184a4</load_address>
         <run_address>0x184a4</run_address>
         <size>0x10f</size>
         <input_file_ref idref="fl-f1"/>
      </object_component>
      <object_component id="oc-2bc">
         <name>.debug_info</name>
         <load_address>0x185b3</load_address>
         <run_address>0x185b3</run_address>
         <size>0x14f</size>
         <input_file_ref idref="fl-f1"/>
      </object_component>
      <object_component id="oc-372">
         <name>.debug_info</name>
         <load_address>0x18702</load_address>
         <run_address>0x18702</run_address>
         <size>0x290</size>
         <input_file_ref idref="fl-f2"/>
      </object_component>
      <object_component id="oc-2b5">
         <name>.debug_info</name>
         <load_address>0x18992</load_address>
         <run_address>0x18992</run_address>
         <size>0x15b</size>
         <input_file_ref idref="fl-f2"/>
      </object_component>
      <object_component id="oc-3ca">
         <name>.debug_info</name>
         <load_address>0x18aed</load_address>
         <run_address>0x18aed</run_address>
         <size>0x46</size>
         <input_file_ref idref="fl-f2"/>
      </object_component>
      <object_component id="oc-36d">
         <name>.debug_info</name>
         <load_address>0x18b33</load_address>
         <run_address>0x18b33</run_address>
         <size>0x39</size>
         <input_file_ref idref="fl-f2"/>
      </object_component>
      <object_component id="oc-3a0">
         <name>.debug_info</name>
         <load_address>0x18b6c</load_address>
         <run_address>0x18b6c</run_address>
         <size>0x162</size>
         <input_file_ref idref="fl-f3"/>
      </object_component>
      <object_component id="oc-393">
         <name>.debug_info</name>
         <load_address>0x18cce</load_address>
         <run_address>0x18cce</run_address>
         <size>0x116</size>
         <input_file_ref idref="fl-f4"/>
      </object_component>
      <object_component id="oc-2f3">
         <name>.debug_info</name>
         <load_address>0x18de4</load_address>
         <run_address>0x18de4</run_address>
         <size>0x123</size>
         <input_file_ref idref="fl-f5"/>
      </object_component>
      <object_component id="oc-419">
         <name>.debug_info</name>
         <load_address>0x18f07</load_address>
         <run_address>0x18f07</run_address>
         <size>0xb6</size>
      </object_component>
      <object_component id="oc-1a9">
         <name>.debug_line</name>
         <load_address>0x0</load_address>
         <run_address>0x0</run_address>
         <size>0x33</size>
         <input_file_ref idref="fl-2"/>
      </object_component>
      <object_component id="oc-10c">
         <name>.debug_line</name>
         <load_address>0x33</load_address>
         <run_address>0x33</run_address>
         <size>0x5f</size>
         <input_file_ref idref="fl-2"/>
      </object_component>
      <object_component id="oc-1ad">
         <name>.debug_line</name>
         <load_address>0x92</load_address>
         <run_address>0x92</run_address>
         <size>0x57</size>
         <input_file_ref idref="fl-2"/>
      </object_component>
      <object_component id="oc-12d">
         <name>.debug_line</name>
         <load_address>0xe9</load_address>
         <run_address>0xe9</run_address>
         <size>0x6f</size>
         <input_file_ref idref="fl-2"/>
      </object_component>
      <object_component id="oc-1b2">
         <name>.debug_line</name>
         <load_address>0x158</load_address>
         <run_address>0x158</run_address>
         <size>0x5a</size>
         <input_file_ref idref="fl-2"/>
      </object_component>
      <object_component id="oc-32">
         <name>.debug_line</name>
         <load_address>0x1b2</load_address>
         <run_address>0x1b2</run_address>
         <size>0x20</size>
         <input_file_ref idref="fl-2"/>
      </object_component>
      <object_component id="oc-20c">
         <name>.debug_line</name>
         <load_address>0x1d2</load_address>
         <run_address>0x1d2</run_address>
         <size>0x73</size>
         <input_file_ref idref="fl-2"/>
      </object_component>
      <object_component id="oc-126">
         <name>.debug_line</name>
         <load_address>0x245</load_address>
         <run_address>0x245</run_address>
         <size>0x70</size>
         <input_file_ref idref="fl-2"/>
      </object_component>
      <object_component id="oc-1b9">
         <name>.debug_line</name>
         <load_address>0x2b5</load_address>
         <run_address>0x2b5</run_address>
         <size>0x6a</size>
         <input_file_ref idref="fl-2"/>
      </object_component>
      <object_component id="oc-1a6">
         <name>.debug_line</name>
         <load_address>0x31f</load_address>
         <run_address>0x31f</run_address>
         <size>0x6b</size>
[...]
         <name>newLine</name>
         <value>0x2000023a</value>
         <object_component_ref idref="oc-119"/>
      </symbol>
      <symbol id="sm-c5">
         <name>wrongStringInput</name>
         <value>0x200001e0</value>
         <object_component_ref idref="oc-d7"/>
      </symbol>
      <symbol id="sm-c6">
         <name>inputReady</name>
         <value>0x20000239</value>
         <object_component_ref idref="oc-da"/>
      </symbol>
      <symbol id="sm-c7">
         <name>main</name>
         <value>0x1b1d</value>
         <object_component_ref idref="oc-6a"/>
      </symbol>
      <symbol id="sm-c8">
         <name>getstr</name>
         <value>0x1a85</value>
         <object_component_ref idref="oc-6a"/>
      </symbol>
      <symbol id="sm-c9">
         <name>EUSCIA0_IRQHandler</name>
         <value>0x1d6d</value>
         <object_component_ref idref="oc-6a"/>
      </symbol>
      <symbol id="sm-ca">
         <name>readCheck</name>
         <value>0x20000238</value>
         <object_component_ref idref="oc-da"/>
      </symbol>
      <symbol id="sm-da">
         <name>pageWrite</name>
         <value>0x3ef9</value>
         <object_component_ref idref="oc-10e"/>
      </symbol>
      <symbol id="sm-eb">
         <name>pinInit</name>
         <value>0x3e5d</value>
         <object_component_ref idref="oc-de"/>
      </symbol>
      <symbol id="sm-10b">
         <name>printMenu</name>
         <value>0x3b55</value>
         <object_component_ref idref="oc-af"/>
      </symbol>
      <symbol id="sm-10c">
         <name>uiLines</name>
         <value>0x20000190</value>
         <object_component_ref idref="oc-182"/>
      </symbol>
      <symbol id="sm-10d">
         <name>messages</name>
         <value>0x20000000</value>
         <object_component_ref idref="oc-185"/>
      </symbol>
      <symbol id="sm-120">
         <name>putstr</name>
         <value>0x3db5</value>
         <object_component_ref idref="oc-a9"/>
      </symbol>
      <symbol id="sm-130">
         <name>read</name>
         <value>0x3ba9</value>
         <object_component_ref idref="oc-fc"/>
      </symbol>
      <symbol id="sm-146">
         <name>readReceive</name>
         <value>0x2000025e</value>
      </symbol>
      <symbol id="sm-147">
         <name>receiveByte</name>
         <value>0x3309</value>
         <object_component_ref idref="oc-1e0"/>
      </symbol>
      <symbol id="sm-15a">
         <name>sendByte</name>
         <value>0x3529</value>
         <object_component_ref idref="oc-1d8"/>
      </symbol>
      <symbol id="sm-16a">
         <name>startBit</name>
         <value>0x3e91</value>
         <object_component_ref idref="oc-ea"/>
      </symbol>
      <symbol id="sm-17f">
         <name>Reset_Handler</name>
         <value>0x40bb</value>
         <object_component_ref idref="oc-64"/>
      </symbol>
      <symbol id="sm-180">
         <name>Default_Handler</name>
         <value>0x40c7</value>
         <object_component_ref idref="oc-64"/>
      </symbol>
      <symbol id="sm-181">
         <name>interruptVectors</name>
         <value>0x0</value>
         <object_component_ref idref="oc-23"/>
      </symbol>
      <symbol id="sm-191">
         <name>stopBit</name>
         <value>0x3ec5</value>
         <object_component_ref idref="oc-f6"/>
      </symbol>
      <symbol id="sm-1d9">
         <name>SystemInit</name>
         <value>0x2139</value>
         <object_component_ref idref="oc-a2"/>
      </symbol>
      <symbol id="sm-1da">
         <name>SystemCoreClockUpdate</name>
         <value>0x1ec1</value>
         <object_component_ref idref="oc-a2"/>
      </symbol>
      <symbol id="sm-1db">
         <name>SystemCoreClock</name>
         <value>0x20000234</value>
         <object_component_ref idref="oc-17d"/>
      </symbol>
      <symbol id="sm-1f0">
         <name>uartInit</name>
         <value>0x39ed</value>
         <object_component_ref idref="oc-e4"/>
      </symbol>
      <symbol id="sm-1fe">
         <name>write</name>
         <value>0x3f89</value>
         <object_component_ref idref="oc-f0"/>
      </symbol>
      <symbol id="sm-22d">
         <name>snprintf</name>
         <value>0x3c9d</value>
         <object_component_ref idref="oc-102"/>
      </symbol>
      <symbol id="sm-264">
         <name>sscanf</name>
         <value>0x3df1</value>
         <object_component_ref idref="oc-b5"/>
      </symbol>
      <symbol id="sm-273">
         <name>__aeabi_memset</name>
         <value>0x3765</value>
         <object_component_ref idref="oc-8a"/>
      </symbol>
      <symbol id="sm-274">
         <name>memset</name>
         <value>0x376b</value>
         <object_component_ref idref="oc-8a"/>
      </symbol>
      <symbol id="sm-275">
         <name>__aeabi_memset8</name>
         <value>0x3765</value>
         <object_component_ref idref="oc-8a"/>
      </symbol>
      <symbol id="sm-276">
         <name>__aeabi_memset4</name>
         <value>0x3765</value>
         <object_component_ref idref="oc-8a"/>
      </symbol>
      <symbol id="sm-277">
         <name>__aeabi_memclr8</name>
         <value>0x3763</value>
         <object_component_ref idref="oc-8a"/>
      </symbol>
      <symbol id="sm-278">
         <name>__aeabi_memclr4</name>
         <value>0x3763</value>
         <object_component_ref idref="oc-8a"/>
      </symbol>
      <symbol id="sm-279">
         <name>__aeabi_memclr</name>
         <value>0x3763</value>
         <object_component_ref idref="oc-8a"/>
      </symbol>
      <symbol id="sm-294">
         <name>memcpy</name>
         <value>0x348b</value>
         <object_component_ref idref="oc-34"/>
      </symbol>
      <symbol id="sm-295">
         <name>__aeabi_memcpy</name>
         <value>0x348b</value>
         <object_component_ref idref="oc-34"/>
      </symbol>
      <symbol id="sm-296">
         <name>__aeabi_memcpy8</name>
         <value>0x348b</value>
         <object_component_ref idref="oc-34"/>
      </symbol>
      <symbol id="sm-297">
         <name>__aeabi_memcpy4</name>
         <value>0x348b</value>
         <object_component_ref idref="oc-34"/>
      </symbol>
      <symbol id="sm-2b0">
         <name>__TI_zero_init_nomemset</name>
         <value>0x3fb1</value>
         <object_component_ref idref="oc-40"/>
      </symbol>
      <symbol id="sm-2c7">
         <name>__TI_decompress_none</name>
         <value>0x40ad</value>
         <object_component_ref idref="oc-1a"/>
      </symbol>
      <symbol id="sm-2ea">
         <name>__TI_decompress_lzss</name>
         <value>0x3921</value>
         <object_component_ref idref="oc-14"/>
      </symbol>
      <symbol id="sm-2f5">
         <name>_ctypes_</name>
         <value>0x40e0</value>
         <object_component_ref idref="oc-25d"/>
      </symbol>
      <symbol id="sm-308">
         <name>__stack</name>
         <value>0x2000fe00</value>
         <object_component_ref idref="oc-26"/>
      </symbol>
      <symbol id="sm-309">
         <name>_c_int00_noargs</name>
         <value>0x3e29</value>
         <object_component_ref idref="oc-52"/>
      </symbol>
      <symbol id="sm-46e">
         <name>__TI_printfi</name>
         <value>0xbd5</value>
         <object_component_ref idref="oc-1e7"/>
      </symbol>
      <symbol id="sm-51f">
         <name>__TI_scanfi</name>
         <value>0xe5</value>
         <object_component_ref idref="oc-189"/>
      </symbol>
      <symbol id="sm-53f">
         <name>frexpl</name>
         <value>0x3989</value>
         <object_component_ref idref="oc-363"/>
      </symbol>
      <symbol id="sm-540">
         <name>frexp</name>
         <value>0x3989</value>
         <object_component_ref idref="oc-363"/>
      </symbol>
      <symbol id="sm-55d">
         <name>scalbn</name>
         <value>0x2fed</value>
         <object_component_ref idref="oc-30e"/>
      </symbol>
      <symbol id="sm-55e">
         <name>scalbnl</name>
         <value>0x2fed</value>
         <object_component_ref idref="oc-30e"/>
      </symbol>
      <symbol id="sm-55f">
         <name>ldexpl</name>
         <value>0x2fed</value>
         <object_component_ref idref="oc-30e"/>
      </symbol>
      <symbol id="sm-560">
         <name>ldexp</name>
         <value>0x2fed</value>
         <object_component_ref idref="oc-30e"/>
      </symbol>
      <symbol id="sm-56d">
         <name>__aeabi_uldivmod</name>
         <value>0x35c1</value>
         <object_component_ref idref="oc-2f6"/>
      </symbol>
      <symbol id="sm-584">
         <name>__aeabi_dsub</name>
         <value>0x2811</value>
         <object_component_ref idref="oc-304"/>
      </symbol>
      <symbol id="sm-585">
         <name>__aeabi_dadd</name>
         <value>0x281b</value>
         <object_component_ref idref="oc-304"/>
      </symbol>
      <symbol id="sm-5a7">
         <name>__aeabi_cdcmpeq</name>
         <value>0x3657</value>
         <object_component_ref idref="oc-28f"/>
      </symbol>
      <symbol id="sm-5a8">
         <name>__aeabi_cdcmple</name>
         <value>0x3657</value>
         <object_component_ref idref="oc-28f"/>
      </symbol>
      <symbol id="sm-5a9">
         <name>__aeabi_cdrcmple</name>
         <value>0x36dd</value>
         <object_component_ref idref="oc-333"/>
      </symbol>
      <symbol id="sm-5bd">
         <name>__aeabi_ddiv</name>
         <value>0x2c61</value>
         <object_component_ref idref="oc-309"/>
      </symbol>
      <symbol id="sm-5c8">
         <name>__aeabi_dmul</name>
         <value>0x320d</value>
         <object_component_ref idref="oc-2ff"/>
      </symbol>
      <symbol id="sm-5d2">
         <name>__aeabi_d2iz</name>
         <value>0x3ce9</value>
         <object_component_ref idref="oc-338"/>
      </symbol>
      <symbol id="sm-5de">
         <name>__aeabi_d2f</name>
         <value>0x384b</value>
         <object_component_ref idref="oc-24c"/>
      </symbol>
      <symbol id="sm-5e8">
         <name>__aeabi_i2d</name>
         <value>0x3f5b</value>
         <object_component_ref idref="oc-343"/>
      </symbol>
      <symbol id="sm-610">
         <name>__TI_auto_init_nobinit_nopinit</name>
         <value>0x3d31</value>
         <object_component_ref idref="oc-14b"/>
      </symbol>
      <symbol id="sm-61a">
         <name>_system_pre_init</name>
         <value>0x40d9</value>
         <object_component_ref idref="oc-90"/>
      </symbol>
      <symbol id="sm-626">
         <name>C$$EXIT</name>
         <value>0x40dd</value>
         <object_component_ref idref="oc-13f"/>
      </symbol>
      <symbol id="sm-627">
         <name>abort</name>
         <value>0x40dd</value>
         <object_component_ref idref="oc-13f"/>
      </symbol>
      <symbol id="sm-63f">
         <name>atoi</name>
         <value>0x3c51</value>
         <object_component_ref idref="oc-266"/>
      </symbol>
      <symbol id="sm-64e">
         <name>ltoa</name>
         <value>0x3aff</value>
         <object_component_ref idref="oc-33d"/>
      </symbol>
      <symbol id="sm-65e">
         <name>memccpy</name>
         <value>0x3fcd</value>
         <object_component_ref idref="oc-2ac"/>
      </symbol>
      <symbol id="sm-66e">
         <name>strchr</name>
         <value>0x404b</value>
         <object_component_ref idref="oc-272"/>
      </symbol>
      <symbol id="sm-67c">
         <name>strcpy</name>
         <value>0x4061</value>
         <object_component_ref idref="oc-234"/>
      </symbol>
      <symbol id="sm-68a">
         <name>strlen</name>
         <value>0x4075</value>
         <object_component_ref idref="oc-260"/>
      </symbol>
      <symbol id="sm-699">
         <name>strrchr</name>
         <value>0x4033</value>
         <object_component_ref idref="oc-26c"/>
      </symbol>
      <symbol id="sm-6f9">
         <name>strtold</name>
         <value>0x1625</value>
         <object_component_ref idref="oc-246"/>
      </symbol>
      <symbol id="sm-6fa">
         <name>strtod</name>
         <value>0x1625</value>
         <object_component_ref idref="oc-246"/>
      </symbol>
      <symbol id="sm-71e">
         <name>strtol</name>
         <value>0x2d99</value>
         <object_component_ref idref="oc-251"/>
      </symbol>
      <symbol id="sm-744">
         <name>strtoll</name>
         <value>0x2465</value>
         <object_component_ref idref="oc-257"/>
      </symbol>
      <symbol id="sm-764">
         <name>strtoul</name>
         <value>0x30fd</value>
         <object_component_ref idref="oc-240"/>
      </symbol>
      <symbol id="sm-787">
         <name>strtoull</name>
         <value>0x29c9</value>
         <object_component_ref idref="oc-23a"/>
      </symbol>
      <symbol id="sm-79d">
         <name>__aeabi_errno_addr</name>
         <value>0x40c9</value>
         <object_component_ref idref="oc-2b8"/>
      </symbol>
      <symbol id="sm-79e">
         <name>errno</name>
         <value>0x20000230</value>
         <object_component_ref idref="oc-373"/>
      </symbol>
      <symbol id="sm-7b7">
         <name>wcslen</name>
         <value>0x409b</value>
         <object_component_ref idref="oc-2b2"/>
      </symbol>
      <symbol id="sm-7c1">
         <name>copysign</name>
         <value>0x3fe9</value>
         <object_component_ref idref="oc-39e"/>
      </symbol>
      <symbol id="sm-7c2">
         <name>copysignl</name>
         <value>0x3fe9</value>
         <object_component_ref idref="oc-39e"/>
      </symbol>
      <symbol id="sm-7cc">
         <name>__aeabi_idiv0</name>
         <value>0x1623</value>
         <object_component_ref idref="oc-391"/>
      </symbol>
      <symbol id="sm-7cd">
         <name>__aeabi_ldiv0</name>
         <value>0x1623</value>
         <object_component_ref idref="oc-391"/>
      </symbol>
      <symbol id="sm-7d6">
         <name>__aeabi_lmul</name>
         <value>0x401b</value>
         <object_component_ref idref="oc-2f1"/>
      </symbol>
      <symbol id="sm-7d7">
         <name>__TI_static_base__</name>
         <value>0x0</value>
      </symbol>
      <symbol id="sm-7da">
         <name>__mpu_init</name>
         <value>0x0</value>
      </symbol>
      <symbol id="sm-7db">
         <name>_system_post_cinit</name>
         <value>0x0</value>
      </symbol>
      <symbol id="sm-7dc">
         <name>NMI_Handler</name>
         <value>0x40c7</value>
      </symbol>
      <symbol id="sm-7dd">
         <name>HardFault_Handler</name>
         <value>0x40c7</value>
      </symbol>
      <symbol id="sm-7de">
         <name>MemManage_Handler</name>
         <value>0x40c7</value>
      </symbol>
      <symbol id="sm-7df">
         <name>BusFault_Handler</name>
         <value>0x40c7</value>
      </symbol>
      <symbol id="sm-7e0">
         <name>UsageFault_Handler</name>
         <value>0x40c7</value>
      </symbol>
      <symbol id="sm-7e1">
         <name>SVC_Handler</name>
         <value>0x40c7</value>
      </symbol>
      <symbol id="sm-7e2">
         <name>DebugMon_Handler</name>
         <value>0x40c7</value>
      </symbol>
      <symbol id="sm-7e3">
         <name>PendSV_Handler</name>
         <value>0x40c7</value>
      </symbol>
      <symbol id="sm-7e4">
         <name>SysTick_Handler</name>
         <value>0x40c7</value>
      </symbol>
      <symbol id="sm-7e5">
         <name>PSS_IRQHandler</name>
         <value>0x40c7</value>
      </symbol>
      <symbol id="sm-7e6">
         <name>CS_IRQHandler</name>
         <value>0x40c7</value>
      </symbol>
      <symbol id="sm-7e7">
         <name>PCM_IRQHandler</name>
         <value>0x40c7</value>
      </symbol>
      <symbol id="sm-7e8">
         <name>WDT_A_IRQHandler</name>
         <value>0x40c7</value>
      </symbol>
      <symbol id="sm-7e9">
         <name>FPU_IRQHandler</name>
         <value>0x40c7</value>
      </symbol>
      <symbol id="sm-7ea">
         <name>FLCTL_IRQHandler</name>
         <value>0x40c7</value>
      </symbol>
      <symbol id="sm-7eb">
         <name>COMP_E0_IRQHandler</name>
         <value>0x40c7</value>
      </symbol>
      <symbol id="sm-7ec">
         <name>COMP_E1_IRQHandler</name>
         <value>0x40c7</value>
      </symbol>
      <symbol id="sm-7ed">
         <name>TA0_0_IRQHandler</name>
         <value>0x40c7</value>
      </symbol>
      <symbol id="sm-7ee">
         <name>TA0_N_IRQHandler</name>
         <value>0x40c7</value>
      </symbol>
      <symbol id="sm-7ef">
         <name>TA1_0_IRQHandler</name>
         <value>0x40c7</value>
      </symbol>
      <symbol id="sm-7f0">
         <name>TA1_N_IRQHandler</name>
         <value>0x40c7</value>
      </symbol>
      <symbol id="sm-7f1">
         <name>TA2_0_IRQHandler</name>
         <value>0x40c7</value>
      </symbol>
      <symbol id="sm-7f2">
         <name>TA2_N_IRQHandler</name>
         <value>0x40c7</value>
      </symbol>
      <symbol id="sm-7f3">
         <name>TA3_0_IRQHandler</name>
         <value>0x40c7</value>
      </symbol>
      <symbol id="sm-7f4">
         <name>TA3_N_IRQHandler</name>
         <value>0x40c7</value>
      </symbol>
      <symbol id="sm-7f5">
         <name>EUSCIA0_IRQHandler</name>
         <value>0x1d6d</value>
      </symbol>
      <symbol id="sm-7f6">
         <name>EUSCIA1_IRQHandler</name>
         <value>0x40c7</value>
      </symbol>
      <symbol id="sm-7f7">
         <name>EUSCIA2_IRQHandler</name>
         <value>0x40c7</value>
      </symbol>
      <symbol id="sm-7f8">
         <name>EUSCIA3_IRQHandler</name>
         <value>0x40c7</value>
      </symbol>
      <symbol id="sm-7f9">
         <name>EUSCIB0_IRQHandler</name>
         <value>0x40c7</value>
      </symbol>
      <symbol id="sm-7fa">
         <name>EUSCIB1_IRQHandler</name>
         <value>0x40c7</value>
      </symbol>
      <symbol id="sm-7fb">
         <name>EUSCIB2_IRQHandler</name>
         <value>0x40c7</value>
      </symbol>
      <symbol id="sm-7fc">
         <name>EUSCIB3_IRQHandler</name>
         <value>0x40c7</value>
      </symbol>
      <symbol id="sm-7fd">
         <name>ADC14_IRQHandler</name>
         <value>0x40c7</value>
      </symbol>
      <symbol id="sm-7fe">
         <name>T32_INT1_IRQHandler</name>
         <value>0x40c7</value>
      </symbol>
      <symbol id="sm-7ff">
         <name>T32_INT2_IRQHandler</name>
         <value>0x40c7</value>
      </symbol>
      <symbol id="sm-800">
         <name>T32_INTC_IRQHandler</name>
         <value>0x40c7</value>
      </symbol>
      <symbol id="sm-801">
         <name>AES256_IRQHandler</name>
         <value>0x40c7</value>
      </symbol>
      <symbol id="sm-802">
         <name>RTC_C_IRQHandler</name>
         <value>0x40c7</value>
      </symbol>
      <symbol id="sm-803">
         <name>DMA_ERR_IRQHandler</name>
         <value>0x40c7</value>
      </symbol>
      <symbol id="sm-804">
         <name>DMA_INT3_IRQHandler</name>
         <value>0x40c7</value>
      </symbol>
      <symbol id="sm-805">
         <name>DMA_INT2_IRQHandler</name>
         <value>0x40c7</value>
      </symbol>
      <symbol id="sm-806">
         <name>DMA_INT1_IRQHandler</name>
         <value>0x40c7</value>
      </symbol>
      <symbol id="sm-807">
         <name>DMA_INT0_IRQHandler</name>
         <value>0x40c7</value>
      </symbol>
      <symbol id="sm-808">
         <name>PORT1_IRQHandler</name>
         <value>0x40c7</value>
      </symbol>
      <symbol id="sm-809">
         <name>PORT2_IRQHandler</name>
         <value>0x40c7</value>
      </symbol>
      <symbol id="sm-80a">
         <name>PORT3_IRQHandler</name>
         <value>0x40c7</value>
      </symbol>
      <symbol id="sm-80b">
         <name>PORT4_IRQHandler</name>
         <value>0x40c7</value>
      </symbol>
      <symbol id="sm-80c">
         <name>PORT5_IRQHandler</name>
         <value>0x40c7</value>
      </symbol>
      <symbol id="sm-80d">
         <name>PORT6_IRQHandler</name>
         <value>0x40c7</value>
      </symbol>
   </symbol_table>
   <title>Link successful</title>
</link_info>
