******************************************************************************
                  TI ARM Linker PC v18.12.2                    
******************************************************************************
>> Linked Thu Nov 14 03:20:01 2019

OUTPUT FILE NAME:   <I2C_BitBang.out>
ENTRY POINT SYMBOL: "_c_int00_noargs"  address: 00004235


MEMORY CONFIGURATION

         name            origin    length      used     unused   attr    fill
----------------------  --------  ---------  --------  --------  ----  --------
  MAIN                  00000000   00040000  000047f0  0003b810  R  X
  INFO                  00200000   00004000  00000000  00004000  R  X
  SRAM_CODE             01000000   00010000  0000050e  0000faf2  RW X
  SRAM_DATA             20000000   00010000  0000050e  0000faf2  RW  


SEGMENT ALLOCATION MAP

run origin  load origin   length   init length attrs members
----------  ----------- ---------- ----------- ----- -------
00000000    00000000    000047f0   000047f0    r-x
  00000000    00000000    000000e4   000000e4    r-- .intvecs
  000000e4    000000e4    00004444   00004444    r-x .text
  00004528    00004528    000001e0   000001e0    r-- .const
  00004708    00004708    000000e8   000000e8    r-- .cinit
20000000    20000000    0000030f   00000000    rw-
  20000000    20000000    000002dd   00000000    rw- .data
  200002de    200002de    00000031   00000000    rw- .bss
2000fe00    2000fe00    00000200   00000000    rw-
  2000fe00    2000fe00    00000200   00000000    rw- .stack


SECTION ALLOCATION MAP

 output                                  attributes/
section   page    origin      length       input sections
--------  ----  ----------  ----------   ----------------
.intvecs   0    00000000    000000e4     
                  00000000    000000e4     startup_msp432p401r_ccs.obj (.intvecs:retain)

.text      0    000000e4    00004444     
                  000000e4    00000af0     rtsv7M4_T_le_v4SPD16_eabi.lib : _scanfi.c.obj (.text:__TI_scanfi)
                  00000bd4    00000a4e                                   : _printfi.c.obj (.text:__TI_printfi)
                  00001622    00000002                                   : div0.asm.obj (.text)
                  00001624    0000082c     main.obj (.text)
                  00001e50    00000460     rtsv7M4_T_le_v4SPD16_eabi.lib : strtod.c.obj (.text:strtod)
                  000022b0    00000334     system_msp432p401r.obj (.text)
                  000025e4    00000270     rtsv7M4_T_le_v4SPD16_eabi.lib : _printfi.c.obj (.text:_pconv_a)
                  00002854    000001dc                                   : strtoll.c.obj (.text:strtoll)
                  00002a30    000001d0                                   : _printfi.c.obj (.text:_pconv_g)
                  00002c00    000001b6                                   : fd_add_t2.asm.obj (.text)
                  00002db6    00000002     --HOLE-- [fill = 0]
                  00002db8    0000015c                                   : strtoull.c.obj (.text:strtoull)
                  00002f14    0000013c                                   : _printfi.c.obj (.text:_pconv_e)
                  00003050    00000136                                   : fd_div_t2.asm.obj (.text)
                  00003186    00000002     --HOLE-- [fill = 0]
                  00003188    00000130                                   : strtol.c.obj (.text:strtol)
                  000032b8    00000124                                   : _printfi.c.obj (.text:fcvt)
                  000033dc    00000110                                   : s_scalbn.c.obj (.text:scalbn)
                  000034ec    00000110                                   : strtoul.c.obj (.text:strtoul)
                  000035fc    000000fc                                   : fd_mul_t2.asm.obj (.text)
                  000036f8    000000b1                                   : _printfi.c.obj (.text:_ltostr)
                  000037a9    00000003     --HOLE-- [fill = 0]
                  000037ac    000000a4     receiveByte.obj (.text)
                  00003850    0000009c     rtsv7M4_T_le_v4SPD16_eabi.lib : memcpy_t2.asm.obj (.text)
                  000038ec    00000098     sendByte.obj (.text)
                  00003984    00000096     rtsv7M4_T_le_v4SPD16_eabi.lib : ull_div_t2.asm.obj (.text)
                  00003a1a    00000086                                   : fd_cmp_t2.asm.obj (.text:__aeabi_cdcmple)
                  00003aa0    00000086                                   : fd_cmp_t2.asm.obj (.text:__aeabi_cdrcmple)
                  00003b26    0000007a                                   : memset_t2.asm.obj (.text)
                  00003ba0    0000006e                                   : _printfi.c.obj (.text:_mcpy)
                  00003c0e    0000006e                                   : fd_tos_t2.asm.obj (.text)
                  00003c7c    00000068                                   : sscanf.c.obj (.text:_chkmbc)
                  00003ce4    00000068                                   : copy_decompress_lzss.c.obj (.text:decompress:lzss:__TI_decompress_lzss)
                  00003d4c    00000064                                   : s_frexp.c.obj (.text:frexp)
                  00003db0    00000060     uartInit.obj (.text)
                  00003e10    0000005c     eereset.obj (.text)
                  00003e6c    00000058     read.obj (.text)
                  00003ec4    00000056     rtsv7M4_T_le_v4SPD16_eabi.lib : _printfi.c.obj (.text:_pconv_f)
                  00003f1a    00000054                                   : ltoa.c.obj (.text:ltoa)
                  00003f6e    00000002     --HOLE-- [fill = 0]
                  00003f70    00000054     printMenu.obj (.text)
                  00003fc4    00000052     rtsv7M4_T_le_v4SPD16_eabi.lib : _printfi.c.obj (.text:_ecpy)
                  00004016    00000002     --HOLE-- [fill = 0]
                  00004018    0000004c                                   : atoi.c.obj (.text:atoi)
                  00004064    0000004c                                   : snprintf.c.obj (.text:snprintf)
                  000040b0    00000048                                   : fd_toi_t2.asm.obj (.text)
                  000040f8    00000044                                   : autoinit.c.obj (.text:__TI_auto_init_nobinit_nopinit:__TI_auto_init_nobinit_nopinit)
                  0000413c    00000044     pageWrite.obj (.text)
                  00004180    0000003e     rtsv7M4_T_le_v4SPD16_eabi.lib : _printfi.c.obj (.text:_fcpy)
                  000041be    00000002     --HOLE-- [fill = 0]
                  000041c0    0000003c     putstr.obj (.text)
                  000041fc    00000038     rtsv7M4_T_le_v4SPD16_eabi.lib : sscanf.c.obj (.text:sscanf)
                  00004234    00000034                                   : boot_cortex_m.c.obj (.text:_c_int00_noargs:_c_int00_noargs)
                  00004268    00000034     ack.obj (.text)
                  0000429c    00000034     nack..obj (.text)
                  000042d0    00000034     pinInit.obj (.text)
                  00004304    00000034     startBit.obj (.text)
                  00004338    00000034     stopBit.obj (.text)
                  0000436c    00000030     rtsv7M4_T_le_v4SPD16_eabi.lib : snprintf.c.obj (.text:_outs)
                  0000439c    0000002e                                   : i_tofd_t2.asm.obj (.text)
                  000043ca    0000002e     write.obj (.text)
                  000043f8    0000001c     rtsv7M4_T_le_v4SPD16_eabi.lib : copy_zero_init.c.obj (.text:decompress:ZI:__TI_zero_init_nomemset:__TI_zero_init_nomemset)
                  00004414    0000001c                                   : memccpy.c.obj (.text:memccpy)
                  00004430    0000001a                                   : s_copysign.c.obj (.text:copysign)
                  0000444a    00000018                                   : snprintf.c.obj (.text:_outc)
                  00004462    00000018                                   : ll_mul_t2.asm.obj (.text)
                  0000447a    00000018                                   : strrchr.c.obj (.text:strrchr)
                  00004492    00000016                                   : strchr.c.obj (.text:strchr)
                  000044a8    00000014                                   : strcpy.c.obj (.text:strcpy)
                  000044bc    00000014                                   : strlen.c.obj (.text:strlen)
                  000044d0    00000012                                   : sscanf.c.obj (.text:_inpchar)
                  000044e2    00000012                                   : wcslen.c.obj (.text:wcslen)
                  000044f4    0000000e                                   : copy_decompress_none.c.obj (.text:decompress:none:__TI_decompress_none)
                  00004502    0000000e     startup_msp432p401r_ccs.obj (.text)
                  00004510    00000008     rtsv7M4_T_le_v4SPD16_eabi.lib : errno.c.obj (.text:__aeabi_errno_addr)
                  00004518    00000008                                   : sscanf.c.obj (.text:_uninpchar)
                  00004520    00000004                                   : pre_init.c.obj (.text:_system_pre_init)
                  00004524    00000004                                   : exit.c.obj (.text:abort:abort)

.const     0    00004528    000001e0     
                  00004528    00000101     rtsv7M4_T_le_v4SPD16_eabi.lib : ctype.c.obj (.const:.string:_ctypes_)
                  00004629    00000007     --HOLE-- [fill = 0]
                  00004630    000000c8                                   : strtod.c.obj (.const:$O1$$)
                  000046f8    00000010                                   : _scanfi.c.obj (.const:$O1$$)

.cinit     0    00004708    000000e8     
                  00004708    000000be     (.cinit..data.load) [load image, compression = lzss]
                  000047c6    00000002     --HOLE-- [fill = 0]
                  000047c8    0000000c     (__TI_handler_table)
                  000047d4    00000004     --HOLE-- [fill = 0]
                  000047d8    00000008     (.cinit..bss.load) [load image, compression = zero_init]
                  000047e0    00000010     (__TI_cinit_table)

.init_array 
*          0    00000000    00000000     UNINITIALIZED

.binit     0    00000000    00000000     

.data      0    20000000    000002dd     UNINITIALIZED
                  20000000    00000230     printMenu.obj (.data:messages)
                  20000230    00000050     printMenu.obj (.data:uiLines)
                  20000280    00000050     main.obj (.data:wrongStringInput)
                  200002d0    00000004     rtsv7M4_T_le_v4SPD16_eabi.lib : errno.c.obj (.data)
                  200002d4    00000004     system_msp432p401r.obj (.data)
                  200002d8    00000003     main.obj (.data)
                  200002db    00000002     main.obj (.data:newLine)

.bss       0    200002de    00000031     UNINITIALIZED
                  200002de    0000000c     (.common:buffer)
                  200002ea    00000008     (.common:addressConvert)
                  200002f2    00000008     (.common:readConvert)
                  200002fa    00000002     (.common:blockNumber)
                  200002fc    00000002     (.common:controlByte)
                  200002fe    00000002     (.common:data)
                  20000300    00000002     (.common:endAddress)
                  20000302    00000002     (.common:i)
                  20000304    00000002     (.common:readAddress)
                  20000306    00000002     (.common:readValue)
                  20000308    00000002     (.common:temp)
                  2000030a    00000002     (.common:writeAddress)
                  2000030c    00000002     (.common:x)
                  2000030e    00000001     (.common:readReceive)

.stack     0    2000fe00    00000200     UNINITIALIZED
                  2000fe00    00000004     rtsv7M4_T_le_v4SPD16_eabi.lib : boot_cortex_m.c.obj (.stack)
                  2000fe04    000001fc     --HOLE--

MODULE SUMMARY

       Module                        code    ro data   rw data
       ------                        ----    -------   -------
    .\
       main.obj                      2092    0         238    
       printMenu.obj                 84      0         1280   
       system_msp432p401r.obj        820     0         8      
       startup_msp432p401r_ccs.obj   14      228       0      
       receiveByte.obj               164     0         2      
       sendByte.obj                  152     0         0      
       uartInit.obj                  96      0         0      
       eereset.obj                   92      0         0      
       read.obj                      88      0         0      
       ack.obj                       52      0         28     
       pageWrite.obj                 68      0         0      
       putstr.obj                    60      0         0      
       nack..obj                     52      0         0      
       pinInit.obj                   52      0         0      
       startBit.obj                  52      0         0      
       stopBit.obj                   52      0         0      
       write.obj                     46      0         0      
    +--+-----------------------------+-------+---------+---------+
       Total:                        4036    228       1556   
                                                              
    C:\ti\ccs910\ccs\tools\compiler\ti-cgt-arm_18.12.2.LTS\lib\rtsv7M4_T_le_v4SPD16_eabi.lib
       _printfi.c.obj                4851    0         0      
       _scanfi.c.obj                 2800    16        0      
       strtod.c.obj                  1120    200       0      
       strtoll.c.obj                 476     0         0      
       fd_add_t2.asm.obj             438     0         0      
       strtoull.c.obj                348     0         0      
       fd_div_t2.asm.obj             310     0         0      
       strtol.c.obj                  304     0         0      
       s_scalbn.c.obj                272     0         0      
       strtoul.c.obj                 272     0         0      
       fd_cmp_t2.asm.obj             268     0         0      
       ctype.c.obj                   0       257       0      
       fd_mul_t2.asm.obj             252     0         0      
       sscanf.c.obj                  186     0         0      
       memcpy_t2.asm.obj             156     0         0      
       ull_div_t2.asm.obj            150     0         0      
       snprintf.c.obj                148     0         0      
       memset_t2.asm.obj             122     0         0      
       fd_tos_t2.asm.obj             110     0         0      
       copy_decompress_lzss.c.obj    104     0         0      
       s_frexp.c.obj                 100     0         0      
       ltoa.c.obj                    84      0         0      
       atoi.c.obj                    76      0         0      
       fd_toi_t2.asm.obj             72      0         0      
       autoinit.c.obj                68      0         0      
       boot_cortex_m.c.obj           52      0         0      
       i_tofd_t2.asm.obj             46      0         0      
       copy_zero_init.c.obj          28      0         0      
       memccpy.c.obj                 28      0         0      
       s_copysign.c.obj              26      0         0      
       ll_mul_t2.asm.obj             24      0         0      
       strrchr.c.obj                 24      0         0      
       strchr.c.obj                  22      0         0      
       strcpy.c.obj                  20      0         0      
       strlen.c.obj                  20      0         0      
       wcslen.c.obj                  18      0         0      
       errno.c.obj                   8       0         8      
       copy_decompress_none.c.obj    14      0         0      
       exit.c.obj                    4       0         0      
       pre_init.c.obj                4       0         0      
       div0.asm.obj                  2       0         0      
    +--+-----------------------------+-------+---------+---------+
       Total:                        13427   473       8      
                                                              
       Stack:                        0       0         1024   
       Linker Generated:             0       226       0      
    +--+-----------------------------+-------+---------+---------+
       Grand Total:                  17463   927       2588   


LINKER GENERATED COPY TABLES

__TI_cinit_table @ 000047e0 records: 2, size/record: 8, table size: 16
	.data: load addr=00004708, load size=000000be bytes, run addr=20000000, run size=000002dd bytes, compression=lzss
	.bss: load addr=000047d8, load size=00000008 bytes, run addr=200002de, run size=00000031 bytes, compression=zero_init


LINKER GENERATED HANDLER TABLE

__TI_handler_table @ 000047c8 records: 3, size/record: 4, table size: 12
	index: 0, handler: __TI_decompress_lzss
	index: 1, handler: __TI_decompress_none
	index: 2, handler: __TI_zero_init


GLOBAL SYMBOLS: SORTED ALPHABETICALLY BY Name 

address   name                          
-------   ----                          
0000450f  ADC14_IRQHandler              
0000450f  AES256_IRQHandler             
0000450f  BusFault_Handler              
00004525  C$$EXIT                       
0000450f  COMP_E0_IRQHandler            
0000450f  COMP_E1_IRQHandler            
0000450f  CS_IRQHandler                 
0000450f  DMA_ERR_IRQHandler            
0000450f  DMA_INT0_IRQHandler           
0000450f  DMA_INT1_IRQHandler           
0000450f  DMA_INT2_IRQHandler           
0000450f  DMA_INT3_IRQHandler           
0000450f  DebugMon_Handler              
0000450f  Default_Handler               
00001d57  EUSCIA0_IRQHandler            
00001d57  EUSCIA0_IRQHandler            
0000450f  EUSCIA1_IRQHandler            
0000450f  EUSCIA2_IRQHandler            
0000450f  EUSCIA3_IRQHandler            
0000450f  EUSCIB0_IRQHandler            
0000450f  EUSCIB1_IRQHandler            
0000450f  EUSCIB2_IRQHandler            
0000450f  EUSCIB3_IRQHandler            
0000450f  FLCTL_IRQHandler              
0000450f  FPU_IRQHandler                
0000450f  HardFault_Handler             
0000450f  MemManage_Handler             
0000450f  NMI_Handler                   
0000450f  PCM_IRQHandler                
00001d89  PORT1_IRQHandler              
00001d89  PORT1_IRQHandler              
0000450f  PORT2_IRQHandler              
0000450f  PORT3_IRQHandler              
0000450f  PORT4_IRQHandler              
0000450f  PORT5_IRQHandler              
0000450f  PORT6_IRQHandler              
0000450f  PSS_IRQHandler                
0000450f  PendSV_Handler                
0000450f  RTC_C_IRQHandler              
00004503  Reset_Handler                 
0000450f  SVC_Handler                   
0000450f  SysTick_Handler               
200002d4  SystemCoreClock               
000022b1  SystemCoreClockUpdate         
00002529  SystemInit                    
0000450f  T32_INT1_IRQHandler           
0000450f  T32_INT2_IRQHandler           
0000450f  T32_INTC_IRQHandler           
0000450f  TA0_0_IRQHandler              
0000450f  TA0_N_IRQHandler              
0000450f  TA1_0_IRQHandler              
0000450f  TA1_N_IRQHandler              
0000450f  TA2_0_IRQHandler              
0000450f  TA2_N_IRQHandler              
0000450f  TA3_0_IRQHandler              
0000450f  TA3_N_IRQHandler              
0000450f  UsageFault_Handler            
4000480c  WDTCTL_SYM                    
0000450f  WDT_A_IRQHandler              
20010000  __STACK_END                   
00000200  __STACK_SIZE                  
000047e0  __TI_CINIT_Base               
000047f0  __TI_CINIT_Limit              
000047c8  __TI_Handler_Table_Base       
000047d4  __TI_Handler_Table_Limit      
000040f9  __TI_auto_init_nobinit_nopinit
00003ce5  __TI_decompress_lzss          
000044f5  __TI_decompress_none          
ffffffff  __TI_pprof_out_hndl           
00000bd5  __TI_printfi                  
ffffffff  __TI_prof_data_size           
ffffffff  __TI_prof_data_start          
000000e5  __TI_scanfi                   
00000000  __TI_static_base__            
000043f9  __TI_zero_init_nomemset       
00003a1b  __aeabi_cdcmpeq               
00003a1b  __aeabi_cdcmple               
00003aa1  __aeabi_cdrcmple              
00003c0f  __aeabi_d2f                   
000040b1  __aeabi_d2iz                  
00002c0b  __aeabi_dadd                  
00003051  __aeabi_ddiv                  
000035fd  __aeabi_dmul                  
00002c01  __aeabi_dsub                  
00004511  __aeabi_errno_addr            
0000439d  __aeabi_i2d                   
00001623  __aeabi_idiv0                 
00001623  __aeabi_ldiv0                 
00004463  __aeabi_lmul                  
00003b27  __aeabi_memclr                
00003b27  __aeabi_memclr4               
00003b27  __aeabi_memclr8               
00003851  __aeabi_memcpy                
00003851  __aeabi_memcpy4               
00003851  __aeabi_memcpy8               
00003b29  __aeabi_memset                
00003b29  __aeabi_memset4               
00003b29  __aeabi_memset8               
00003985  __aeabi_uldivmod              
ffffffff  __binit__                     
ffffffff  __c_args__                    
UNDEFED   __mpu_init                    
2000fe00  __stack                       
00004235  _c_int00_noargs               
00004528  _ctypes_                      
UNDEFED   _system_post_cinit            
00004521  _system_pre_init              
00004525  abort                         
00004269  ack                           
200002ea  addressConvert                
00004019  atoi                          
ffffffff  binit                         
200002fa  blockNumber                   
200002de  buffer                        
200002fc  controlByte                   
00004431  copysign                      
00004431  copysignl                     
200002fe  data                          
00003e11  eereset                       
20000300  endAddress                    
200002d0  errno                         
00003d4d  frexp                         
00003d4d  frexpl                        
00001625  getstr                        
20000302  i                             
200002d9  inputReady                    
200002da  interruptCheck                
00000000  interruptVectors              
000033dd  ldexp                         
000033dd  ldexpl                        
00003f1b  ltoa                          
000016bd  main                          
00004415  memccpy                       
00003851  memcpy                        
00003b2f  memset                        
20000000  messages                      
0000429d  nack                          
200002db  newLine                       
0000413d  pageWrite                     
000042d1  pinInit                       
00003f71  printMenu                     
000041c1  putstr                        
00003e6d  read                          
20000304  readAddress                   
200002d8  readCheck                     
200002f2  readConvert                   
2000030e  readReceive                   
20000306  readValue                     
000037ad  receiveByte                   
000033dd  scalbn                        
000033dd  scalbnl                       
000038ed  sendByte                      
00004065  snprintf                      
000041fd  sscanf                        
00004305  startBit                      
00004339  stopBit                       
00004493  strchr                        
000044a9  strcpy                        
000044bd  strlen                        
0000447b  strrchr                       
00001e51  strtod                        
00003189  strtol                        
00001e51  strtold                       
00002855  strtoll                       
000034ed  strtoul                       
00002db9  strtoull                      
20000308  temp                          
00003db1  uartInit                      
20000230  uiLines                       
000044e3  wcslen                        
000043cb  write                         
2000030a  writeAddress                  
20000280  wrongStringInput              
2000030c  x                             


GLOBAL SYMBOLS: SORTED BY Symbol Address 

address   name                          
-------   ----                          
00000000  __TI_static_base__            
00000000  interruptVectors              
000000e5  __TI_scanfi                   
00000200  __STACK_SIZE                  
00000bd5  __TI_printfi                  
00001623  __aeabi_idiv0                 
00001623  __aeabi_ldiv0                 
00001625  getstr                        
000016bd  main                          
00001d57  EUSCIA0_IRQHandler            
00001d57  EUSCIA0_IRQHandler            
00001d89  PORT1_IRQHandler              
00001d89  PORT1_IRQHandler              
00001e51  strtod                        
00001e51  strtold                       
000022b1  SystemCoreClockUpdate         
00002529  SystemInit                    
00002855  strtoll                       
00002c01  __aeabi_dsub                  
00002c0b  __aeabi_dadd                  
00002db9  strtoull                      
00003051  __aeabi_ddiv                  
00003189  strtol                        
000033dd  ldexp                         
000033dd  ldexpl                        
000033dd  scalbn                        
000033dd  scalbnl                       
000034ed  strtoul                       
000035fd  __aeabi_dmul                  
000037ad  receiveByte                   
00003851  __aeabi_memcpy                
00003851  __aeabi_memcpy4               
00003851  __aeabi_memcpy8               
00003851  memcpy                        
000038ed  sendByte                      
00003985  __aeabi_uldivmod              
00003a1b  __aeabi_cdcmpeq               
00003a1b  __aeabi_cdcmple               
00003aa1  __aeabi_cdrcmple              
00003b27  __aeabi_memclr                
00003b27  __aeabi_memclr4               
00003b27  __aeabi_memclr8               
00003b29  __aeabi_memset                
00003b29  __aeabi_memset4               
00003b29  __aeabi_memset8               
00003b2f  memset                        
00003c0f  __aeabi_d2f                   
00003ce5  __TI_decompress_lzss          
00003d4d  frexp                         
00003d4d  frexpl                        
00003db1  uartInit                      
00003e11  eereset                       
00003e6d  read                          
00003f1b  ltoa                          
00003f71  printMenu                     
00004019  atoi                          
00004065  snprintf                      
000040b1  __aeabi_d2iz                  
000040f9  __TI_auto_init_nobinit_nopinit
0000413d  pageWrite                     
000041c1  putstr                        
000041fd  sscanf                        
00004235  _c_int00_noargs               
00004269  ack                           
0000429d  nack                          
000042d1  pinInit                       
00004305  startBit                      
00004339  stopBit                       
0000439d  __aeabi_i2d                   
000043cb  write                         
000043f9  __TI_zero_init_nomemset       
00004415  memccpy                       
00004431  copysign                      
00004431  copysignl                     
00004463  __aeabi_lmul                  
0000447b  strrchr                       
00004493  strchr                        
000044a9  strcpy                        
000044bd  strlen                        
000044e3  wcslen                        
000044f5  __TI_decompress_none          
00004503  Reset_Handler                 
0000450f  ADC14_IRQHandler              
0000450f  AES256_IRQHandler             
0000450f  BusFault_Handler              
0000450f  COMP_E0_IRQHandler            
0000450f  COMP_E1_IRQHandler            
0000450f  CS_IRQHandler                 
0000450f  DMA_ERR_IRQHandler            
0000450f  DMA_INT0_IRQHandler           
0000450f  DMA_INT1_IRQHandler           
0000450f  DMA_INT2_IRQHandler           
0000450f  DMA_INT3_IRQHandler           
0000450f  DebugMon_Handler              
0000450f  Default_Handler               
0000450f  EUSCIA1_IRQHandler            
0000450f  EUSCIA2_IRQHandler            
0000450f  EUSCIA3_IRQHandler            
0000450f  EUSCIB0_IRQHandler            
0000450f  EUSCIB1_IRQHandler            
0000450f  EUSCIB2_IRQHandler            
0000450f  EUSCIB3_IRQHandler            
0000450f  FLCTL_IRQHandler              
0000450f  FPU_IRQHandler                
0000450f  HardFault_Handler             
0000450f  MemManage_Handler             
0000450f  NMI_Handler                   
0000450f  PCM_IRQHandler                
0000450f  PORT2_IRQHandler              
0000450f  PORT3_IRQHandler              
0000450f  PORT4_IRQHandler              
0000450f  PORT5_IRQHandler              
0000450f  PORT6_IRQHandler              
0000450f  PSS_IRQHandler                
0000450f  PendSV_Handler                
0000450f  RTC_C_IRQHandler              
0000450f  SVC_Handler                   
0000450f  SysTick_Handler               
0000450f  T32_INT1_IRQHandler           
0000450f  T32_INT2_IRQHandler           
0000450f  T32_INTC_IRQHandler           
0000450f  TA0_0_IRQHandler              
0000450f  TA0_N_IRQHandler              
0000450f  TA1_0_IRQHandler              
0000450f  TA1_N_IRQHandler              
0000450f  TA2_0_IRQHandler              
0000450f  TA2_N_IRQHandler              
0000450f  TA3_0_IRQHandler              
0000450f  TA3_N_IRQHandler              
0000450f  UsageFault_Handler            
0000450f  WDT_A_IRQHandler              
00004511  __aeabi_errno_addr            
00004521  _system_pre_init              
00004525  C$$EXIT                       
00004525  abort                         
00004528  _ctypes_                      
000047c8  __TI_Handler_Table_Base       
000047d4  __TI_Handler_Table_Limit      
000047e0  __TI_CINIT_Base               
000047f0  __TI_CINIT_Limit              
20000000  messages                      
20000230  uiLines                       
20000280  wrongStringInput              
200002d0  errno                         
200002d4  SystemCoreClock               
200002d8  readCheck                     
200002d9  inputReady                    
200002da  interruptCheck                
200002db  newLine                       
200002de  buffer                        
200002ea  addressConvert                
200002f2  readConvert                   
200002fa  blockNumber                   
200002fc  controlByte                   
200002fe  data                          
20000300  endAddress                    
20000302  i                             
20000304  readAddress                   
20000306  readValue                     
20000308  temp                          
2000030a  writeAddress                  
2000030c  x                             
2000030e  readReceive                   
2000fe00  __stack                       
20010000  __STACK_END                   
4000480c  WDTCTL_SYM                    
ffffffff  __TI_pprof_out_hndl           
ffffffff  __TI_prof_data_size           
ffffffff  __TI_prof_data_start          
ffffffff  __binit__                     
ffffffff  __c_args__                    
ffffffff  binit                         
UNDEFED   __mpu_init                    
UNDEFED   _system_post_cinit            

[174 symbols]
