******************************************************************************
                  TI ARM Linker PC v18.12.2                    
******************************************************************************
>> Linked Tue Nov 12 19:16:01 2019

OUTPUT FILE NAME:   <I2C_BitBang.out>
ENTRY POINT SYMBOL: "_c_int00_noargs"  address: 00003d5d


MEMORY CONFIGURATION

         name            origin    length      used     unused   attr    fill
----------------------  --------  ---------  --------  --------  ----  --------
  MAIN                  00000000   00040000  000042bc  0003bd44  R  X
  INFO                  00200000   00004000  00000000  00004000  R  X
  SRAM_CODE             01000000   00010000  0000045d  0000fba3  RW X
  SRAM_DATA             20000000   00010000  0000045d  0000fba3  RW  


SEGMENT ALLOCATION MAP

run origin  load origin   length   init length attrs members
----------  ----------- ---------- ----------- ----- -------
00000000    00000000    000042c0   000042c0    r-x
  00000000    00000000    000000e4   000000e4    r-- .intvecs
  000000e4    000000e4    00003f38   00003f38    r-x .text
  00004020    00004020    000001e0   000001e0    r-- .const
  00004200    00004200    000000c0   000000c0    r-- .cinit
20000000    20000000    0000025d   00000000    rw-
  20000000    20000000    0000023c   00000000    rw- .data
  2000023c    2000023c    00000021   00000000    rw- .bss
2000fe00    2000fe00    00000200   00000000    rw-
  2000fe00    2000fe00    00000200   00000000    rw- .stack


SECTION ALLOCATION MAP

 output                                  attributes/
section   page    origin      length       input sections
--------  ----  ----------  ----------   ----------------
.intvecs   0    00000000    000000e4     
                  00000000    000000e4     startup_msp432p401r_ccs.obj (.intvecs:retain)

.text      0    000000e4    00003f38     
                  000000e4    00000af0     rtsv7M4_T_le_v4SPD16_eabi.lib : _scanfi.c.obj (.text:__TI_scanfi)
                  00000bd4    00000a4e                                   : _printfi.c.obj (.text:__TI_printfi)
                  00001622    00000002                                   : div0.asm.obj (.text)
                  00001624    00000460                                   : strtod.c.obj (.text:strtod)
                  00001a84    00000370     main.obj (.text)
                  00001df4    00000334     system_msp432p401r.obj (.text)
                  00002128    00000270     rtsv7M4_T_le_v4SPD16_eabi.lib : _printfi.c.obj (.text:_pconv_a)
                  00002398    000001dc                                   : strtoll.c.obj (.text:strtoll)
                  00002574    000001d0                                   : _printfi.c.obj (.text:_pconv_g)
                  00002744    000001b6                                   : fd_add_t2.asm.obj (.text)
                  000028fa    00000002     --HOLE-- [fill = 0]
                  000028fc    0000015c                                   : strtoull.c.obj (.text:strtoull)
                  00002a58    0000013c                                   : _printfi.c.obj (.text:_pconv_e)
                  00002b94    00000136                                   : fd_div_t2.asm.obj (.text)
                  00002cca    00000002     --HOLE-- [fill = 0]
                  00002ccc    00000130                                   : strtol.c.obj (.text:strtol)
                  00002dfc    00000124                                   : _printfi.c.obj (.text:fcvt)
                  00002f20    00000110                                   : s_scalbn.c.obj (.text:scalbn)
                  00003030    00000110                                   : strtoul.c.obj (.text:strtoul)
                  00003140    000000fc                                   : fd_mul_t2.asm.obj (.text)
                  0000323c    000000d0     receiveByte.obj (.text)
                  0000330c    000000b1     rtsv7M4_T_le_v4SPD16_eabi.lib : _printfi.c.obj (.text:_ltostr)
                  000033bd    00000001     --HOLE-- [fill = 0]
                  000033be    0000009c                                   : memcpy_t2.asm.obj (.text)
                  0000345a    00000002     --HOLE-- [fill = 0]
                  0000345c    00000098     sendByte.obj (.text)
                  000034f4    00000096     rtsv7M4_T_le_v4SPD16_eabi.lib : ull_div_t2.asm.obj (.text)
                  0000358a    00000086                                   : fd_cmp_t2.asm.obj (.text:__aeabi_cdcmple)
                  00003610    00000086                                   : fd_cmp_t2.asm.obj (.text:__aeabi_cdrcmple)
                  00003696    0000007a                                   : memset_t2.asm.obj (.text)
                  00003710    0000006e                                   : _printfi.c.obj (.text:_mcpy)
                  0000377e    0000006e                                   : fd_tos_t2.asm.obj (.text)
                  000037ec    00000068                                   : sscanf.c.obj (.text:_chkmbc)
                  00003854    00000068                                   : copy_decompress_lzss.c.obj (.text:decompress:lzss:__TI_decompress_lzss)
                  000038bc    00000064                                   : s_frexp.c.obj (.text:frexp)
                  00003920    00000060     uartInit.obj (.text)
                  00003980    0000005c     eereset.obj (.text)
                  000039dc    00000056     rtsv7M4_T_le_v4SPD16_eabi.lib : _printfi.c.obj (.text:_pconv_f)
                  00003a32    00000054                                   : ltoa.c.obj (.text:ltoa)
                  00003a86    00000002     --HOLE-- [fill = 0]
                  00003a88    00000054     printMenu.obj (.text)
                  00003adc    00000054     read.obj (.text)
                  00003b30    00000052     rtsv7M4_T_le_v4SPD16_eabi.lib : _printfi.c.obj (.text:_ecpy)
                  00003b82    00000002     --HOLE-- [fill = 0]
                  00003b84    0000004c                                   : atoi.c.obj (.text:atoi)
                  00003bd0    0000004c                                   : snprintf.c.obj (.text:snprintf)
                  00003c1c    00000048                                   : fd_toi_t2.asm.obj (.text)
                  00003c64    00000044                                   : autoinit.c.obj (.text:__TI_auto_init_nobinit_nopinit:__TI_auto_init_nobinit_nopinit)
                  00003ca8    0000003e                                   : _printfi.c.obj (.text:_fcpy)
                  00003ce6    00000002     --HOLE-- [fill = 0]
                  00003ce8    0000003c     putstr.obj (.text)
                  00003d24    00000038     rtsv7M4_T_le_v4SPD16_eabi.lib : sscanf.c.obj (.text:sscanf)
                  00003d5c    00000034                                   : boot_cortex_m.c.obj (.text:_c_int00_noargs:_c_int00_noargs)
                  00003d90    00000034     pinInit.obj (.text)
                  00003dc4    00000034     startBit.obj (.text)
                  00003df8    00000034     stopBit.obj (.text)
                  00003e2c    00000032     pageWrite.obj (.text)
                  00003e5e    00000030     rtsv7M4_T_le_v4SPD16_eabi.lib : snprintf.c.obj (.text:_outs)
                  00003e8e    0000002e                                   : i_tofd_t2.asm.obj (.text)
                  00003ebc    0000002e     write.obj (.text)
                  00003eea    0000001c     rtsv7M4_T_le_v4SPD16_eabi.lib : copy_zero_init.c.obj (.text:decompress:ZI:__TI_zero_init_nomemset:__TI_zero_init_nomemset)
                  00003f06    0000001c                                   : memccpy.c.obj (.text:memccpy)
                  00003f22    0000001a                                   : s_copysign.c.obj (.text:copysign)
                  00003f3c    00000018                                   : snprintf.c.obj (.text:_outc)
                  00003f54    00000018                                   : ll_mul_t2.asm.obj (.text)
                  00003f6c    00000018                                   : strrchr.c.obj (.text:strrchr)
                  00003f84    00000016                                   : strchr.c.obj (.text:strchr)
                  00003f9a    00000014                                   : strcpy.c.obj (.text:strcpy)
                  00003fae    00000014                                   : strlen.c.obj (.text:strlen)
                  00003fc2    00000012                                   : sscanf.c.obj (.text:_inpchar)
                  00003fd4    00000012                                   : wcslen.c.obj (.text:wcslen)
                  00003fe6    0000000e                                   : copy_decompress_none.c.obj (.text:decompress:none:__TI_decompress_none)
                  00003ff4    0000000e     startup_msp432p401r_ccs.obj (.text)
                  00004002    00000002     --HOLE-- [fill = 0]
                  00004004    00000008     rtsv7M4_T_le_v4SPD16_eabi.lib : errno.c.obj (.text:__aeabi_errno_addr)
                  0000400c    00000008                                   : sscanf.c.obj (.text:_uninpchar)
                  00004014    00000004                                   : pre_init.c.obj (.text:_system_pre_init)
                  00004018    00000004                                   : exit.c.obj (.text:abort:abort)

.const     0    00004020    000001e0     
                  00004020    00000101     rtsv7M4_T_le_v4SPD16_eabi.lib : ctype.c.obj (.const:.string:_ctypes_)
                  00004121    00000007     --HOLE-- [fill = 0]
                  00004128    000000c8                                   : strtod.c.obj (.const:$O1$$)
                  000041f0    00000010                                   : _scanfi.c.obj (.const:$O1$$)

.cinit     0    00004200    000000c0     
                  00004200    00000099     (.cinit..data.load) [load image, compression = lzss]
                  00004299    00000003     --HOLE-- [fill = 0]
                  0000429c    0000000c     (__TI_handler_table)
                  000042a8    00000008     (.cinit..bss.load) [load image, compression = zero_init]
                  000042b0    00000010     (__TI_cinit_table)

.init_array 
*          0    00000000    00000000     UNINITIALIZED

.binit     0    00000000    00000000     

.data      0    20000000    0000023c     UNINITIALIZED
                  20000000    00000190     printMenu.obj (.data:messages)
                  20000190    00000050     printMenu.obj (.data:uiLines)
                  200001e0    00000050     main.obj (.data:wrongStringInput)
                  20000230    00000004     rtsv7M4_T_le_v4SPD16_eabi.lib : errno.c.obj (.data)
                  20000234    00000004     system_msp432p401r.obj (.data)
                  20000238    00000002     main.obj (.data)
                  2000023a    00000002     main.obj (.data:newLine)

.bss       0    2000023c    00000021     UNINITIALIZED
                  2000023c    0000000c     (.common:buffer)
                  20000248    00000008     (.common:readConvert)
                  20000250    00000002     (.common:blockNumber)
                  20000252    00000002     (.common:controlByte)
                  20000254    00000002     (.common:data)
                  20000256    00000002     (.common:i)
                  20000258    00000002     (.common:readValue)
                  2000025a    00000002     (.common:x)
                  2000025c    00000001     (.common:readReceive)

.stack     0    2000fe00    00000200     UNINITIALIZED
                  2000fe00    00000004     rtsv7M4_T_le_v4SPD16_eabi.lib : boot_cortex_m.c.obj (.stack)
                  2000fe04    000001fc     --HOLE--

MODULE SUMMARY

       Module                        code    ro data   rw data
       ------                        ----    -------   -------
    .\
       main.obj                      880     0         204    
       printMenu.obj                 84      0         960    
       system_msp432p401r.obj        820     0         8      
       startup_msp432p401r_ccs.obj   14      228       0      
       receiveByte.obj               208     0         2      
       sendByte.obj                  152     0         0      
       eereset.obj                   92      0         28     
       uartInit.obj                  96      0         0      
       read.obj                      84      0         0      
       putstr.obj                    60      0         0      
       pinInit.obj                   52      0         0      
       startBit.obj                  52      0         0      
       stopBit.obj                   52      0         0      
       pageWrite.obj                 50      0         0      
       write.obj                     46      0         0      
    +--+-----------------------------+-------+---------+---------+
       Total:                        2742    228       1202   
                                                              
    C:\ti\ccs910\ccs\tools\compiler\ti-cgt-arm_18.12.2.LTS\lib\rtsv7M4_T_le_v4SPD16_eabi.lib
       _printfi.c.obj                4851    0         0      
       _scanfi.c.obj                 2800    16        0      
       strtod.c.obj                  1120    200       0      
       strtoll.c.obj                 476     0         0      
       fd_add_t2.asm.obj             438     0         0      
       strtoull.c.obj                348     0         0      
       fd_div_t2.asm.obj             310     0         0      
       strtol.c.obj                  304     0         0      
       s_scalbn.c.obj                272     0         0      
       strtoul.c.obj                 272     0         0      
       fd_cmp_t2.asm.obj             268     0         0      
       ctype.c.obj                   0       257       0      
       fd_mul_t2.asm.obj             252     0         0      
       sscanf.c.obj                  186     0         0      
       memcpy_t2.asm.obj             156     0         0      
       ull_div_t2.asm.obj            150     0         0      
       snprintf.c.obj                148     0         0      
       memset_t2.asm.obj             122     0         0      
       fd_tos_t2.asm.obj             110     0         0      
       copy_decompress_lzss.c.obj    104     0         0      
       s_frexp.c.obj                 100     0         0      
       ltoa.c.obj                    84      0         0      
       atoi.c.obj                    76      0         0      
       fd_toi_t2.asm.obj             72      0         0      
       autoinit.c.obj                68      0         0      
       boot_cortex_m.c.obj           52      0         0      
       i_tofd_t2.asm.obj             46      0         0      
       copy_zero_init.c.obj          28      0         0      
       memccpy.c.obj                 28      0         0      
       s_copysign.c.obj              26      0         0      
       ll_mul_t2.asm.obj             24      0         0      
       strrchr.c.obj                 24      0         0      
       strchr.c.obj                  22      0         0      
       strcpy.c.obj                  20      0         0      
       strlen.c.obj                  20      0         0      
       wcslen.c.obj                  18      0         0      
       errno.c.obj                   8       0         8      
       copy_decompress_none.c.obj    14      0         0      
       exit.c.obj                    4       0         0      
       pre_init.c.obj                4       0         0      
       div0.asm.obj                  2       0         0      
    +--+-----------------------------+-------+---------+---------+
       Total:                        13427   473       8      
                                                              
       Stack:                        0       0         1024   
       Linker Generated:             0       189       0      
    +--+-----------------------------+-------+---------+---------+
       Grand Total:                  16169   890       2234   


LINKER GENERATED COPY TABLES

__TI_cinit_table @ 000042b0 records: 2, size/record: 8, table size: 16
	.data: load addr=00004200, load size=00000099 bytes, run addr=20000000, run size=0000023c bytes, compression=lzss
	.bss: load addr=000042a8, load size=00000008 bytes, run addr=2000023c, run size=00000021 bytes, compression=zero_init


LINKER GENERATED HANDLER TABLE

__TI_handler_table @ 0000429c records: 3, size/record: 4, table size: 12
	index: 0, handler: __TI_decompress_lzss
	index: 1, handler: __TI_decompress_none
	index: 2, handler: __TI_zero_init


GLOBAL SYMBOLS: SORTED ALPHABETICALLY BY Name 

address   name                          
-------   ----                          
00004001  ADC14_IRQHandler              
00004001  AES256_IRQHandler             
00004001  BusFault_Handler              
00004019  C$$EXIT                       
00004001  COMP_E0_IRQHandler            
00004001  COMP_E1_IRQHandler            
00004001  CS_IRQHandler                 
00004001  DMA_ERR_IRQHandler            
00004001  DMA_INT0_IRQHandler           
00004001  DMA_INT1_IRQHandler           
00004001  DMA_INT2_IRQHandler           
00004001  DMA_INT3_IRQHandler           
00004001  DebugMon_Handler              
00004001  Default_Handler               
00001cf1  EUSCIA0_IRQHandler            
00001cf1  EUSCIA0_IRQHandler            
00004001  EUSCIA1_IRQHandler            
00004001  EUSCIA2_IRQHandler            
00004001  EUSCIA3_IRQHandler            
00004001  EUSCIB0_IRQHandler            
00004001  EUSCIB1_IRQHandler            
00004001  EUSCIB2_IRQHandler            
00004001  EUSCIB3_IRQHandler            
00004001  FLCTL_IRQHandler              
00004001  FPU_IRQHandler                
00004001  HardFault_Handler             
00004001  MemManage_Handler             
00004001  NMI_Handler                   
00004001  PCM_IRQHandler                
00004001  PORT1_IRQHandler              
00004001  PORT2_IRQHandler              
00004001  PORT3_IRQHandler              
00004001  PORT4_IRQHandler              
00004001  PORT5_IRQHandler              
00004001  PORT6_IRQHandler              
00004001  PSS_IRQHandler                
00004001  PendSV_Handler                
00004001  RTC_C_IRQHandler              
00003ff5  Reset_Handler                 
00004001  SVC_Handler                   
00004001  SysTick_Handler               
20000234  SystemCoreClock               
00001df5  SystemCoreClockUpdate         
0000206d  SystemInit                    
00004001  T32_INT1_IRQHandler           
00004001  T32_INT2_IRQHandler           
00004001  T32_INTC_IRQHandler           
00004001  TA0_0_IRQHandler              
00004001  TA0_N_IRQHandler              
00004001  TA1_0_IRQHandler              
00004001  TA1_N_IRQHandler              
00004001  TA2_0_IRQHandler              
00004001  TA2_N_IRQHandler              
00004001  TA3_0_IRQHandler              
00004001  TA3_N_IRQHandler              
00004001  UsageFault_Handler            
4000480c  WDTCTL_SYM                    
00004001  WDT_A_IRQHandler              
20010000  __STACK_END                   
00000200  __STACK_SIZE                  
000042b0  __TI_CINIT_Base               
000042c0  __TI_CINIT_Limit              
0000429c  __TI_Handler_Table_Base       
000042a8  __TI_Handler_Table_Limit      
00003c65  __TI_auto_init_nobinit_nopinit
00003855  __TI_decompress_lzss          
00003fe7  __TI_decompress_none          
ffffffff  __TI_pprof_out_hndl           
00000bd5  __TI_printfi                  
ffffffff  __TI_prof_data_size           
ffffffff  __TI_prof_data_start          
000000e5  __TI_scanfi                   
00000000  __TI_static_base__            
00003eeb  __TI_zero_init_nomemset       
0000358b  __aeabi_cdcmpeq               
0000358b  __aeabi_cdcmple               
00003611  __aeabi_cdrcmple              
0000377f  __aeabi_d2f                   
00003c1d  __aeabi_d2iz                  
0000274f  __aeabi_dadd                  
00002b95  __aeabi_ddiv                  
00003141  __aeabi_dmul                  
00002745  __aeabi_dsub                  
00004005  __aeabi_errno_addr            
00003e8f  __aeabi_i2d                   
00001623  __aeabi_idiv0                 
00001623  __aeabi_ldiv0                 
00003f55  __aeabi_lmul                  
00003697  __aeabi_memclr                
00003697  __aeabi_memclr4               
00003697  __aeabi_memclr8               
000033bf  __aeabi_memcpy                
000033bf  __aeabi_memcpy4               
000033bf  __aeabi_memcpy8               
00003699  __aeabi_memset                
00003699  __aeabi_memset4               
00003699  __aeabi_memset8               
000034f5  __aeabi_uldivmod              
ffffffff  __binit__                     
ffffffff  __c_args__                    
UNDEFED   __mpu_init                    
2000fe00  __stack                       
00003d5d  _c_int00_noargs               
00004020  _ctypes_                      
UNDEFED   _system_post_cinit            
00004015  _system_pre_init              
00004019  abort                         
00003b85  atoi                          
ffffffff  binit                         
20000250  blockNumber                   
2000023c  buffer                        
20000252  controlByte                   
00003f23  copysign                      
00003f23  copysignl                     
20000254  data                          
00003981  eereset                       
20000230  errno                         
000038bd  frexp                         
000038bd  frexpl                        
00001a85  getstr                        
20000256  i                             
20000239  inputReady                    
00000000  interruptVectors              
00002f21  ldexp                         
00002f21  ldexpl                        
00003a33  ltoa                          
00001b09  main                          
00003f07  memccpy                       
000033bf  memcpy                        
0000369f  memset                        
20000000  messages                      
2000023a  newLine                       
00003e2d  pageWrite                     
00003d91  pinInit                       
00003a89  printMenu                     
00003ce9  putstr                        
00003add  read                          
20000238  readCheck                     
20000248  readConvert                   
2000025c  readReceive                   
20000258  readValue                     
0000323d  receiveByte                   
00002f21  scalbn                        
00002f21  scalbnl                       
0000345d  sendByte                      
00003bd1  snprintf                      
00003d25  sscanf                        
00003dc5  startBit                      
00003df9  stopBit                       
00003f85  strchr                        
00003f9b  strcpy                        
00003faf  strlen                        
00003f6d  strrchr                       
00001625  strtod                        
00002ccd  strtol                        
00001625  strtold                       
00002399  strtoll                       
00003031  strtoul                       
000028fd  strtoull                      
00003921  uartInit                      
20000190  uiLines                       
00003fd5  wcslen                        
00003ebd  write                         
200001e0  wrongStringInput              
2000025a  x                             


GLOBAL SYMBOLS: SORTED BY Symbol Address 

address   name                          
-------   ----                          
00000000  __TI_static_base__            
00000000  interruptVectors              
000000e5  __TI_scanfi                   
00000200  __STACK_SIZE                  
00000bd5  __TI_printfi                  
00001623  __aeabi_idiv0                 
00001623  __aeabi_ldiv0                 
00001625  strtod                        
00001625  strtold                       
00001a85  getstr                        
00001b09  main                          
00001cf1  EUSCIA0_IRQHandler            
00001cf1  EUSCIA0_IRQHandler            
00001df5  SystemCoreClockUpdate         
0000206d  SystemInit                    
00002399  strtoll                       
00002745  __aeabi_dsub                  
0000274f  __aeabi_dadd                  
000028fd  strtoull                      
00002b95  __aeabi_ddiv                  
00002ccd  strtol                        
00002f21  ldexp                         
00002f21  ldexpl                        
00002f21  scalbn                        
00002f21  scalbnl                       
00003031  strtoul                       
00003141  __aeabi_dmul                  
0000323d  receiveByte                   
000033bf  __aeabi_memcpy                
000033bf  __aeabi_memcpy4               
000033bf  __aeabi_memcpy8               
000033bf  memcpy                        
0000345d  sendByte                      
000034f5  __aeabi_uldivmod              
0000358b  __aeabi_cdcmpeq               
0000358b  __aeabi_cdcmple               
00003611  __aeabi_cdrcmple              
00003697  __aeabi_memclr                
00003697  __aeabi_memclr4               
00003697  __aeabi_memclr8               
00003699  __aeabi_memset                
00003699  __aeabi_memset4               
00003699  __aeabi_memset8               
0000369f  memset                        
0000377f  __aeabi_d2f                   
00003855  __TI_decompress_lzss          
000038bd  frexp                         
000038bd  frexpl                        
00003921  uartInit                      
00003981  eereset                       
00003a33  ltoa                          
00003a89  printMenu                     
00003add  read                          
00003b85  atoi                          
00003bd1  snprintf                      
00003c1d  __aeabi_d2iz                  
00003c65  __TI_auto_init_nobinit_nopinit
00003ce9  putstr                        
00003d25  sscanf                        
00003d5d  _c_int00_noargs               
00003d91  pinInit                       
00003dc5  startBit                      
00003df9  stopBit                       
00003e2d  pageWrite                     
00003e8f  __aeabi_i2d                   
00003ebd  write                         
00003eeb  __TI_zero_init_nomemset       
00003f07  memccpy                       
00003f23  copysign                      
00003f23  copysignl                     
00003f55  __aeabi_lmul                  
00003f6d  strrchr                       
00003f85  strchr                        
00003f9b  strcpy                        
00003faf  strlen                        
00003fd5  wcslen                        
00003fe7  __TI_decompress_none          
00003ff5  Reset_Handler                 
00004001  ADC14_IRQHandler              
00004001  AES256_IRQHandler             
00004001  BusFault_Handler              
00004001  COMP_E0_IRQHandler            
00004001  COMP_E1_IRQHandler            
00004001  CS_IRQHandler                 
00004001  DMA_ERR_IRQHandler            
00004001  DMA_INT0_IRQHandler           
00004001  DMA_INT1_IRQHandler           
00004001  DMA_INT2_IRQHandler           
00004001  DMA_INT3_IRQHandler           
00004001  DebugMon_Handler              
00004001  Default_Handler               
00004001  EUSCIA1_IRQHandler            
00004001  EUSCIA2_IRQHandler            
00004001  EUSCIA3_IRQHandler            
00004001  EUSCIB0_IRQHandler            
00004001  EUSCIB1_IRQHandler            
00004001  EUSCIB2_IRQHandler            
00004001  EUSCIB3_IRQHandler            
00004001  FLCTL_IRQHandler              
00004001  FPU_IRQHandler                
00004001  HardFault_Handler             
00004001  MemManage_Handler             
00004001  NMI_Handler                   
00004001  PCM_IRQHandler                
00004001  PORT1_IRQHandler              
00004001  PORT2_IRQHandler              
00004001  PORT3_IRQHandler              
00004001  PORT4_IRQHandler              
00004001  PORT5_IRQHandler              
00004001  PORT6_IRQHandler              
00004001  PSS_IRQHandler                
00004001  PendSV_Handler                
00004001  RTC_C_IRQHandler              
00004001  SVC_Handler                   
00004001  SysTick_Handler               
00004001  T32_INT1_IRQHandler           
00004001  T32_INT2_IRQHandler           
00004001  T32_INTC_IRQHandler           
00004001  TA0_0_IRQHandler              
00004001  TA0_N_IRQHandler              
00004001  TA1_0_IRQHandler              
00004001  TA1_N_IRQHandler              
00004001  TA2_0_IRQHandler              
00004001  TA2_N_IRQHandler              
00004001  TA3_0_IRQHandler              
00004001  TA3_N_IRQHandler              
00004001  UsageFault_Handler            
00004001  WDT_A_IRQHandler              
00004005  __aeabi_errno_addr            
00004015  _system_pre_init              
00004019  C$$EXIT                       
00004019  abort                         
00004020  _ctypes_                      
0000429c  __TI_Handler_Table_Base       
000042a8  __TI_Handler_Table_Limit      
000042b0  __TI_CINIT_Base               
000042c0  __TI_CINIT_Limit              
20000000  messages                      
20000190  uiLines                       
200001e0  wrongStringInput              
20000230  errno                         
20000234  SystemCoreClock               
20000238  readCheck                     
20000239  inputReady                    
2000023a  newLine                       
2000023c  buffer                        
20000248  readConvert                   
20000250  blockNumber                   
20000252  controlByte                   
20000254  data                          
20000256  i                             
20000258  readValue                     
2000025a  x                             
2000025c  readReceive                   
2000fe00  __stack                       
20010000  __STACK_END                   
4000480c  WDTCTL_SYM                    
ffffffff  __TI_pprof_out_hndl           
ffffffff  __TI_prof_data_size           
ffffffff  __TI_prof_data_start          
ffffffff  __binit__                     
ffffffff  __c_args__                    
ffffffff  binit                         
UNDEFED   __mpu_init                    
UNDEFED   _system_post_cinit            

[165 symbols]
