******************************************************************************
                  TI ARM Linker PC v18.12.2                    
******************************************************************************
>> Linked Wed Nov 13 01:36:32 2019

OUTPUT FILE NAME:   <I2C_BitBang.out>
ENTRY POINT SYMBOL: "_c_int00_noargs"  address: 00004121


MEMORY CONFIGURATION

         name            origin    length      used     unused   attr    fill
----------------------  --------  ---------  --------  --------  ----  --------
  MAIN                  00000000   00040000  000046c4  0003b93c  R  X
  INFO                  00200000   00004000  00000000  00004000  R  X
  SRAM_CODE             01000000   00010000  000004bd  0000fb43  RW X
  SRAM_DATA             20000000   00010000  000004bd  0000fb43  RW  


SEGMENT ALLOCATION MAP

run origin  load origin   length   init length attrs members
----------  ----------- ---------- ----------- ----- -------
00000000    00000000    000046c8   000046c8    r-x
  00000000    00000000    000000e4   000000e4    r-- .intvecs
  000000e4    000000e4    00004330   00004330    r-x .text
  00004418    00004418    000001e0   000001e0    r-- .const
  000045f8    000045f8    000000d0   000000d0    r-- .cinit
20000000    20000000    000002bd   00000000    rw-
  20000000    20000000    0000028c   00000000    rw- .data
  2000028c    2000028c    00000031   00000000    rw- .bss
2000fe00    2000fe00    00000200   00000000    rw-
  2000fe00    2000fe00    00000200   00000000    rw- .stack


SECTION ALLOCATION MAP

 output                                  attributes/
section   page    origin      length       input sections
--------  ----  ----------  ----------   ----------------
.intvecs   0    00000000    000000e4     
                  00000000    000000e4     startup_msp432p401r_ccs.obj (.intvecs:retain)

.text      0    000000e4    00004330     
                  000000e4    00000af0     rtsv7M4_T_le_v4SPD16_eabi.lib : _scanfi.c.obj (.text:__TI_scanfi)
                  00000bd4    00000a4e                                   : _printfi.c.obj (.text:__TI_printfi)
                  00001622    00000002                                   : div0.asm.obj (.text)
                  00001624    00000718     main.obj (.text)
                  00001d3c    00000460     rtsv7M4_T_le_v4SPD16_eabi.lib : strtod.c.obj (.text:strtod)
                  0000219c    00000334     system_msp432p401r.obj (.text)
                  000024d0    00000270     rtsv7M4_T_le_v4SPD16_eabi.lib : _printfi.c.obj (.text:_pconv_a)
                  00002740    000001dc                                   : strtoll.c.obj (.text:strtoll)
                  0000291c    000001d0                                   : _printfi.c.obj (.text:_pconv_g)
                  00002aec    000001b6                                   : fd_add_t2.asm.obj (.text)
                  00002ca2    00000002     --HOLE-- [fill = 0]
                  00002ca4    0000015c                                   : strtoull.c.obj (.text:strtoull)
                  00002e00    0000013c                                   : _printfi.c.obj (.text:_pconv_e)
                  00002f3c    00000136                                   : fd_div_t2.asm.obj (.text)
                  00003072    00000002     --HOLE-- [fill = 0]
                  00003074    00000130                                   : strtol.c.obj (.text:strtol)
                  000031a4    00000124                                   : _printfi.c.obj (.text:fcvt)
                  000032c8    00000110                                   : s_scalbn.c.obj (.text:scalbn)
                  000033d8    00000110                                   : strtoul.c.obj (.text:strtoul)
                  000034e8    000000fc                                   : fd_mul_t2.asm.obj (.text)
                  000035e4    000000b1                                   : _printfi.c.obj (.text:_ltostr)
                  00003695    00000003     --HOLE-- [fill = 0]
                  00003698    000000a4     receiveByte.obj (.text)
                  0000373c    0000009c     rtsv7M4_T_le_v4SPD16_eabi.lib : memcpy_t2.asm.obj (.text)
                  000037d8    00000098     sendByte.obj (.text)
                  00003870    00000096     rtsv7M4_T_le_v4SPD16_eabi.lib : ull_div_t2.asm.obj (.text)
                  00003906    00000086                                   : fd_cmp_t2.asm.obj (.text:__aeabi_cdcmple)
                  0000398c    00000086                                   : fd_cmp_t2.asm.obj (.text:__aeabi_cdrcmple)
                  00003a12    0000007a                                   : memset_t2.asm.obj (.text)
                  00003a8c    0000006e                                   : _printfi.c.obj (.text:_mcpy)
                  00003afa    0000006e                                   : fd_tos_t2.asm.obj (.text)
                  00003b68    00000068                                   : sscanf.c.obj (.text:_chkmbc)
                  00003bd0    00000068                                   : copy_decompress_lzss.c.obj (.text:decompress:lzss:__TI_decompress_lzss)
                  00003c38    00000064                                   : s_frexp.c.obj (.text:frexp)
                  00003c9c    00000060     uartInit.obj (.text)
                  00003cfc    0000005c     eereset.obj (.text)
                  00003d58    00000058     read.obj (.text)
                  00003db0    00000056     rtsv7M4_T_le_v4SPD16_eabi.lib : _printfi.c.obj (.text:_pconv_f)
                  00003e06    00000054                                   : ltoa.c.obj (.text:ltoa)
                  00003e5a    00000002     --HOLE-- [fill = 0]
                  00003e5c    00000054     printMenu.obj (.text)
                  00003eb0    00000052     rtsv7M4_T_le_v4SPD16_eabi.lib : _printfi.c.obj (.text:_ecpy)
                  00003f02    00000002     --HOLE-- [fill = 0]
                  00003f04    0000004c                                   : atoi.c.obj (.text:atoi)
                  00003f50    0000004c                                   : snprintf.c.obj (.text:snprintf)
                  00003f9c    00000048                                   : fd_toi_t2.asm.obj (.text)
                  00003fe4    00000044                                   : autoinit.c.obj (.text:__TI_auto_init_nobinit_nopinit:__TI_auto_init_nobinit_nopinit)
                  00004028    00000044     pageWrite.obj (.text)
                  0000406c    0000003e     rtsv7M4_T_le_v4SPD16_eabi.lib : _printfi.c.obj (.text:_fcpy)
                  000040aa    00000002     --HOLE-- [fill = 0]
                  000040ac    0000003c     putstr.obj (.text)
                  000040e8    00000038     rtsv7M4_T_le_v4SPD16_eabi.lib : sscanf.c.obj (.text:sscanf)
                  00004120    00000034                                   : boot_cortex_m.c.obj (.text:_c_int00_noargs:_c_int00_noargs)
                  00004154    00000034     ack.obj (.text)
                  00004188    00000034     nack..obj (.text)
                  000041bc    00000034     pinInit.obj (.text)
                  000041f0    00000034     startBit.obj (.text)
                  00004224    00000034     stopBit.obj (.text)
                  00004258    00000030     rtsv7M4_T_le_v4SPD16_eabi.lib : snprintf.c.obj (.text:_outs)
                  00004288    0000002e                                   : i_tofd_t2.asm.obj (.text)
                  000042b6    0000002e     write.obj (.text)
                  000042e4    0000001c     rtsv7M4_T_le_v4SPD16_eabi.lib : copy_zero_init.c.obj (.text:decompress:ZI:__TI_zero_init_nomemset:__TI_zero_init_nomemset)
                  00004300    0000001c                                   : memccpy.c.obj (.text:memccpy)
                  0000431c    0000001a                                   : s_copysign.c.obj (.text:copysign)
                  00004336    00000018                                   : snprintf.c.obj (.text:_outc)
                  0000434e    00000018                                   : ll_mul_t2.asm.obj (.text)
                  00004366    00000018                                   : strrchr.c.obj (.text:strrchr)
                  0000437e    00000016                                   : strchr.c.obj (.text:strchr)
                  00004394    00000014                                   : strcpy.c.obj (.text:strcpy)
                  000043a8    00000014                                   : strlen.c.obj (.text:strlen)
                  000043bc    00000012                                   : sscanf.c.obj (.text:_inpchar)
                  000043ce    00000012                                   : wcslen.c.obj (.text:wcslen)
                  000043e0    0000000e                                   : copy_decompress_none.c.obj (.text:decompress:none:__TI_decompress_none)
                  000043ee    0000000e     startup_msp432p401r_ccs.obj (.text)
                  000043fc    00000008     rtsv7M4_T_le_v4SPD16_eabi.lib : errno.c.obj (.text:__aeabi_errno_addr)
                  00004404    00000008                                   : sscanf.c.obj (.text:_uninpchar)
                  0000440c    00000004                                   : pre_init.c.obj (.text:_system_pre_init)
                  00004410    00000004                                   : exit.c.obj (.text:abort:abort)

.const     0    00004418    000001e0     
                  00004418    00000101     rtsv7M4_T_le_v4SPD16_eabi.lib : ctype.c.obj (.const:.string:_ctypes_)
                  00004519    00000007     --HOLE-- [fill = 0]
                  00004520    000000c8                                   : strtod.c.obj (.const:$O1$$)
                  000045e8    00000010                                   : _scanfi.c.obj (.const:$O1$$)

.cinit     0    000045f8    000000d0     
                  000045f8    000000a9     (.cinit..data.load) [load image, compression = lzss]
                  000046a1    00000003     --HOLE-- [fill = 0]
                  000046a4    0000000c     (__TI_handler_table)
                  000046b0    00000008     (.cinit..bss.load) [load image, compression = zero_init]
                  000046b8    00000010     (__TI_cinit_table)

.init_array 
*          0    00000000    00000000     UNINITIALIZED

.binit     0    00000000    00000000     

.data      0    20000000    0000028c     UNINITIALIZED
                  20000000    000001e0     printMenu.obj (.data:messages)
                  200001e0    00000050     printMenu.obj (.data:uiLines)
                  20000230    00000050     main.obj (.data:wrongStringInput)
                  20000280    00000004     rtsv7M4_T_le_v4SPD16_eabi.lib : errno.c.obj (.data)
                  20000284    00000004     system_msp432p401r.obj (.data)
                  20000288    00000002     main.obj (.data)
                  2000028a    00000002     main.obj (.data:newLine)

.bss       0    2000028c    00000031     UNINITIALIZED
                  2000028c    0000000c     (.common:buffer)
                  20000298    00000008     (.common:addressConvert)
                  200002a0    00000008     (.common:readConvert)
                  200002a8    00000002     (.common:blockNumber)
                  200002aa    00000002     (.common:controlByte)
                  200002ac    00000002     (.common:data)
                  200002ae    00000002     (.common:endAddress)
                  200002b0    00000002     (.common:i)
                  200002b2    00000002     (.common:readAddress)
                  200002b4    00000002     (.common:readValue)
                  200002b6    00000002     (.common:temp)
                  200002b8    00000002     (.common:writeAddress)
                  200002ba    00000002     (.common:x)
                  200002bc    00000001     (.common:readReceive)

.stack     0    2000fe00    00000200     UNINITIALIZED
                  2000fe00    00000004     rtsv7M4_T_le_v4SPD16_eabi.lib : boot_cortex_m.c.obj (.stack)
                  2000fe04    000001fc     --HOLE--

MODULE SUMMARY

       Module                        code    ro data   rw data
       ------                        ----    -------   -------
    .\
       main.obj                      1816    0         236    
       printMenu.obj                 84      0         1120   
       system_msp432p401r.obj        820     0         8      
       startup_msp432p401r_ccs.obj   14      228       0      
       receiveByte.obj               164     0         2      
       sendByte.obj                  152     0         0      
       uartInit.obj                  96      0         0      
       eereset.obj                   92      0         0      
       read.obj                      88      0         0      
       ack.obj                       52      0         28     
       pageWrite.obj                 68      0         0      
       putstr.obj                    60      0         0      
       nack..obj                     52      0         0      
       pinInit.obj                   52      0         0      
       startBit.obj                  52      0         0      
       stopBit.obj                   52      0         0      
       write.obj                     46      0         0      
    +--+-----------------------------+-------+---------+---------+
       Total:                        3760    228       1394   
                                                              
    C:\ti\ccs910\ccs\tools\compiler\ti-cgt-arm_18.12.2.LTS\lib\rtsv7M4_T_le_v4SPD16_eabi.lib
       _printfi.c.obj                4851    0         0      
       _scanfi.c.obj                 2800    16        0      
       strtod.c.obj                  1120    200       0      
       strtoll.c.obj                 476     0         0      
       fd_add_t2.asm.obj             438     0         0      
       strtoull.c.obj                348     0         0      
       fd_div_t2.asm.obj             310     0         0      
       strtol.c.obj                  304     0         0      
       s_scalbn.c.obj                272     0         0      
       strtoul.c.obj                 272     0         0      
       fd_cmp_t2.asm.obj             268     0         0      
       ctype.c.obj                   0       257       0      
       fd_mul_t2.asm.obj             252     0         0      
       sscanf.c.obj                  186     0         0      
       memcpy_t2.asm.obj             156     0         0      
       ull_div_t2.asm.obj            150     0         0      
       snprintf.c.obj                148     0         0      
       memset_t2.asm.obj             122     0         0      
       fd_tos_t2.asm.obj             110     0         0      
       copy_decompress_lzss.c.obj    104     0         0      
       s_frexp.c.obj                 100     0         0      
       ltoa.c.obj                    84      0         0      
       atoi.c.obj                    76      0         0      
       fd_toi_t2.asm.obj             72      0         0      
       autoinit.c.obj                68      0         0      
       boot_cortex_m.c.obj           52      0         0      
       i_tofd_t2.asm.obj             46      0         0      
       copy_zero_init.c.obj          28      0         0      
       memccpy.c.obj                 28      0         0      
       s_copysign.c.obj              26      0         0      
       ll_mul_t2.asm.obj             24      0         0      
       strrchr.c.obj                 24      0         0      
       strchr.c.obj                  22      0         0      
       strcpy.c.obj                  20      0         0      
       strlen.c.obj                  20      0         0      
       wcslen.c.obj                  18      0         0      
       errno.c.obj                   8       0         8      
       copy_decompress_none.c.obj    14      0         0      
       exit.c.obj                    4       0         0      
       pre_init.c.obj                4       0         0      
       div0.asm.obj                  2       0         0      
    +--+-----------------------------+-------+---------+---------+
       Total:                        13427   473       8      
                                                              
       Stack:                        0       0         1024   
       Linker Generated:             0       205       0      
    +--+-----------------------------+-------+---------+---------+
       Grand Total:                  17187   906       2426   


LINKER GENERATED COPY TABLES

__TI_cinit_table @ 000046b8 records: 2, size/record: 8, table size: 16
	.data: load addr=000045f8, load size=000000a9 bytes, run addr=20000000, run size=0000028c bytes, compression=lzss
	.bss: load addr=000046b0, load size=00000008 bytes, run addr=2000028c, run size=00000031 bytes, compression=zero_init


LINKER GENERATED HANDLER TABLE

__TI_handler_table @ 000046a4 records: 3, size/record: 4, table size: 12
	index: 0, handler: __TI_decompress_lzss
	index: 1, handler: __TI_decompress_none
	index: 2, handler: __TI_zero_init


GLOBAL SYMBOLS: SORTED ALPHABETICALLY BY Name 

address   name                          
-------   ----                          
000043fb  ADC14_IRQHandler              
000043fb  AES256_IRQHandler             
000043fb  BusFault_Handler              
00004411  C$$EXIT                       
000043fb  COMP_E0_IRQHandler            
000043fb  COMP_E1_IRQHandler            
000043fb  CS_IRQHandler                 
000043fb  DMA_ERR_IRQHandler            
000043fb  DMA_INT0_IRQHandler           
000043fb  DMA_INT1_IRQHandler           
000043fb  DMA_INT2_IRQHandler           
000043fb  DMA_INT3_IRQHandler           
000043fb  DebugMon_Handler              
000043fb  Default_Handler               
00001c21  EUSCIA0_IRQHandler            
00001c21  EUSCIA0_IRQHandler            
000043fb  EUSCIA1_IRQHandler            
000043fb  EUSCIA2_IRQHandler            
000043fb  EUSCIA3_IRQHandler            
000043fb  EUSCIB0_IRQHandler            
000043fb  EUSCIB1_IRQHandler            
000043fb  EUSCIB2_IRQHandler            
000043fb  EUSCIB3_IRQHandler            
000043fb  FLCTL_IRQHandler              
000043fb  FPU_IRQHandler                
000043fb  HardFault_Handler             
000043fb  MemManage_Handler             
000043fb  NMI_Handler                   
000043fb  PCM_IRQHandler                
000043fb  PORT1_IRQHandler              
000043fb  PORT2_IRQHandler              
000043fb  PORT3_IRQHandler              
000043fb  PORT4_IRQHandler              
000043fb  PORT5_IRQHandler              
000043fb  PORT6_IRQHandler              
000043fb  PSS_IRQHandler                
000043fb  PendSV_Handler                
000043fb  RTC_C_IRQHandler              
000043ef  Reset_Handler                 
000043fb  SVC_Handler                   
000043fb  SysTick_Handler               
20000284  SystemCoreClock               
0000219d  SystemCoreClockUpdate         
00002415  SystemInit                    
000043fb  T32_INT1_IRQHandler           
000043fb  T32_INT2_IRQHandler           
000043fb  T32_INTC_IRQHandler           
000043fb  TA0_0_IRQHandler              
000043fb  TA0_N_IRQHandler              
000043fb  TA1_0_IRQHandler              
000043fb  TA1_N_IRQHandler              
000043fb  TA2_0_IRQHandler              
000043fb  TA2_N_IRQHandler              
000043fb  TA3_0_IRQHandler              
000043fb  TA3_N_IRQHandler              
000043fb  UsageFault_Handler            
4000480c  WDTCTL_SYM                    
000043fb  WDT_A_IRQHandler              
20010000  __STACK_END                   
00000200  __STACK_SIZE                  
000046b8  __TI_CINIT_Base               
000046c8  __TI_CINIT_Limit              
000046a4  __TI_Handler_Table_Base       
000046b0  __TI_Handler_Table_Limit      
00003fe5  __TI_auto_init_nobinit_nopinit
00003bd1  __TI_decompress_lzss          
000043e1  __TI_decompress_none          
ffffffff  __TI_pprof_out_hndl           
00000bd5  __TI_printfi                  
ffffffff  __TI_prof_data_size           
ffffffff  __TI_prof_data_start          
000000e5  __TI_scanfi                   
00000000  __TI_static_base__            
000042e5  __TI_zero_init_nomemset       
00003907  __aeabi_cdcmpeq               
00003907  __aeabi_cdcmple               
0000398d  __aeabi_cdrcmple              
00003afb  __aeabi_d2f                   
00003f9d  __aeabi_d2iz                  
00002af7  __aeabi_dadd                  
00002f3d  __aeabi_ddiv                  
000034e9  __aeabi_dmul                  
00002aed  __aeabi_dsub                  
000043fd  __aeabi_errno_addr            
00004289  __aeabi_i2d                   
00001623  __aeabi_idiv0                 
00001623  __aeabi_ldiv0                 
0000434f  __aeabi_lmul                  
00003a13  __aeabi_memclr                
00003a13  __aeabi_memclr4               
00003a13  __aeabi_memclr8               
0000373d  __aeabi_memcpy                
0000373d  __aeabi_memcpy4               
0000373d  __aeabi_memcpy8               
00003a15  __aeabi_memset                
00003a15  __aeabi_memset4               
00003a15  __aeabi_memset8               
00003871  __aeabi_uldivmod              
ffffffff  __binit__                     
ffffffff  __c_args__                    
UNDEFED   __mpu_init                    
2000fe00  __stack                       
00004121  _c_int00_noargs               
00004418  _ctypes_                      
UNDEFED   _system_post_cinit            
0000440d  _system_pre_init              
00004411  abort                         
00004155  ack                           
20000298  addressConvert                
00003f05  atoi                          
ffffffff  binit                         
200002a8  blockNumber                   
2000028c  buffer                        
200002aa  controlByte                   
0000431d  copysign                      
0000431d  copysignl                     
200002ac  data                          
00003cfd  eereset                       
200002ae  endAddress                    
20000280  errno                         
00003c39  frexp                         
00003c39  frexpl                        
00001625  getstr                        
200002b0  i                             
20000289  inputReady                    
00000000  interruptVectors              
000032c9  ldexp                         
000032c9  ldexpl                        
00003e07  ltoa                          
000016bd  main                          
00004301  memccpy                       
0000373d  memcpy                        
00003a1b  memset                        
20000000  messages                      
00004189  nack                          
2000028a  newLine                       
00004029  pageWrite                     
000041bd  pinInit                       
00003e5d  printMenu                     
000040ad  putstr                        
00003d59  read                          
200002b2  readAddress                   
20000288  readCheck                     
200002a0  readConvert                   
200002bc  readReceive                   
200002b4  readValue                     
00003699  receiveByte                   
000032c9  scalbn                        
000032c9  scalbnl                       
000037d9  sendByte                      
00003f51  snprintf                      
000040e9  sscanf                        
000041f1  startBit                      
00004225  stopBit                       
0000437f  strchr                        
00004395  strcpy                        
000043a9  strlen                        
00004367  strrchr                       
00001d3d  strtod                        
00003075  strtol                        
00001d3d  strtold                       
00002741  strtoll                       
000033d9  strtoul                       
00002ca5  strtoull                      
200002b6  temp                          
00003c9d  uartInit                      
200001e0  uiLines                       
000043cf  wcslen                        
000042b7  write                         
200002b8  writeAddress                  
20000230  wrongStringInput              
200002ba  x                             


GLOBAL SYMBOLS: SORTED BY Symbol Address 

address   name                          
-------   ----                          
00000000  __TI_static_base__            
00000000  interruptVectors              
000000e5  __TI_scanfi                   
00000200  __STACK_SIZE                  
00000bd5  __TI_printfi                  
00001623  __aeabi_idiv0                 
00001623  __aeabi_ldiv0                 
00001625  getstr                        
000016bd  main                          
00001c21  EUSCIA0_IRQHandler            
00001c21  EUSCIA0_IRQHandler            
00001d3d  strtod                        
00001d3d  strtold                       
0000219d  SystemCoreClockUpdate         
00002415  SystemInit                    
00002741  strtoll                       
00002aed  __aeabi_dsub                  
00002af7  __aeabi_dadd                  
00002ca5  strtoull                      
00002f3d  __aeabi_ddiv                  
00003075  strtol                        
000032c9  ldexp                         
000032c9  ldexpl                        
000032c9  scalbn                        
000032c9  scalbnl                       
000033d9  strtoul                       
000034e9  __aeabi_dmul                  
00003699  receiveByte                   
0000373d  __aeabi_memcpy                
0000373d  __aeabi_memcpy4               
0000373d  __aeabi_memcpy8               
0000373d  memcpy                        
000037d9  sendByte                      
00003871  __aeabi_uldivmod              
00003907  __aeabi_cdcmpeq               
00003907  __aeabi_cdcmple               
0000398d  __aeabi_cdrcmple              
00003a13  __aeabi_memclr                
00003a13  __aeabi_memclr4               
00003a13  __aeabi_memclr8               
00003a15  __aeabi_memset                
00003a15  __aeabi_memset4               
00003a15  __aeabi_memset8               
00003a1b  memset                        
00003afb  __aeabi_d2f                   
00003bd1  __TI_decompress_lzss          
00003c39  frexp                         
00003c39  frexpl                        
00003c9d  uartInit                      
00003cfd  eereset                       
00003d59  read                          
00003e07  ltoa                          
00003e5d  printMenu                     
00003f05  atoi                          
00003f51  snprintf                      
00003f9d  __aeabi_d2iz                  
00003fe5  __TI_auto_init_nobinit_nopinit
00004029  pageWrite                     
000040ad  putstr                        
000040e9  sscanf                        
00004121  _c_int00_noargs               
00004155  ack                           
00004189  nack                          
000041bd  pinInit                       
000041f1  startBit                      
00004225  stopBit                       
00004289  __aeabi_i2d                   
000042b7  write                         
000042e5  __TI_zero_init_nomemset       
00004301  memccpy                       
0000431d  copysign                      
0000431d  copysignl                     
0000434f  __aeabi_lmul                  
00004367  strrchr                       
0000437f  strchr                        
00004395  strcpy                        
000043a9  strlen                        
000043cf  wcslen                        
000043e1  __TI_decompress_none          
000043ef  Reset_Handler                 
000043fb  ADC14_IRQHandler              
000043fb  AES256_IRQHandler             
000043fb  BusFault_Handler              
000043fb  COMP_E0_IRQHandler            
000043fb  COMP_E1_IRQHandler            
000043fb  CS_IRQHandler                 
000043fb  DMA_ERR_IRQHandler            
000043fb  DMA_INT0_IRQHandler           
000043fb  DMA_INT1_IRQHandler           
000043fb  DMA_INT2_IRQHandler           
000043fb  DMA_INT3_IRQHandler           
000043fb  DebugMon_Handler              
000043fb  Default_Handler               
000043fb  EUSCIA1_IRQHandler            
000043fb  EUSCIA2_IRQHandler            
000043fb  EUSCIA3_IRQHandler            
000043fb  EUSCIB0_IRQHandler            
000043fb  EUSCIB1_IRQHandler            
000043fb  EUSCIB2_IRQHandler            
000043fb  EUSCIB3_IRQHandler            
000043fb  FLCTL_IRQHandler              
000043fb  FPU_IRQHandler                
000043fb  HardFault_Handler             
000043fb  MemManage_Handler             
000043fb  NMI_Handler                   
000043fb  PCM_IRQHandler                
000043fb  PORT1_IRQHandler              
000043fb  PORT2_IRQHandler              
000043fb  PORT3_IRQHandler              
000043fb  PORT4_IRQHandler              
000043fb  PORT5_IRQHandler              
000043fb  PORT6_IRQHandler              
000043fb  PSS_IRQHandler                
000043fb  PendSV_Handler                
000043fb  RTC_C_IRQHandler              
000043fb  SVC_Handler                   
000043fb  SysTick_Handler               
000043fb  T32_INT1_IRQHandler           
000043fb  T32_INT2_IRQHandler           
000043fb  T32_INTC_IRQHandler           
000043fb  TA0_0_IRQHandler              
000043fb  TA0_N_IRQHandler              
000043fb  TA1_0_IRQHandler              
000043fb  TA1_N_IRQHandler              
000043fb  TA2_0_IRQHandler              
000043fb  TA2_N_IRQHandler              
000043fb  TA3_0_IRQHandler              
000043fb  TA3_N_IRQHandler              
000043fb  UsageFault_Handler            
000043fb  WDT_A_IRQHandler              
000043fd  __aeabi_errno_addr            
0000440d  _system_pre_init              
00004411  C$$EXIT                       
00004411  abort                         
00004418  _ctypes_                      
000046a4  __TI_Handler_Table_Base       
000046b0  __TI_Handler_Table_Limit      
000046b8  __TI_CINIT_Base               
000046c8  __TI_CINIT_Limit              
20000000  messages                      
200001e0  uiLines                       
20000230  wrongStringInput              
20000280  errno                         
20000284  SystemCoreClock               
20000288  readCheck                     
20000289  inputReady                    
2000028a  newLine                       
2000028c  buffer                        
20000298  addressConvert                
200002a0  readConvert                   
200002a8  blockNumber                   
200002aa  controlByte                   
200002ac  data                          
200002ae  endAddress                    
200002b0  i                             
200002b2  readAddress                   
200002b4  readValue                     
200002b6  temp                          
200002b8  writeAddress                  
200002ba  x                             
200002bc  readReceive                   
2000fe00  __stack                       
20010000  __STACK_END                   
4000480c  WDTCTL_SYM                    
ffffffff  __TI_pprof_out_hndl           
ffffffff  __TI_prof_data_size           
ffffffff  __TI_prof_data_start          
ffffffff  __binit__                     
ffffffff  __c_args__                    
ffffffff  binit                         
UNDEFED   __mpu_init                    
UNDEFED   _system_post_cinit            

[172 symbols]
