******************************************************************************
                  TI ARM Linker PC v18.12.2                    
******************************************************************************
>> Linked Sun Nov 10 18:00:08 2019

OUTPUT FILE NAME:   <I2C_BitBang.out>
ENTRY POINT SYMBOL: "_c_int00_noargs"  address: 000007f1


MEMORY CONFIGURATION

         name            origin    length      used     unused   attr    fill
----------------------  --------  ---------  --------  --------  ----  --------
  MAIN                  00000000   00040000  000009e6  0003f61a  R  X
  INFO                  00200000   00004000  00000000  00004000  R  X
  SRAM_CODE             01000000   00010000  0000039c  0000fc64  RW X
  SRAM_DATA             20000000   00010000  0000039c  0000fc64  RW  


SEGMENT ALLOCATION MAP

run origin  load origin   length   init length attrs members
----------  ----------- ---------- ----------- ----- -------
00000000    00000000    000009e8   000009e8    r-x
  00000000    00000000    000000e4   000000e4    r-- .intvecs
  000000e4    000000e4    0000086a   0000086a    r-x .text
  00000950    00000950    00000098   00000098    r-- .cinit
20000000    20000000    0000019e   00000000    rw-
  20000000    20000000    00000196   00000000    rw- .data
  20000198    20000198    00000006   00000000    rw- .bss
2000fe00    2000fe00    00000200   00000000    rw-
  2000fe00    2000fe00    00000200   00000000    rw- .stack


SECTION ALLOCATION MAP

 output                                  attributes/
section   page    origin      length       input sections
--------  ----  ----------  ----------   ----------------
.intvecs   0    00000000    000000e4     
                  00000000    000000e4     startup_msp432p401r_ccs.obj (.intvecs:retain)

.text      0    000000e4    0000086a     
                  000000e4    00000334     system_msp432p401r.obj (.text)
                  00000418    000000d4     main.obj (.text)
                  000004ec    000000a4     receiveByte.obj (.text)
                  00000590    0000009c     rtsv7M4_T_le_v4SPD16_eabi.lib : memcpy_t2.asm.obj (.text)
                  0000062c    0000007c     sendByte.obj (.text)
                  000006a8    00000068     rtsv7M4_T_le_v4SPD16_eabi.lib : copy_decompress_lzss.c.obj (.text:decompress:lzss:__TI_decompress_lzss)
                  00000710    00000060     uartInit.obj (.text)
                  00000770    00000044     rtsv7M4_T_le_v4SPD16_eabi.lib : autoinit.c.obj (.text:__TI_auto_init_nobinit_nopinit:__TI_auto_init_nobinit_nopinit)
                  000007b4    0000003c     putstr.obj (.text)
                  000007f0    00000034     rtsv7M4_T_le_v4SPD16_eabi.lib : boot_cortex_m.c.obj (.text:_c_int00_noargs:_c_int00_noargs)
                  00000824    00000034     pinInit.obj (.text)
                  00000858    00000034     startBit.obj (.text)
                  0000088c    00000034     stopBit.obj (.text)
                  000008c0    00000032     read.obj (.text)
                  000008f2    0000001c     rtsv7M4_T_le_v4SPD16_eabi.lib : copy_zero_init.c.obj (.text:decompress:ZI:__TI_zero_init_nomemset:__TI_zero_init_nomemset)
                  0000090e    0000001c     write.obj (.text)
                  0000092a    0000000e     rtsv7M4_T_le_v4SPD16_eabi.lib : copy_decompress_none.c.obj (.text:decompress:none:__TI_decompress_none)
                  00000938    0000000e     startup_msp432p401r_ccs.obj (.text)
                  00000946    00000004     rtsv7M4_T_le_v4SPD16_eabi.lib : pre_init.c.obj (.text:_system_pre_init)
                  0000094a    00000004                                   : exit.c.obj (.text:abort:abort)

.cinit     0    00000950    00000098     
                  00000950    00000074     (.cinit..data.load) [load image, compression = lzss]
                  000009c4    0000000c     (__TI_handler_table)
                  000009d0    00000008     (.cinit..bss.load) [load image, compression = zero_init]
                  000009d8    00000010     (__TI_cinit_table)

.init_array 
*          0    00000000    00000000     UNINITIALIZED

.binit     0    00000000    00000000     

.data      0    20000000    00000196     UNINITIALIZED
                  20000000    00000190     main.obj (.data:messages)
                  20000190    00000004     system_msp432p401r.obj (.data)
                  20000194    00000002     main.obj (.data:newLine)

.bss       0    20000198    00000006     UNINITIALIZED
                  20000198    00000004     (.common:i)
                  2000019c    00000002     (.common:x)

.stack     0    2000fe00    00000200     UNINITIALIZED
                  2000fe00    00000004     rtsv7M4_T_le_v4SPD16_eabi.lib : boot_cortex_m.c.obj (.stack)
                  2000fe04    000001fc     --HOLE--

MODULE SUMMARY

       Module                        code   ro data   rw data
       ------                        ----   -------   -------
    .\
       main.obj                      212    0         816    
       system_msp432p401r.obj        820    0         8      
       startup_msp432p401r_ccs.obj   14     228       0      
       receiveByte.obj               164    0         0      
       sendByte.obj                  124    0         0      
       uartInit.obj                  96     0         0      
       putstr.obj                    60     0         0      
       pinInit.obj                   52     0         0      
       startBit.obj                  52     0         0      
       stopBit.obj                   52     0         0      
       read.obj                      50     0         0      
       write.obj                     28     0         0      
    +--+-----------------------------+------+---------+---------+
       Total:                        1724   228       824    
                                                             
    C:\ti\ccs910\ccs\tools\compiler\ti-cgt-arm_18.12.2.LTS\lib\rtsv7M4_T_le_v4SPD16_eabi.lib
       memcpy_t2.asm.obj             156    0         0      
       copy_decompress_lzss.c.obj    104    0         0      
       autoinit.c.obj                68     0         0      
       boot_cortex_m.c.obj           52     0         0      
       copy_zero_init.c.obj          28     0         0      
       copy_decompress_none.c.obj    14     0         0      
       exit.c.obj                    4      0         0      
       pre_init.c.obj                4      0         0      
    +--+-----------------------------+------+---------+---------+
       Total:                        430    0         0      
                                                             
       Stack:                        0      0         1024   
       Linker Generated:             0      152       0      
    +--+-----------------------------+------+---------+---------+
       Grand Total:                  2154   380       1848   


LINKER GENERATED COPY TABLES

__TI_cinit_table @ 000009d8 records: 2, size/record: 8, table size: 16
	.data: load addr=00000950, load size=00000074 bytes, run addr=20000000, run size=00000196 bytes, compression=lzss
	.bss: load addr=000009d0, load size=00000008 bytes, run addr=20000198, run size=00000006 bytes, compression=zero_init


LINKER GENERATED HANDLER TABLE

__TI_handler_table @ 000009c4 records: 3, size/record: 4, table size: 12
	index: 0, handler: __TI_decompress_lzss
	index: 1, handler: __TI_decompress_none
	index: 2, handler: __TI_zero_init


GLOBAL SYMBOLS: SORTED ALPHABETICALLY BY Name 

address   name                          
-------   ----                          
00000945  ADC14_IRQHandler              
00000945  AES256_IRQHandler             
00000945  BusFault_Handler              
0000094b  C$$EXIT                       
00000945  COMP_E0_IRQHandler            
00000945  COMP_E1_IRQHandler            
00000945  CS_IRQHandler                 
00000945  DMA_ERR_IRQHandler            
00000945  DMA_INT0_IRQHandler           
00000945  DMA_INT1_IRQHandler           
00000945  DMA_INT2_IRQHandler           
00000945  DMA_INT3_IRQHandler           
00000945  DebugMon_Handler              
00000945  Default_Handler               
000004a7  EUSCIA0_IRQHandler            
000004a7  EUSCIA0_IRQHandler            
00000945  EUSCIA1_IRQHandler            
00000945  EUSCIA2_IRQHandler            
00000945  EUSCIA3_IRQHandler            
00000945  EUSCIB0_IRQHandler            
00000945  EUSCIB1_IRQHandler            
00000945  EUSCIB2_IRQHandler            
00000945  EUSCIB3_IRQHandler            
00000945  FLCTL_IRQHandler              
00000945  FPU_IRQHandler                
00000945  HardFault_Handler             
00000945  MemManage_Handler             
00000945  NMI_Handler                   
00000945  PCM_IRQHandler                
00000945  PORT1_IRQHandler              
00000945  PORT2_IRQHandler              
00000945  PORT3_IRQHandler              
00000945  PORT4_IRQHandler              
00000945  PORT5_IRQHandler              
00000945  PORT6_IRQHandler              
00000945  PSS_IRQHandler                
00000945  PendSV_Handler                
00000945  RTC_C_IRQHandler              
00000939  Reset_Handler                 
00000945  SVC_Handler                   
00000945  SysTick_Handler               
20000190  SystemCoreClock               
000000e5  SystemCoreClockUpdate         
0000035d  SystemInit                    
00000945  T32_INT1_IRQHandler           
00000945  T32_INT2_IRQHandler           
00000945  T32_INTC_IRQHandler           
00000945  TA0_0_IRQHandler              
00000945  TA0_N_IRQHandler              
00000945  TA1_0_IRQHandler              
00000945  TA1_N_IRQHandler              
00000945  TA2_0_IRQHandler              
00000945  TA2_N_IRQHandler              
00000945  TA3_0_IRQHandler              
00000945  TA3_N_IRQHandler              
00000945  UsageFault_Handler            
4000480c  WDTCTL_SYM                    
00000945  WDT_A_IRQHandler              
20010000  __STACK_END                   
00000200  __STACK_SIZE                  
000009d8  __TI_CINIT_Base               
000009e8  __TI_CINIT_Limit              
000009c4  __TI_Handler_Table_Base       
000009d0  __TI_Handler_Table_Limit      
00000771  __TI_auto_init_nobinit_nopinit
000006a9  __TI_decompress_lzss          
0000092b  __TI_decompress_none          
ffffffff  __TI_pprof_out_hndl           
ffffffff  __TI_prof_data_size           
ffffffff  __TI_prof_data_start          
00000000  __TI_static_base__            
000008f3  __TI_zero_init_nomemset       
00000591  __aeabi_memcpy                
00000591  __aeabi_memcpy4               
00000591  __aeabi_memcpy8               
ffffffff  __binit__                     
ffffffff  __c_args__                    
UNDEFED   __mpu_init                    
2000fe00  __stack                       
000007f1  _c_int00_noargs               
UNDEFED   _system_post_cinit            
00000947  _system_pre_init              
0000094b  abort                         
ffffffff  binit                         
20000198  i                             
00000000  interruptVectors              
00000419  main                          
00000591  memcpy                        
20000000  messages                      
20000194  newLine                       
00000825  pinInit                       
000007b5  putstr                        
000008c1  read                          
000004ed  receiveByte                   
0000062d  sendByte                      
00000859  startBit                      
0000088d  stopBit                       
00000711  uartInit                      
0000090f  write                         
2000019c  x                             


GLOBAL SYMBOLS: SORTED BY Symbol Address 

address   name                          
-------   ----                          
00000000  __TI_static_base__            
00000000  interruptVectors              
000000e5  SystemCoreClockUpdate         
00000200  __STACK_SIZE                  
0000035d  SystemInit                    
00000419  main                          
000004a7  EUSCIA0_IRQHandler            
000004a7  EUSCIA0_IRQHandler            
000004ed  receiveByte                   
00000591  __aeabi_memcpy                
00000591  __aeabi_memcpy4               
00000591  __aeabi_memcpy8               
00000591  memcpy                        
0000062d  sendByte                      
000006a9  __TI_decompress_lzss          
00000711  uartInit                      
00000771  __TI_auto_init_nobinit_nopinit
000007b5  putstr                        
000007f1  _c_int00_noargs               
00000825  pinInit                       
00000859  startBit                      
0000088d  stopBit                       
000008c1  read                          
000008f3  __TI_zero_init_nomemset       
0000090f  write                         
0000092b  __TI_decompress_none          
00000939  Reset_Handler                 
00000945  ADC14_IRQHandler              
00000945  AES256_IRQHandler             
00000945  BusFault_Handler              
00000945  COMP_E0_IRQHandler            
00000945  COMP_E1_IRQHandler            
00000945  CS_IRQHandler                 
00000945  DMA_ERR_IRQHandler            
00000945  DMA_INT0_IRQHandler           
00000945  DMA_INT1_IRQHandler           
00000945  DMA_INT2_IRQHandler           
00000945  DMA_INT3_IRQHandler           
00000945  DebugMon_Handler              
00000945  Default_Handler               
00000945  EUSCIA1_IRQHandler            
00000945  EUSCIA2_IRQHandler            
00000945  EUSCIA3_IRQHandler            
00000945  EUSCIB0_IRQHandler            
00000945  EUSCIB1_IRQHandler            
00000945  EUSCIB2_IRQHandler            
00000945  EUSCIB3_IRQHandler            
00000945  FLCTL_IRQHandler              
00000945  FPU_IRQHandler                
00000945  HardFault_Handler             
00000945  MemManage_Handler             
00000945  NMI_Handler                   
00000945  PCM_IRQHandler                
00000945  PORT1_IRQHandler              
00000945  PORT2_IRQHandler              
00000945  PORT3_IRQHandler              
00000945  PORT4_IRQHandler              
00000945  PORT5_IRQHandler              
00000945  PORT6_IRQHandler              
00000945  PSS_IRQHandler                
00000945  PendSV_Handler                
00000945  RTC_C_IRQHandler              
00000945  SVC_Handler                   
00000945  SysTick_Handler               
00000945  T32_INT1_IRQHandler           
00000945  T32_INT2_IRQHandler           
00000945  T32_INTC_IRQHandler           
00000945  TA0_0_IRQHandler              
00000945  TA0_N_IRQHandler              
00000945  TA1_0_IRQHandler              
00000945  TA1_N_IRQHandler              
00000945  TA2_0_IRQHandler              
00000945  TA2_N_IRQHandler              
00000945  TA3_0_IRQHandler              
00000945  TA3_N_IRQHandler              
00000945  UsageFault_Handler            
00000945  WDT_A_IRQHandler              
00000947  _system_pre_init              
0000094b  C$$EXIT                       
0000094b  abort                         
000009c4  __TI_Handler_Table_Base       
000009d0  __TI_Handler_Table_Limit      
000009d8  __TI_CINIT_Base               
000009e8  __TI_CINIT_Limit              
20000000  messages                      
20000190  SystemCoreClock               
20000194  newLine                       
20000198  i                             
2000019c  x                             
2000fe00  __stack                       
20010000  __STACK_END                   
4000480c  WDTCTL_SYM                    
ffffffff  __TI_pprof_out_hndl           
ffffffff  __TI_prof_data_size           
ffffffff  __TI_prof_data_start          
ffffffff  __binit__                     
ffffffff  __c_args__                    
ffffffff  binit                         
UNDEFED   __mpu_init                    
UNDEFED   _system_post_cinit            

[100 symbols]
